Component: ARM Compiler 5.06 update 5 (build 528) Tool: armlink [4d35e2]

==============================================================================

Section Cross References

    startup_stm32h743xx.o(STACK) refers (Special) to heapauxi.o(.text) for __use_two_region_memory
    startup_stm32h743xx.o(HEAP) refers (Special) to heapauxi.o(.text) for __use_two_region_memory
    startup_stm32h743xx.o(RESET) refers (Special) to heapauxi.o(.text) for __use_two_region_memory
    startup_stm32h743xx.o(RESET) refers to startup_stm32h743xx.o(STACK) for __initial_sp
    startup_stm32h743xx.o(RESET) refers to startup_stm32h743xx.o(.text) for Reset_Handler
    startup_stm32h743xx.o(RESET) refers to stm32h7xx_it.o(i.NMI_Handler) for NMI_Handler
    startup_stm32h743xx.o(RESET) refers to stm32h7xx_it.o(i.HardFault_Handler) for HardFault_Handler
    startup_stm32h743xx.o(RESET) refers to stm32h7xx_it.o(i.MemManage_Handler) for MemManage_Handler
    startup_stm32h743xx.o(RESET) refers to stm32h7xx_it.o(i.BusFault_Handler) for BusFault_Handler
    startup_stm32h743xx.o(RESET) refers to stm32h7xx_it.o(i.UsageFault_Handler) for UsageFault_Handler
    startup_stm32h743xx.o(RESET) refers to port.o(.emb_text) for SVC_Handler
    startup_stm32h743xx.o(RESET) refers to stm32h7xx_it.o(i.DebugMon_Handler) for DebugMon_Handler
    startup_stm32h743xx.o(RESET) refers to port.o(i.SysTick_Handler) for SysTick_Handler
    startup_stm32h743xx.o(RESET) refers to stm32h7xx_it.o(i.EXTI0_IRQHandler) for EXTI0_IRQHandler
    startup_stm32h743xx.o(RESET) refers to stm32h7xx_it.o(i.EXTI1_IRQHandler) for EXTI1_IRQHandler
    startup_stm32h743xx.o(RESET) refers to stm32h7xx_it.o(i.EXTI2_IRQHandler) for EXTI2_IRQHandler
    startup_stm32h743xx.o(RESET) refers to stm32h7xx_it.o(i.TIM7_IRQHandler) for TIM7_IRQHandler
    startup_stm32h743xx.o(.text) refers (Special) to heapauxi.o(.text) for __use_two_region_memory
    startup_stm32h743xx.o(.text) refers to system_stm32h7xx.o(i.ExitRun0Mode) for ExitRun0Mode
    startup_stm32h743xx.o(.text) refers to system_stm32h7xx.o(i.SystemInit) for SystemInit
    startup_stm32h743xx.o(.text) refers to __main.o(!!!main) for __main
    startup_stm32h743xx.o(.text) refers to startup_stm32h743xx.o(HEAP) for Heap_Mem
    startup_stm32h743xx.o(.text) refers to startup_stm32h743xx.o(STACK) for Stack_Mem
    main.o(i.HAL_TIM_PeriodElapsedCallback) refers to stm32h7xx_hal.o(i.HAL_IncTick) for HAL_IncTick
    main.o(i.SystemClock_Config) refers to rt_memclr_w.o(.text) for __aeabi_memclr4
    main.o(i.SystemClock_Config) refers to stm32h7xx_hal_pwr_ex.o(i.HAL_PWREx_ConfigSupply) for HAL_PWREx_ConfigSupply
    main.o(i.SystemClock_Config) refers to stm32h7xx_hal_rcc.o(i.HAL_RCC_OscConfig) for HAL_RCC_OscConfig
    main.o(i.SystemClock_Config) refers to stm32h7xx_hal_rcc.o(i.HAL_RCC_ClockConfig) for HAL_RCC_ClockConfig
    main.o(i.main) refers to stm32h7xx_hal_cortex.o(i.HAL_MPU_Disable) for HAL_MPU_Disable
    main.o(i.main) refers to stm32h7xx_hal_cortex.o(i.HAL_MPU_ConfigRegion) for HAL_MPU_ConfigRegion
    main.o(i.main) refers to stm32h7xx_hal_cortex.o(i.HAL_MPU_Enable) for HAL_MPU_Enable
    main.o(i.main) refers to stm32h7xx_hal.o(i.HAL_Init) for HAL_Init
    main.o(i.main) refers to main.o(i.SystemClock_Config) for SystemClock_Config
    main.o(i.main) refers to gpio.o(i.MX_GPIO_Init) for MX_GPIO_Init
    main.o(i.main) refers to usart.o(i.MX_USART2_UART_Init) for MX_USART2_UART_Init
    main.o(i.main) refers to usart.o(i.MX_USART1_UART_Init) for MX_USART1_UART_Init
    main.o(i.main) refers to i2c.o(i.MX_I2C1_Init) for MX_I2C1_Init
    main.o(i.main) refers to tim.o(i.MX_TIM2_Init) for MX_TIM2_Init
    main.o(i.main) refers to tim.o(i.MX_TIM3_Init) for MX_TIM3_Init
    main.o(i.main) refers to mygpio.o(i.MY_GPIO_Init) for MY_GPIO_Init
    main.o(i.main) refers to stm32h7xx_hal.o(i.HAL_Delay) for HAL_Delay
    main.o(i.main) refers to oled.o(i.OLED_Init) for OLED_Init
    main.o(i.main) refers to stm32h7xx_hal_tim.o(i.HAL_TIM_PWM_Start) for HAL_TIM_PWM_Start
    main.o(i.main) refers to encoder.o(i.Encoder_Init) for Encoder_Init
    main.o(i.main) refers to motor.o(i.Motor_Forward) for Motor_Forward
    main.o(i.main) refers to freertos.o(i.MX_FREERTOS_Init) for MX_FREERTOS_Init
    main.o(i.main) refers to cmsis_os.o(i.osKernelStart) for osKernelStart
    main.o(i.main) refers to tim.o(.bss) for htim2
    gpio.o(i.MX_GPIO_Init) refers to rt_memclr_w.o(.text) for __aeabi_memclr4
    gpio.o(i.MX_GPIO_Init) refers to stm32h7xx_hal_gpio.o(i.HAL_GPIO_WritePin) for HAL_GPIO_WritePin
    gpio.o(i.MX_GPIO_Init) refers to stm32h7xx_hal_gpio.o(i.HAL_GPIO_Init) for HAL_GPIO_Init
    gpio.o(i.MX_GPIO_Init) refers to stm32h7xx_hal_cortex.o(i.HAL_NVIC_SetPriority) for HAL_NVIC_SetPriority
    gpio.o(i.MX_GPIO_Init) refers to stm32h7xx_hal_cortex.o(i.HAL_NVIC_EnableIRQ) for HAL_NVIC_EnableIRQ
    freertos.o(i.MX_FREERTOS_Init) refers to rt_memcpy_w.o(.text) for __aeabi_memcpy4
[...]
    xYieldPending                            0x24000088   Data           4  tasks.o(.data)
    xNumOfOverflows                          0x2400008c   Data           4  tasks.o(.data)
    uxTaskNumber                             0x24000090   Data           4  tasks.o(.data)
    xNextTaskUnblockTime                     0x24000094   Data           4  tasks.o(.data)
    xIdleTaskHandle                          0x24000098   Data           4  tasks.o(.data)
    uxSchedulerSuspended                     0x2400009c   Data           4  tasks.o(.data)
    pxDelayedTaskList                        0x240000a0   Data           4  tasks.o(.data)
    pxOverflowDelayedTaskList                0x240000a4   Data           4  tasks.o(.data)
    .data                                    0x240000a8   Section       32  heap_4.o(.data)
    pxEnd                                    0x240000a8   Data           4  heap_4.o(.data)
    xFreeBytesRemaining                      0x240000ac   Data           4  heap_4.o(.data)
    xMinimumEverFreeBytesRemaining           0x240000b0   Data           4  heap_4.o(.data)
    xNumberOfSuccessfulAllocations           0x240000b4   Data           4  heap_4.o(.data)
    xNumberOfSuccessfulFrees                 0x240000b8   Data           4  heap_4.o(.data)
    xBlockAllocatedBit                       0x240000bc   Data           4  heap_4.o(.data)
    xStart                                   0x240000c0   Data           8  heap_4.o(.data)
    .data                                    0x240000c8   Section       12  port.o(.data)
    ucMaxSysCallPriority                     0x240000c8   Data           1  port.o(.data)
    uxCriticalNesting                        0x240000cc   Data           4  port.o(.data)
    ulMaxPRIGROUPValue                       0x240000d0   Data           4  port.o(.data)
    .bss                                     0x240000d4   Section      596  freertos.o(.bss)
    xIdleTaskTCBBuffer                       0x240000d4   Data          84  freertos.o(.bss)
    xIdleStack                               0x24000128   Data         512  freertos.o(.bss)
    .bss                                     0x24000328   Section       84  i2c.o(.bss)
    .bss                                     0x2400037c   Section      152  tim.o(.bss)
    .bss                                     0x24000414   Section      296  usart.o(.bss)
    .bss                                     0x2400053c   Section       76  stm32h7xx_hal_timebase_tim.o(.bss)
    .bss                                     0x24000588   Section     1153  oled.o(.bss)
    sendBuffer                               0x24000588   Data         129  oled.o(.bss)
    .bss                                     0x24000a0c   Section      240  tasks.o(.bss)
    pxReadyTasksLists                        0x24000a0c   Data         140  tasks.o(.bss)
    xDelayedTaskList1                        0x24000a98   Data          20  tasks.o(.bss)
    xDelayedTaskList2                        0x24000aac   Data          20  tasks.o(.bss)
    xPendingReadyList                        0x24000ac0   Data          20  tasks.o(.bss)
    xTasksWaitingTermination                 0x24000ad4   Data          20  tasks.o(.bss)
    xSuspendedTaskList                       0x24000ae8   Data          20  tasks.o(.bss)
    .bss                                     0x24000afc   Section    15360  heap_4.o(.bss)
    ucHeap                                   0x24000afc   Data       15360  heap_4.o(.bss)
    .bss                                     0x240046fc   Section       96  libspace.o(.bss)
    HEAP                                     0x24004760   Section      512  startup_stm32h743xx.o(HEAP)
    Heap_Mem                                 0x24004760   Data         512  startup_stm32h743xx.o(HEAP)
    STACK                                    0x24004960   Section     1024  startup_stm32h743xx.o(STACK)
    Stack_Mem                                0x24004960   Data        1024  startup_stm32h743xx.o(STACK)
    __initial_sp                             0x24004d60   Data           0  startup_stm32h743xx.o(STACK)

    Global Symbols

    Symbol Name                              Value     Ov Type        Size  Object(Section)

    BuildAttributes$$THM_ISAv4$E$P$D$K$B$S$7EM$VFPv5_D16$PE$PLD8$A:L22UL41UL21$X:L11$S22US41US21$IEEE1$IW$USESV6$~STKCKD$USESV7$~SHL$OTIME$ROPI$IEEEJ$EBA8$UX$STANDARDLIB$REQ8$PRES8$EABIv2 0x00000000   Number         0  anon$$obj.o ABSOLUTE
    __ARM_use_no_argv                        0x00000000   Number         0  main.o ABSOLUTE
    _printf_flags                            0x00000000   Number         0  printf_stubs.o ABSOLUTE
    _printf_return_value                     0x00000000   Number         0  printf_stubs.o ABSOLUTE
    _printf_sizespec                         0x00000000   Number         0  printf_stubs.o ABSOLUTE
    _printf_widthprec                        0x00000000   Number         0  printf_stubs.o ABSOLUTE
    __ARM_exceptions_init                     - Undefined Weak Reference
    __alloca_initialize                       - Undefined Weak Reference
    __arm_preinit_                            - Undefined Weak Reference
    __cpp_initialize__aeabi_                  - Undefined Weak Reference
    __cxa_finalize                            - Undefined Weak Reference
    __sigvec_lookup                           - Undefined Weak Reference
    _atexit_init                              - Undefined Weak Reference
    _call_atexit_fns                          - Undefined Weak Reference
    _clock_init                               - Undefined Weak Reference
    _fp_trap_init                             - Undefined Weak Reference
    _fp_trap_shutdown                         - Undefined Weak Reference
    _get_lc_collate                           - Undefined Weak Reference
    _get_lc_ctype                             - Undefined Weak Reference
    _get_lc_monetary                          - Undefined Weak Reference
    _get_lc_time                              - Undefined Weak Reference
    _getenv_init                              - Undefined Weak Reference
    _handle_redirection                       - Undefined Weak Reference
    _init_alloc                               - Undefined Weak Reference
    _init_user_alloc                          - Undefined Weak Reference
    _initio                                   - Undefined Weak Reference
    _printf_post_padding                      - Undefined Weak Reference
    _printf_pre_padding                       - Undefined Weak Reference
    _printf_truncate_signed                   - Undefined Weak Reference
    _printf_truncate_unsigned                 - Undefined Weak Reference
    _rand_init                                - Undefined Weak Reference
    _signal_finish                            - Undefined Weak Reference
    _signal_init                              - Undefined Weak Reference
    _terminate_alloc                          - Undefined Weak Reference
    _terminate_user_alloc                     - Undefined Weak Reference
    _terminateio                              - Undefined Weak Reference
    __Vectors_Size                           0x00000298   Number         0  startup_stm32h743xx.o ABSOLUTE
    __Vectors                                0x08000000   Data           4  startup_stm32h743xx.o(RESET)
    __Vectors_End                            0x08000298   Data           0  startup_stm32h743xx.o(RESET)
    __main                                   0x08000299   Thumb Code     8  __main.o(!!!main)
    __scatterload                            0x080002a1   Thumb Code     0  __scatter.o(!!!scatter)
    __scatterload_rt2                        0x080002a1   Thumb Code    44  __scatter.o(!!!scatter)
    __scatterload_rt2_thumb_only             0x080002a1   Thumb Code     0  __scatter.o(!!!scatter)
    __scatterload_null                       0x080002af   Thumb Code     0  __scatter.o(!!!scatter)
    __scatterload_copy                       0x080002d5   Thumb Code    26  __scatter_copy.o(!!handler_copy)
    __scatterload_zeroinit                   0x080002f1   Thumb Code    28  __scatter_zi.o(!!handler_zi)
    _printf_f                                0x0800030d   Thumb Code     0  _printf_f.o(.ARM.Collect$$_printf_percent$$00000003)
    _printf_percent                          0x0800030d   Thumb Code     0  _printf_percent.o(.ARM.Collect$$_printf_percent$$00000000)
    _printf_d                                0x08000313   Thumb Code     0  _printf_d.o(.ARM.Collect$$_printf_percent$$00000009)
    _printf_percent_end                      0x08000319   Thumb Code     0  _printf_percent_end.o(.ARM.Collect$$_printf_percent$$00000017)
    __rt_lib_init                            0x0800031d   Thumb Code     0  libinit.o(.ARM.Collect$$libinit$$00000000)
    __rt_lib_init_fp_1                       0x0800031f   Thumb Code     0  libinit2.o(.ARM.Collect$$libinit$$00000001)
    __rt_lib_init_heap_1                     0x08000323   Thumb Code     0  libinit2.o(.ARM.Collect$$libinit$$0000000A)
    __rt_lib_init_lc_common                  0x08000323   Thumb Code     0  libinit2.o(.ARM.Collect$$libinit$$0000000F)
    __rt_lib_init_preinit_1                  0x08000323   Thumb Code     0  libinit2.o(.ARM.Collect$$libinit$$00000004)
    __rt_lib_init_rand_1                     0x08000323   Thumb Code     0  libinit2.o(.ARM.Collect$$libinit$$0000000E)
    __rt_lib_init_user_alloc_1               0x08000323   Thumb Code     0  libinit2.o(.ARM.Collect$$libinit$$0000000C)
    __rt_lib_init_lc_collate_1               0x08000329   Thumb Code     0  libinit2.o(.ARM.Collect$$libinit$$00000011)
    __rt_lib_init_lc_ctype_1                 0x08000329   Thumb Code     0  libinit2.o(.ARM.Collect$$libinit$$00000013)
    __rt_lib_init_lc_monetary_1              0x08000329   Thumb Code     0  libinit2.o(.ARM.Collect$$libinit$$00000015)
    __rt_lib_init_lc_numeric_2               0x08000329   Thumb Code     0  libinit2.o(.ARM.Collect$$libinit$$00000016)
    __rt_lib_init_alloca_1                   0x08000333   Thumb Code     0  libinit2.o(.ARM.Collect$$libinit$$0000002E)
    __rt_lib_init_argv_1                     0x08000333   Thumb Code     0  libinit2.o(.ARM.Collect$$libinit$$0000002C)
    __rt_lib_init_atexit_1                   0x08000333   Thumb Code     0  libinit2.o(.ARM.Collect$$libinit$$0000001B)
    __rt_lib_init_clock_1                    0x08000333   Thumb Code     0  libinit2.o(.ARM.Collect$$libinit$$00000021)
    __rt_lib_init_cpp_1                      0x08000333   Thumb Code     0  libinit2.o(.ARM.Collect$$libinit$$00000032)
    __rt_lib_init_exceptions_1               0x08000333   Thumb Code     0  libinit2.o(.ARM.Collect$$libinit$$00000030)
    __rt_lib_init_fp_trap_1                  0x08000333   Thumb Code     0  libinit2.o(.ARM.Collect$$libinit$$0000001F)
    __rt_lib_init_getenv_1                   0x08000333   Thumb Code     0  libinit2.o(.ARM.Collect$$libinit$$00000023)
    __rt_lib_init_lc_numeric_1               0x08000333   Thumb Code     0  libinit2.o(.ARM.Collect$$libinit$$00000017)
    __rt_lib_init_lc_time_1                  0x08000333   Thumb Code     0  libinit2.o(.ARM.Collect$$libinit$$00000019)
    __rt_lib_init_return                     0x08000333   Thumb Code     0  libinit2.o(.ARM.Collect$$libinit$$00000033)
    __rt_lib_init_signal_1                   0x08000333   Thumb Code     0  libinit2.o(.ARM.Collect$$libinit$$0000001D)
    __rt_lib_init_stdio_1                    0x08000333   Thumb Code     0  libinit2.o(.ARM.Collect$$libinit$$00000025)
    __rt_lib_shutdown                        0x08000335   Thumb Code     0  libshutdown.o(.ARM.Collect$$libshutdown$$00000000)
    __rt_lib_shutdown_cpp_1                  0x08000337   Thumb Code     0  libshutdown2.o(.ARM.Collect$$libshutdown$$00000002)
    __rt_lib_shutdown_fp_trap_1              0x08000337   Thumb Code     0  libshutdown2.o(.ARM.Collect$$libshutdown$$00000007)
    __rt_lib_shutdown_heap_1                 0x08000337   Thumb Code     0  libshutdown2.o(.ARM.Collect$$libshutdown$$0000000F)
    __rt_lib_shutdown_return                 0x08000337   Thumb Code     0  libshutdown2.o(.ARM.Collect$$libshutdown$$00000010)
    __rt_lib_shutdown_signal_1               0x08000337   Thumb Code     0  libshutdown2.o(.ARM.Collect$$libshutdown$$0000000A)
    __rt_lib_shutdown_stdio_1                0x08000337   Thumb Code     0  libshutdown2.o(.ARM.Collect$$libshutdown$$00000004)
    __rt_lib_shutdown_user_alloc_1           0x08000337   Thumb Code     0  libshutdown2.o(.ARM.Collect$$libshutdown$$0000000C)
    __rt_entry                               0x08000339   Thumb Code     0  __rtentry.o(.ARM.Collect$$rtentry$$00000000)
    __rt_entry_presh_1                       0x08000339   Thumb Code     0  __rtentry2.o(.ARM.Collect$$rtentry$$00000002)
    __rt_entry_sh                            0x08000339   Thumb Code     0  __rtentry4.o(.ARM.Collect$$rtentry$$00000004)
    __rt_entry_li                            0x0800033f   Thumb Code     0  __rtentry2.o(.ARM.Collect$$rtentry$$0000000A)
    __rt_entry_postsh_1                      0x0800033f   Thumb Code     0  __rtentry2.o(.ARM.Collect$$rtentry$$00000009)
    __rt_entry_main                          0x08000343   Thumb Code     0  __rtentry2.o(.ARM.Collect$$rtentry$$0000000D)
    __rt_entry_postli_1                      0x08000343   Thumb Code     0  __rtentry2.o(.ARM.Collect$$rtentry$$0000000C)
    __rt_exit                                0x0800034b   Thumb Code     0  rtexit.o(.ARM.Collect$$rtexit$$00000000)
    __rt_exit_ls                             0x0800034d   Thumb Code     0  rtexit2.o(.ARM.Collect$$rtexit$$00000003)
    __rt_exit_prels_1                        0x0800034d   Thumb Code     0  rtexit2.o(.ARM.Collect$$rtexit$$00000002)
    __rt_exit_exit                           0x08000351   Thumb Code     0  rtexit2.o(.ARM.Collect$$rtexit$$00000004)
    SVC_Handler                              0x08000359   Thumb Code    28  port.o(.emb_text)
    __asm___6_port_c_39a90d8d__prvStartFirstTask 0x08000379   Thumb Code    36  port.o(.emb_text)
    __asm___6_port_c_39a90d8d__prvEnableVFP  0x080003a1   Thumb Code    16  port.o(.emb_text)
    PendSV_Handler                           0x080003b5   Thumb Code    88  port.o(.emb_text)
    vPortGetIPSR                             0x08000411   Thumb Code     6  port.o(.emb_text)
    Reset_Handler                            0x08000419   Thumb Code    12  startup_stm32h743xx.o(.text)
    ADC3_IRQHandler                          0x08000437   Thumb Code     0  startup_stm32h743xx.o(.text)
    ADC_IRQHandler                           0x08000437   Thumb Code     0  startup_stm32h743xx.o(.text)
    BDMA_Channel0_IRQHandler                 0x08000437   Thumb Code     0  startup_stm32h743xx.o(.text)
    BDMA_Channel1_IRQHandler                 0x08000437   Thumb Code     0  startup_stm32h743xx.o(.text)
    BDMA_Channel2_IRQHandler                 0x08000437   Thumb Code     0  startup_stm32h743xx.o(.text)
    BDMA_Channel3_IRQHandler                 0x08000437   Thumb Code     0  startup_stm32h743xx.o(.text)
    BDMA_Channel4_IRQHandler                 0x08000437   Thumb Code     0  startup_stm32h743xx.o(.text)
    BDMA_Channel5_IRQHandler                 0x08000437   Thumb Code     0  startup_stm32h743xx.o(.text)
    BDMA_Channel6_IRQHandler                 0x08000437   Thumb Code     0  startup_stm32h743xx.o(.text)
    BDMA_Channel7_IRQHandler                 0x08000437   Thumb Code     0  startup_stm32h743xx.o(.text)
    CEC_IRQHandler                           0x08000437   Thumb Code     0  startup_stm32h743xx.o(.text)
    COMP1_IRQHandler                         0x08000437   Thumb Code     0  startup_stm32h743xx.o(.text)
    CRS_IRQHandler                           0x08000437   Thumb Code     0  startup_stm32h743xx.o(.text)
    DCMI_IRQHandler                          0x08000437   Thumb Code     0  startup_stm32h743xx.o(.text)
    DFSDM1_FLT0_IRQHandler                   0x08000437   Thumb Code     0  startup_stm32h743xx.o(.text)
    DFSDM1_FLT1_IRQHandler                   0x08000437   Thumb Code     0  startup_stm32h743xx.o(.text)
    DFSDM1_FLT2_IRQHandler                   0x08000437   Thumb Code     0  startup_stm32h743xx.o(.text)
    DFSDM1_FLT3_IRQHandler                   0x08000437   Thumb Code     0  startup_stm32h743xx.o(.text)
    DMA1_Stream0_IRQHandler                  0x08000437   Thumb Code     0  startup_stm32h743xx.o(.text)
    DMA1_Stream1_IRQHandler                  0x08000437   Thumb Code     0  startup_stm32h743xx.o(.text)
    DMA1_Stream2_IRQHandler                  0x08000437   Thumb Code     0  startup_stm32h743xx.o(.text)
    DMA1_Stream3_IRQHandler                  0x08000437   Thumb Code     0  startup_stm32h743xx.o(.text)
    DMA1_Stream4_IRQHandler                  0x08000437   Thumb Code     0  startup_stm32h743xx.o(.text)
    DMA1_Stream5_IRQHandler                  0x08000437   Thumb Code     0  startup_stm32h743xx.o(.text)
    DMA1_Stream6_IRQHandler                  0x08000437   Thumb Code     0  startup_stm32h743xx.o(.text)
    DMA1_Stream7_IRQHandler                  0x08000437   Thumb Code     0  startup_stm32h743xx.o(.text)
    DMA2D_IRQHandler                         0x08000437   Thumb Code     0  startup_stm32h743xx.o(.text)
    DMA2_Stream0_IRQHandler                  0x08000437   Thumb Code     0  startup_stm32h743xx.o(.text)
    DMA2_Stream1_IRQHandler                  0x08000437   Thumb Code     0  startup_stm32h743xx.o(.text)
    DMA2_Stream2_IRQHandler                  0x08000437   Thumb Code     0  startup_stm32h743xx.o(.text)
    DMA2_Stream3_IRQHandler                  0x08000437   Thumb Code     0  startup_stm32h743xx.o(.text)
    DMA2_Stream4_IRQHandler                  0x08000437   Thumb Code     0  startup_stm32h743xx.o(.text)
    DMA2_Stream5_IRQHandler                  0x08000437   Thumb Code     0  startup_stm32h743xx.o(.text)
    DMA2_Stream6_IRQHandler                  0x08000437   Thumb Code     0  startup_stm32h743xx.o(.text)
    DMA2_Stream7_IRQHandler                  0x08000437   Thumb Code     0  startup_stm32h743xx.o(.text)
    DMAMUX1_OVR_IRQHandler                   0x08000437   Thumb Code     0  startup_stm32h743xx.o(.text)
    DMAMUX2_OVR_IRQHandler                   0x08000437   Thumb Code     0  startup_stm32h743xx.o(.text)
    ECC_IRQHandler                           0x08000437   Thumb Code     0  startup_stm32h743xx.o(.text)
    ETH_IRQHandler                           0x08000437   Thumb Code     0  startup_stm32h743xx.o(.text)
    ETH_WKUP_IRQHandler                      0x08000437   Thumb Code     0  startup_stm32h743xx.o(.text)
    EXTI15_10_IRQHandler                     0x08000437   Thumb Code     0  startup_stm32h743xx.o(.text)
    EXTI3_IRQHandler                         0x08000437   Thumb Code     0  startup_stm32h743xx.o(.text)
    EXTI4_IRQHandler                         0x08000437   Thumb Code     0  startup_stm32h743xx.o(.text)
    EXTI9_5_IRQHandler                       0x08000437   Thumb Code     0  startup_stm32h743xx.o(.text)
    FDCAN1_IT0_IRQHandler                    0x08000437   Thumb Code     0  startup_stm32h743xx.o(.text)
    FDCAN1_IT1_IRQHandler                    0x08000437   Thumb Code     0  startup_stm32h743xx.o(.text)
    FDCAN2_IT0_IRQHandler                    0x08000437   Thumb Code     0  startup_stm32h743xx.o(.text)
    FDCAN2_IT1_IRQHandler                    0x08000437   Thumb Code     0  startup_stm32h743xx.o(.text)
    FDCAN_CAL_IRQHandler                     0x08000437   Thumb Code     0  startup_stm32h743xx.o(.text)
    FLASH_IRQHandler                         0x08000437   Thumb Code     0  startup_stm32h743xx.o(.text)
    FMC_IRQHandler                           0x08000437   Thumb Code     0  startup_stm32h743xx.o(.text)
    FPU_IRQHandler                           0x08000437   Thumb Code     0  startup_stm32h743xx.o(.text)
    HRTIM1_FLT_IRQHandler                    0x08000437   Thumb Code     0  startup_stm32h743xx.o(.text)
    HRTIM1_Master_IRQHandler                 0x08000437   Thumb Code     0  startup_stm32h743xx.o(.text)
    HRTIM1_TIMA_IRQHandler                   0x08000437   Thumb Code     0  startup_stm32h743xx.o(.text)
    HRTIM1_TIMB_IRQHandler                   0x08000437   Thumb Code     0  startup_stm32h743xx.o(.text)
    HRTIM1_TIMC_IRQHandler                   0x08000437   Thumb Code     0  startup_stm32h743xx.o(.text)
    HRTIM1_TIMD_IRQHandler                   0x08000437   Thumb Code     0  startup_stm32h743xx.o(.text)
    HRTIM1_TIME_IRQHandler                   0x08000437   Thumb Code     0  startup_stm32h743xx.o(.text)
    HSEM1_IRQHandler                         0x08000437   Thumb Code     0  startup_stm32h743xx.o(.text)
    I2C1_ER_IRQHandler                       0x08000437   Thumb Code     0  startup_stm32h743xx.o(.text)
    I2C1_EV_IRQHandler                       0x08000437   Thumb Code     0  startup_stm32h743xx.o(.text)
    I2C2_ER_IRQHandler                       0x08000437   Thumb Code     0  startup_stm32h743xx.o(.text)
    I2C2_EV_IRQHandler                       0x08000437   Thumb Code     0  startup_stm32h743xx.o(.text)
    I2C3_ER_IRQHandler                       0x08000437   Thumb Code     0  startup_stm32h743xx.o(.text)
    I2C3_EV_IRQHandler                       0x08000437   Thumb Code     0  startup_stm32h743xx.o(.text)
    I2C4_ER_IRQHandler                       0x08000437   Thumb Code     0  startup_stm32h743xx.o(.text)
    I2C4_EV_IRQHandler                       0x08000437   Thumb Code     0  startup_stm32h743xx.o(.text)
    JPEG_IRQHandler                          0x08000437   Thumb Code     0  startup_stm32h743xx.o(.text)
    LPTIM1_IRQHandler                        0x08000437   Thumb Code     0  startup_stm32h743xx.o(.text)
    LPTIM2_IRQHandler                        0x08000437   Thumb Code     0  startup_stm32h743xx.o(.text)
    LPTIM3_IRQHandler                        0x08000437   Thumb Code     0  startup_stm32h743xx.o(.text)
    LPTIM4_IRQHandler                        0x08000437   Thumb Code     0  startup_stm32h743xx.o(.text)
    LPTIM5_IRQHandler                        0x08000437   Thumb Code     0  startup_stm32h743xx.o(.text)
    LPUART1_IRQHandler                       0x08000437   Thumb Code     0  startup_stm32h743xx.o(.text)
    LTDC_ER_IRQHandler                       0x08000437   Thumb Code     0  startup_stm32h743xx.o(.text)
    LTDC_IRQHandler                          0x08000437   Thumb Code     0  startup_stm32h743xx.o(.text)
    MDIOS_IRQHandler                         0x08000437   Thumb Code     0  startup_stm32h743xx.o(.text)
    MDIOS_WKUP_IRQHandler                    0x08000437   Thumb Code     0  startup_stm32h743xx.o(.text)
    MDMA_IRQHandler                          0x08000437   Thumb Code     0  startup_stm32h743xx.o(.text)
    OTG_FS_EP1_IN_IRQHandler                 0x08000437   Thumb Code     0  startup_stm32h743xx.o(.text)
    OTG_FS_EP1_OUT_IRQHandler                0x08000437   Thumb Code     0  startup_stm32h743xx.o(.text)
    OTG_FS_IRQHandler                        0x08000437   Thumb Code     0  startup_stm32h743xx.o(.text)
    OTG_FS_WKUP_IRQHandler                   0x08000437   Thumb Code     0  startup_stm32h743xx.o(.text)
    OTG_HS_EP1_IN_IRQHandler                 0x08000437   Thumb Code     0  startup_stm32h743xx.o(.text)
    OTG_HS_EP1_OUT_IRQHandler                0x08000437   Thumb Code     0  startup_stm32h743xx.o(.text)
    OTG_HS_IRQHandler                        0x08000437   Thumb Code     0  startup_stm32h743xx.o(.text)
    OTG_HS_WKUP_IRQHandler                   0x08000437   Thumb Code     0  startup_stm32h743xx.o(.text)
    PVD_AVD_IRQHandler                       0x08000437   Thumb Code     0  startup_stm32h743xx.o(.text)
    QUADSPI_IRQHandler                       0x08000437   Thumb Code     0  startup_stm32h743xx.o(.text)
    RCC_IRQHandler                           0x08000437   Thumb Code     0  startup_stm32h743xx.o(.text)
    RNG_IRQHandler                           0x08000437   Thumb Code     0  startup_stm32h743xx.o(.text)
    RTC_Alarm_IRQHandler                     0x08000437   Thumb Code     0  startup_stm32h743xx.o(.text)
    RTC_WKUP_IRQHandler                      0x08000437   Thumb Code     0  startup_stm32h743xx.o(.text)
    SAI1_IRQHandler                          0x08000437   Thumb Code     0  startup_stm32h743xx.o(.text)
    SAI2_IRQHandler                          0x08000437   Thumb Code     0  startup_stm32h743xx.o(.text)
    SAI3_IRQHandler                          0x08000437   Thumb Code     0  startup_stm32h743xx.o(.text)
    SAI4_IRQHandler                          0x08000437   Thumb Code     0  startup_stm32h743xx.o(.text)
    SDMMC1_IRQHandler                        0x08000437   Thumb Code     0  startup_stm32h743xx.o(.text)
    SDMMC2_IRQHandler                        0x08000437   Thumb Code     0  startup_stm32h743xx.o(.text)
    SPDIF_RX_IRQHandler                      0x08000437   Thumb Code     0  startup_stm32h743xx.o(.text)
    SPI1_IRQHandler                          0x08000437   Thumb Code     0  startup_stm32h743xx.o(.text)
    SPI2_IRQHandler                          0x08000437   Thumb Code     0  startup_stm32h743xx.o(.text)
    SPI3_IRQHandler                          0x08000437   Thumb Code     0  startup_stm32h743xx.o(.text)
    SPI4_IRQHandler                          0x08000437   Thumb Code     0  startup_stm32h743xx.o(.text)
    SPI5_IRQHandler                          0x08000437   Thumb Code     0  startup_stm32h743xx.o(.text)
    SPI6_IRQHandler                          0x08000437   Thumb Code     0  startup_stm32h743xx.o(.text)
    SWPMI1_IRQHandler                        0x08000437   Thumb Code     0  startup_stm32h743xx.o(.text)
    TAMP_STAMP_IRQHandler                    0x08000437   Thumb Code     0  startup_stm32h743xx.o(.text)
    TIM15_IRQHandler                         0x08000437   Thumb Code     0  startup_stm32h743xx.o(.text)
    TIM16_IRQHandler                         0x08000437   Thumb Code     0  startup_stm32h743xx.o(.text)
    TIM17_IRQHandler                         0x08000437   Thumb Code     0  startup_stm32h743xx.o(.text)
    TIM1_BRK_IRQHandler                      0x08000437   Thumb Code     0  startup_stm32h743xx.o(.text)
    TIM1_CC_IRQHandler                       0x08000437   Thumb Code     0  startup_stm32h743xx.o(.text)
    TIM1_TRG_COM_IRQHandler                  0x08000437   Thumb Code     0  startup_stm32h743xx.o(.text)
    TIM1_UP_IRQHandler                       0x08000437   Thumb Code     0  startup_stm32h743xx.o(.text)
    TIM2_IRQHandler                          0x08000437   Thumb Code     0  startup_stm32h743xx.o(.text)
    TIM3_IRQHandler                          0x08000437   Thumb Code     0  startup_stm32h743xx.o(.text)
    TIM4_IRQHandler                          0x08000437   Thumb Code     0  startup_stm32h743xx.o(.text)
    TIM5_IRQHandler                          0x08000437   Thumb Code     0  startup_stm32h743xx.o(.text)
    TIM6_DAC_IRQHandler                      0x08000437   Thumb Code     0  startup_stm32h743xx.o(.text)
    TIM8_BRK_TIM12_IRQHandler                0x08000437   Thumb Code     0  startup_stm32h743xx.o(.text)
    TIM8_CC_IRQHandler                       0x08000437   Thumb Code     0  startup_stm32h743xx.o(.text)
    TIM8_TRG_COM_TIM14_IRQHandler            0x08000437   Thumb Code     0  startup_stm32h743xx.o(.text)
    TIM8_UP_TIM13_IRQHandler                 0x08000437   Thumb Code     0  startup_stm32h743xx.o(.text)
    UART4_IRQHandler                         0x08000437   Thumb Code     0  startup_stm32h743xx.o(.text)
    UART5_IRQHandler                         0x08000437   Thumb Code     0  startup_stm32h743xx.o(.text)
    UART7_IRQHandler                         0x08000437   Thumb Code     0  startup_stm32h743xx.o(.text)
    UART8_IRQHandler                         0x08000437   Thumb Code     0  startup_stm32h743xx.o(.text)
    USART1_IRQHandler                        0x08000437   Thumb Code     0  startup_stm32h743xx.o(.text)
    USART2_IRQHandler                        0x08000437   Thumb Code     0  startup_stm32h743xx.o(.text)
    USART3_IRQHandler                        0x08000437   Thumb Code     0  startup_stm32h743xx.o(.text)
    USART6_IRQHandler                        0x08000437   Thumb Code     0  startup_stm32h743xx.o(.text)
    WAKEUP_PIN_IRQHandler                    0x08000437   Thumb Code     0  startup_stm32h743xx.o(.text)
    WWDG_IRQHandler                          0x08000437   Thumb Code     0  startup_stm32h743xx.o(.text)
    __user_initial_stackheap                 0x08000439   Thumb Code     0  startup_stm32h743xx.o(.text)
    __aeabi_uldivmod                         0x08000461   Thumb Code     0  lludivv7m.o(.text)
    _ll_udiv                                 0x08000461   Thumb Code   238  lludivv7m.o(.text)
    __2sprintf                               0x08000551   Thumb Code    34  noretval__2sprintf.o(.text)
    _printf_int_dec                          0x08000579   Thumb Code   104  _printf_dec.o(.text)
    __printf                                 0x080005f1   Thumb Code   270  __printf_wp.o(.text)
    __aeabi_memcpy                           0x080006ff   Thumb Code     0  rt_memcpy_v6.o(.text)
    __rt_memcpy                              0x080006ff   Thumb Code   138  rt_memcpy_v6.o(.text)
    _memcpy_lastbytes                        0x08000765   Thumb Code     0  rt_memcpy_v6.o(.text)
    __aeabi_memcpy4                          0x08000789   Thumb Code     0  rt_memcpy_w.o(.text)
    __aeabi_memcpy8                          0x08000789   Thumb Code     0  rt_memcpy_w.o(.text)
    __rt_memcpy_w                            0x08000789   Thumb Code   100  rt_memcpy_w.o(.text)
    _memcpy_lastbytes_aligned                0x080007d1   Thumb Code     0  rt_memcpy_w.o(.text)
    __aeabi_memclr                           0x080007ed   Thumb Code     0  rt_memclr.o(.text)
    __rt_memclr                              0x080007ed   Thumb Code    68  rt_memclr.o(.text)
    _memset                                  0x080007f1   Thumb Code     0  rt_memclr.o(.text)
    __aeabi_memclr4                          0x08000831   Thumb Code     0  rt_memclr_w.o(.text)
    __aeabi_memclr8                          0x08000831   Thumb Code     0  rt_memclr_w.o(.text)
    __rt_memclr_w                            0x08000831   Thumb Code    78  rt_memclr_w.o(.text)
    _memset_w                                0x08000835   Thumb Code     0  rt_memclr_w.o(.text)
    __use_two_region_memory                  0x0800087f   Thumb Code     2  heapauxi.o(.text)
    __rt_heap_escrow$2region                 0x08000881   Thumb Code     2  heapauxi.o(.text)
    __rt_heap_expand$2region                 0x08000883   Thumb Code     2  heapauxi.o(.text)
    _printf_int_common                       0x08000885   Thumb Code   178  _printf_intcommon.o(.text)
    __lib_sel_fp_printf                      0x08000937   Thumb Code     2  _printf_fp_dec.o(.text)
    _printf_fp_dec_real                      0x08000ae9   Thumb Code   620  _printf_fp_dec.o(.text)
    _printf_char_common                      0x08000d5f   Thumb Code    32  _printf_char_common.o(.text)
    _sputc                                   0x08000d85   Thumb Code    10  _sputc.o(.text)
    __rt_locale                              0x08000d91   Thumb Code     8  rt_locale_intlibspace.o(.text)
    _ll_udiv10                               0x08000d99   Thumb Code   138  lludiv10.o(.text)
    _printf_fp_infnan                        0x08000e25   Thumb Code   112  _printf_fp_infnan.o(.text)
    _btod_etento                             0x08000ea5   Thumb Code   224  bigflt0.o(.text)
    __user_libspace                          0x08000f89   Thumb Code     8  libspace.o(.text)
    __user_perproc_libspace                  0x08000f89   Thumb Code     0  libspace.o(.text)
    __user_perthread_libspace                0x08000f89   Thumb Code     0  libspace.o(.text)
    __user_setup_stackheap                   0x08000f91   Thumb Code    74  sys_stackheap_outer.o(.text)
    exit                                     0x08000fdb   Thumb Code    18  exit.o(.text)
    strcmp                                   0x08000fed   Thumb Code   104  strcmpv7m_pel.o(.text)
    _sys_exit                                0x08001055   Thumb Code     8  sys_exit.o(.text)
    __I$use$semihosting                      0x08001061   Thumb Code     0  use_no_semi.o(.text)
    __use_no_semihosting_swi                 0x08001061   Thumb Code     2  use_no_semi.o(.text)
    __semihosting_library_function           0x08001063   Thumb Code     0  indicate_semi.o(.text)
    _btod_d2e                                0x08001063   Thumb Code    62  btod.o(CL$$btod_d2e)
    _d2e_denorm_low                          0x080010a1   Thumb Code    70  btod.o(CL$$btod_d2e_denorm_low)
    _d2e_norm_op1                            0x080010e7   Thumb Code    96  btod.o(CL$$btod_d2e_norm_op1)
    __btod_div_common                        0x08001147   Thumb Code   696  btod.o(CL$$btod_div_common)
    _e2e                                     0x0800147f   Thumb Code   220  btod.o(CL$$btod_e2e)
    _btod_ediv                               0x0800155b   Thumb Code    42  btod.o(CL$$btod_ediv)
    _btod_emul                               0x08001585   Thumb Code    42  btod.o(CL$$btod_emul)
    __btod_mult_common                       0x080015af   Thumb Code   580  btod.o(CL$$btod_mult_common)
    BusFault_Handler                         0x080017f3   Thumb Code     2  stm32h7xx_it.o(i.BusFault_Handler)
    DebugMon_Handler                         0x080017f5   Thumb Code     2  stm32h7xx_it.o(i.DebugMon_Handler)
    EXTI0_IRQHandler                         0x080017f9   Thumb Code    24  stm32h7xx_it.o(i.EXTI0_IRQHandler)
    EXTI1_IRQHandler                         0x08001819   Thumb Code    24  stm32h7xx_it.o(i.EXTI1_IRQHandler)
    EXTI2_IRQHandler                         0x08001839   Thumb Code     6  stm32h7xx_it.o(i.EXTI2_IRQHandler)
    Encoder1_Position                        0x08001841   Thumb Code    12  encoder.o(i.Encoder1_Position)
    Encoder1_Update                          0x08001851   Thumb Code    16  encoder.o(i.Encoder1_Update)
    Encoder_Init                             0x08001869   Thumb Code     8  encoder.o(i.Encoder_Init)
    Error_Handler                            0x08001875   Thumb Code     4  main.o(i.Error_Handler)
    ExitRun0Mode                             0x08001879   Thumb Code    22  system_stm32h7xx.o(i.ExitRun0Mode)
    HAL_Delay                                0x08001895   Thumb Code    32  stm32h7xx_hal.o(i.HAL_Delay)
    HAL_GPIO_EXTI_Callback                   0x080018b9   Thumb Code     2  main.o(i.HAL_GPIO_EXTI_Callback)
    HAL_GPIO_EXTI_IRQHandler                 0x080018bb   Thumb Code    24  stm32h7xx_hal_gpio.o(i.HAL_GPIO_EXTI_IRQHandler)
    HAL_GPIO_Init                            0x080018d5   Thumb Code   506  stm32h7xx_hal_gpio.o(i.HAL_GPIO_Init)
    HAL_GPIO_WritePin                        0x08001b01   Thumb Code    10  stm32h7xx_hal_gpio.o(i.HAL_GPIO_WritePin)
    HAL_GetREVID                             0x08001b0d   Thumb Code     8  stm32h7xx_hal.o(i.HAL_GetREVID)
    HAL_GetTick                              0x08001b19   Thumb Code     6  stm32h7xx_hal.o(i.HAL_GetTick)
    HAL_I2CEx_ConfigAnalogFilter             0x08001b25   Thumb Code    88  stm32h7xx_hal_i2c_ex.o(i.HAL_I2CEx_ConfigAnalogFilter)
    HAL_I2CEx_ConfigDigitalFilter            0x08001b7d   Thumb Code    84  stm32h7xx_hal_i2c_ex.o(i.HAL_I2CEx_ConfigDigitalFilter)
    HAL_I2C_Init                             0x08001bd1   Thumb Code   186  stm32h7xx_hal_i2c.o(i.HAL_I2C_Init)
    HAL_I2C_Master_Transmit                  0x08001c91   Thumb Code   324  stm32h7xx_hal_i2c.o(i.HAL_I2C_Master_Transmit)
    HAL_I2C_MspInit                          0x08001ddd   Thumb Code   122  i2c.o(i.HAL_I2C_MspInit)
    HAL_IncTick                              0x08001e65   Thumb Code    12  stm32h7xx_hal.o(i.HAL_IncTick)
    HAL_Init                                 0x08001e75   Thumb Code    74  stm32h7xx_hal.o(i.HAL_Init)
    HAL_InitTick                             0x08001ed1   Thumb Code   120  stm32h7xx_hal_timebase_tim.o(i.HAL_InitTick)
    HAL_MPU_ConfigRegion                     0x08001f5d   Thumb Code    86  stm32h7xx_hal_cortex.o(i.HAL_MPU_ConfigRegion)
    HAL_MPU_Disable                          0x08001fb9   Thumb Code    24  stm32h7xx_hal_cortex.o(i.HAL_MPU_Disable)
    HAL_MPU_Enable                           0x08001fd5   Thumb Code    30  stm32h7xx_hal_cortex.o(i.HAL_MPU_Enable)
    HAL_MspInit                              0x08001ff9   Thumb Code    32  stm32h7xx_hal_msp.o(i.HAL_MspInit)
    HAL_NVIC_EnableIRQ                       0x0800201d   Thumb Code    26  stm32h7xx_hal_cortex.o(i.HAL_NVIC_EnableIRQ)
    HAL_NVIC_SetPriority                     0x08002039   Thumb Code    60  stm32h7xx_hal_cortex.o(i.HAL_NVIC_SetPriority)
    HAL_NVIC_SetPriorityGrouping             0x08002079   Thumb Code    28  stm32h7xx_hal_cortex.o(i.HAL_NVIC_SetPriorityGrouping)
    HAL_PWREx_ConfigSupply                   0x0800209d   Thumb Code    78  stm32h7xx_hal_pwr_ex.o(i.HAL_PWREx_ConfigSupply)
    HAL_RCCEx_GetD3PCLK1Freq                 0x080020f1   Thumb Code    26  stm32h7xx_hal_rcc_ex.o(i.HAL_RCCEx_GetD3PCLK1Freq)
    HAL_RCCEx_GetPLL2ClockFreq               0x08002115   Thumb Code   296  stm32h7xx_hal_rcc_ex.o(i.HAL_RCCEx_GetPLL2ClockFreq)
    HAL_RCCEx_GetPLL3ClockFreq               0x08002259   Thumb Code   296  stm32h7xx_hal_rcc_ex.o(i.HAL_RCCEx_GetPLL3ClockFreq)
    HAL_RCCEx_PeriphCLKConfig                0x0800239d   Thumb Code  2472  stm32h7xx_hal_rcc_ex.o(i.HAL_RCCEx_PeriphCLKConfig)
    HAL_RCC_ClockConfig                      0x08002d49   Thumb Code   580  stm32h7xx_hal_rcc.o(i.HAL_RCC_ClockConfig)
    HAL_RCC_GetClockConfig                   0x08002fa5   Thumb Code    84  stm32h7xx_hal_rcc.o(i.HAL_RCC_GetClockConfig)
    HAL_RCC_GetHCLKFreq                      0x08003001   Thumb Code    52  stm32h7xx_hal_rcc.o(i.HAL_RCC_GetHCLKFreq)
    HAL_RCC_GetPCLK1Freq                     0x08003045   Thumb Code    26  stm32h7xx_hal_rcc.o(i.HAL_RCC_GetPCLK1Freq)
    HAL_RCC_GetPCLK2Freq                     0x08003069   Thumb Code    26  stm32h7xx_hal_rcc.o(i.HAL_RCC_GetPCLK2Freq)
    HAL_RCC_GetSysClockFreq                  0x0800308d   Thumb Code   278  stm32h7xx_hal_rcc.o(i.HAL_RCC_GetSysClockFreq)
    HAL_RCC_OscConfig                        0x080031c5   Thumb Code  1410  stm32h7xx_hal_rcc.o(i.HAL_RCC_OscConfig)
    HAL_TIMEx_Break2Callback                 0x08003747   Thumb Code     2  stm32h7xx_hal_tim_ex.o(i.HAL_TIMEx_Break2Callback)
    HAL_TIMEx_BreakCallback                  0x08003749   Thumb Code     2  stm32h7xx_hal_tim_ex.o(i.HAL_TIMEx_BreakCallback)
    HAL_TIMEx_CommutCallback                 0x0800374b   Thumb Code     2  stm32h7xx_hal_tim_ex.o(i.HAL_TIMEx_CommutCallback)
    HAL_TIMEx_MasterConfigSynchronization    0x0800374d   Thumb Code   134  stm32h7xx_hal_tim_ex.o(i.HAL_TIMEx_MasterConfigSynchronization)
    HAL_TIM_Base_Init                        0x080037f1   Thumb Code    98  stm32h7xx_hal_tim.o(i.HAL_TIM_Base_Init)
    HAL_TIM_Base_MspInit                     0x08003855   Thumb Code    30  tim.o(i.HAL_TIM_Base_MspInit)
    HAL_TIM_Base_Start_IT                    0x08003879   Thumb Code   106  stm32h7xx_hal_tim.o(i.HAL_TIM_Base_Start_IT)
    HAL_TIM_ConfigClockSource                0x08003905   Thumb Code   248  stm32h7xx_hal_tim.o(i.HAL_TIM_ConfigClockSource)
    HAL_TIM_Encoder_Init                     0x08003a01   Thumb Code   182  stm32h7xx_hal_tim.o(i.HAL_TIM_Encoder_Init)
    HAL_TIM_Encoder_MspInit                  0x08003abd   Thumb Code    88  tim.o(i.HAL_TIM_Encoder_MspInit)
    HAL_TIM_Encoder_Start                    0x08003b21   Thumb Code   142  stm32h7xx_hal_tim.o(i.HAL_TIM_Encoder_Start)
    HAL_TIM_IC_CaptureCallback               0x08003baf   Thumb Code     2  stm32h7xx_hal_tim.o(i.HAL_TIM_IC_CaptureCallback)
    HAL_TIM_IRQHandler                       0x08003bb1   Thumb Code   328  stm32h7xx_hal_tim.o(i.HAL_TIM_IRQHandler)
    HAL_TIM_MspPostInit                      0x08003cf9   Thumb Code    68  tim.o(i.HAL_TIM_MspPostInit)
    HAL_TIM_OC_DelayElapsedCallback          0x08003d45   Thumb Code     2  stm32h7xx_hal_tim.o(i.HAL_TIM_OC_DelayElapsedCallback)
    HAL_TIM_PWM_ConfigChannel                0x08003d47   Thumb Code   292  stm32h7xx_hal_tim.o(i.HAL_TIM_PWM_ConfigChannel)
    HAL_TIM_PWM_Init                         0x08003e6b   Thumb Code    98  stm32h7xx_hal_tim.o(i.HAL_TIM_PWM_Init)
    HAL_TIM_PWM_MspInit                      0x08003ecd   Thumb Code     2  stm32h7xx_hal_tim.o(i.HAL_TIM_PWM_MspInit)
    HAL_TIM_PWM_PulseFinishedCallback        0x08003ecf   Thumb Code     2  stm32h7xx_hal_tim.o(i.HAL_TIM_PWM_PulseFinishedCallback)
    HAL_TIM_PWM_Start                        0x08003ed1   Thumb Code   232  stm32h7xx_hal_tim.o(i.HAL_TIM_PWM_Start)
    HAL_TIM_PeriodElapsedCallback            0x08003fe1   Thumb Code    14  main.o(i.HAL_TIM_PeriodElapsedCallback)
    HAL_TIM_TriggerCallback                  0x08003ff5   Thumb Code     2  stm32h7xx_hal_tim.o(i.HAL_TIM_TriggerCallback)
    HAL_UARTEx_DisableFifoMode               0x08003ff7   Thumb Code    64  stm32h7xx_hal_uart_ex.o(i.HAL_UARTEx_DisableFifoMode)
    HAL_UARTEx_SetRxFifoThreshold            0x08004037   Thumb Code    76  stm32h7xx_hal_uart_ex.o(i.HAL_UARTEx_SetRxFifoThreshold)
    HAL_UARTEx_SetTxFifoThreshold            0x08004083   Thumb Code    76  stm32h7xx_hal_uart_ex.o(i.HAL_UARTEx_SetTxFifoThreshold)
    HAL_UART_Init                            0x080040cf   Thumb Code   106  stm32h7xx_hal_uart.o(i.HAL_UART_Init)
    HAL_UART_MspInit                         0x08004139   Thumb Code   198  usart.o(i.HAL_UART_MspInit)
    HardFault_Handler                        0x08004211   Thumb Code     2  stm32h7xx_it.o(i.HardFault_Handler)
    MX_FREERTOS_Init                         0x080044a5   Thumb Code    30  freertos.o(i.MX_FREERTOS_Init)
    MX_GPIO_Init                             0x080044cd   Thumb Code   184  gpio.o(i.MX_GPIO_Init)
    MX_I2C1_Init                             0x0800458d   Thumb Code    76  i2c.o(i.MX_I2C1_Init)
    MX_TIM2_Init                             0x080045e5   Thumb Code   148  tim.o(i.MX_TIM2_Init)
    MX_TIM3_Init                             0x0800467d   Thumb Code    96  tim.o(i.MX_TIM3_Init)
    MX_USART1_UART_Init                      0x080046e5   Thumb Code    94  usart.o(i.MX_USART1_UART_Init)
    MX_USART2_UART_Init                      0x0800474d   Thumb Code    94  usart.o(i.MX_USART2_UART_Init)
    MY_GPIO_Init                             0x080047b5   Thumb Code    64  mygpio.o(i.MY_GPIO_Init)
    MemManage_Handler                        0x08004801   Thumb Code     2  stm32h7xx_it.o(i.MemManage_Handler)
    Motor_Forward                            0x08004805   Thumb Code    56  motor.o(i.Motor_Forward)
    NMI_Handler                              0x08004841   Thumb Code     2  stm32h7xx_it.o(i.NMI_Handler)
    OLED_Init                                0x08004843   Thumb Code   182  oled.o(i.OLED_Init)
    OLED_NewFrame                            0x080048f9   Thumb Code    10  oled.o(i.OLED_NewFrame)
    OLED_PrintASCIIChar                      0x08004909   Thumb Code    34  oled.o(i.OLED_PrintASCIIChar)
    OLED_PrintASCIIString                    0x0800492b   Thumb Code    46  oled.o(i.OLED_PrintASCIIString)
    OLED_Send                                0x08004959   Thumb Code    22  oled.o(i.OLED_Send)
    OLED_SendCmd                             0x08004975   Thumb Code    12  oled.o(i.OLED_SendCmd)
    OLED_SetBits                             0x08004985   Thumb Code    72  oled.o(i.OLED_SetBits)
    OLED_SetBits_Fine                        0x080049cd   Thumb Code   104  oled.o(i.OLED_SetBits_Fine)
    OLED_SetBlock                            0x08004a35   Thumb Code   140  oled.o(i.OLED_SetBlock)
    OLED_SetByte_Fine                        0x08004ac1   Thumb Code    66  oled.o(i.OLED_SetByte_Fine)
    OLED_ShowFrame                           0x08004b0d   Thumb Code    68  oled.o(i.OLED_ShowFrame)
    OLED_Task                                0x08004b55   Thumb Code   246  freertos.o(i.OLED_Task)
    StartDefaultTask                         0x08004ed1   Thumb Code    86  freertos.o(i.StartDefaultTask)
    SysTick_Handler                          0x08004f59   Thumb Code    38  port.o(i.SysTick_Handler)
    SystemClock_Config                       0x08004f85   Thumb Code   158  main.o(i.SystemClock_Config)
    SystemInit                               0x0800502d   Thumb Code   206  system_stm32h7xx.o(i.SystemInit)
    TIM7_IRQHandler                          0x08005125   Thumb Code     6  stm32h7xx_it.o(i.TIM7_IRQHandler)
    TIM_Base_SetConfig                       0x08005131   Thumb Code   170  stm32h7xx_hal_tim.o(i.TIM_Base_SetConfig)
    TIM_CCxChannelCmd                        0x080051fd   Thumb Code    26  stm32h7xx_hal_tim.o(i.TIM_CCxChannelCmd)
    TIM_ETR_SetConfig                        0x08005217   Thumb Code    18  stm32h7xx_hal_tim.o(i.TIM_ETR_SetConfig)
    TIM_OC2_SetConfig                        0x080052e1   Thumb Code   126  stm32h7xx_hal_tim.o(i.TIM_OC2_SetConfig)
    UART_AdvFeatureConfig                    0x080055fd   Thumb Code   200  stm32h7xx_hal_uart.o(i.UART_AdvFeatureConfig)
    UART_CheckIdleState                      0x080056c5   Thumb Code   170  stm32h7xx_hal_uart.o(i.UART_CheckIdleState)
    UART_SetConfig                           0x080057c5   Thumb Code   876  stm32h7xx_hal_uart.o(i.UART_SetConfig)
    UART_WaitOnFlagUntilTimeout              0x08005b71   Thumb Code   148  stm32h7xx_hal_uart.o(i.UART_WaitOnFlagUntilTimeout)
    UsageFault_Handler                       0x08005c05   Thumb Code     2  stm32h7xx_it.o(i.UsageFault_Handler)
    ZDT_Task                                 0x08005c07   Thumb Code     2  freertos.o(i.ZDT_Task)
    __ARM_fpclassify                         0x08005c09   Thumb Code    48  fpclassify.o(i.__ARM_fpclassify)
    _is_digit                                0x08005c5b   Thumb Code    14  __printf_wp.o(i._is_digit)
    main                                     0x08005c69   Thumb Code   166  main.o(i.main)
    motor_Task                               0x08005d29   Thumb Code    20  freertos.o(i.motor_Task)
    osDelay                                  0x08005d45   Thumb Code    14  cmsis_os.o(i.osDelay)
    osKernelStart                            0x08005d53   Thumb Code    10  cmsis_os.o(i.osKernelStart)
    osThreadCreate                           0x08005d5d   Thumb Code    84  cmsis_os.o(i.osThreadCreate)
    pvPortMalloc                             0x08006105   Thumb Code   216  heap_4.o(i.pvPortMalloc)
    pxPortInitialiseStack                    0x080061e1   Thumb Code    42  port.o(i.pxPortInitialiseStack)
    uxListRemove                             0x08006211   Thumb Code    38  list.o(i.uxListRemove)
    vApplicationGetIdleTaskMemory            0x08006239   Thumb Code    18  freertos.o(i.vApplicationGetIdleTaskMemory)
    vListInitialise                          0x08006251   Thumb Code    22  list.o(i.vListInitialise)
    vListInitialiseItem                      0x08006267   Thumb Code     6  list.o(i.vListInitialiseItem)
    vListInsert                              0x0800626d   Thumb Code    48  list.o(i.vListInsert)
    vListInsertEnd                           0x0800629d   Thumb Code    24  list.o(i.vListInsertEnd)
    vPortEnterCritical                       0x080062b5   Thumb Code    54  port.o(i.vPortEnterCritical)
    vPortExitCritical                        0x080062f5   Thumb Code    34  port.o(i.vPortExitCritical)
    vPortFree                                0x0800631d   Thumb Code    94  heap_4.o(i.vPortFree)
    vPortSetupTimerInterrupt                 0x08006381   Thumb Code    32  port.o(i.vPortSetupTimerInterrupt)
    vTaskDelay                               0x080063a5   Thumb Code    66  tasks.o(i.vTaskDelay)
    vTaskDelete                              0x080063f1   Thumb Code   158  tasks.o(i.vTaskDelete)
    vTaskStartScheduler                      0x0800649d   Thumb Code    90  tasks.o(i.vTaskStartScheduler)
    vTaskSuspendAll                          0x08006509   Thumb Code    10  tasks.o(i.vTaskSuspendAll)
    vTaskSwitchContext                       0x08006519   Thumb Code    82  tasks.o(i.vTaskSwitchContext)
    xPortStartScheduler                      0x08006575   Thumb Code   222  port.o(i.xPortStartScheduler)
    xTaskCreate                              0x08006669   Thumb Code    90  tasks.o(i.xTaskCreate)
    xTaskCreateStatic                        0x080066c3   Thumb Code    86  tasks.o(i.xTaskCreateStatic)
    xTaskIncrementTick                       0x08006719   Thumb Code   194  tasks.o(i.xTaskIncrementTick)
    xTaskResumeAll                           0x080067e5   Thumb Code   184  tasks.o(i.xTaskResumeAll)
    _get_lc_numeric                          0x080068a9   Thumb Code    44  lc_numeric_c.o(locale$$code)
    _fp_init                                 0x080068d5   Thumb Code    10  fpinit.o(x$fpl$fpinit)
    __fplib_config_fpu_vfp                   0x080068dd   Thumb Code     0  fpinit.o(x$fpl$fpinit)
    __fplib_config_pureend_doubles           0x080068dd   Thumb Code     0  fpinit.o(x$fpl$fpinit)
    _printf_fp_dec                           0x080068df   Thumb Code     4  printf1.o(x$fpl$printf1)
    __I$use$fp                               0x080068e2   Number         0  usenofp.o(x$fpl$usenofp)
    UARTPrescTable                           0x08006900   Data          24  stm32h7xx_hal_uart.o(.constdata)
    D1CorePrescTable                         0x08006928   Data          16  system_stm32h7xx.o(.constdata)
    ascii_12x6                               0x08006938   Data        1140  font.o(.constdata)
    afont12x6                                0x08006dac   Data           8  font.o(.constdata)
    Region$$Table$$Base                      0x08006e54   Number         0  anon$$obj.o(Region$$Table)
    Region$$Table$$Limit                     0x08006e74   Number         0  anon$$obj.o(Region$$Table)
    pid1                                     0x24000000   Data          56  main.o(.data)
    speed_Control                            0x24000038   Data           4  main.o(.data)
    OLEDTask                                 0x2400003c   Data           4  freertos.o(.data)
    ZDTTask                                  0x24000040   Data           4  freertos.o(.data)
    motorHandle                              0x24000044   Data           4  freertos.o(.data)
    defaultTaskHandle                        0x24000048   Data           4  freertos.o(.data)
    uwTickFreq                               0x2400004c   Data           1  stm32h7xx_hal.o(.data)
    uwTickPrio                               0x24000050   Data           4  stm32h7xx_hal.o(.data)
    uwTick                                   0x24000054   Data           4  stm32h7xx_hal.o(.data)
    SystemCoreClock                          0x24000058   Data           4  system_stm32h7xx.o(.data)
    SystemD2Clock                            0x2400005c   Data           4  system_stm32h7xx.o(.data)
    Encoder1_value                           0x24000064   Data           4  encoder.o(.data)
    Encoder1_value_last                      0x24000068   Data           4  encoder.o(.data)
    pxCurrentTCB                             0x2400006c   Data           4  tasks.o(.data)
    hi2c1                                    0x24000328   Data          84  i2c.o(.bss)
    htim2                                    0x2400037c   Data          76  tim.o(.bss)
    htim3                                    0x240003c8   Data          76  tim.o(.bss)
    huart1                                   0x24000414   Data         148  usart.o(.bss)
    huart2                                   0x240004a8   Data         148  usart.o(.bss)
    htim7                                    0x2400053c   Data          76  stm32h7xx_hal_timebase_tim.o(.bss)
    OLED_GRAM                                0x24000609   Data        1024  oled.o(.bss)
    __libspace_start                         0x240046fc   Data          96  libspace.o(.bss)
    __temporary_stack_top$libspace           0x2400475c   Data           0  libspace.o(.bss)



==============================================================================

Memory Map of the image

  Image Entry point : 0x08000299

  Load Region LR_IROM1 (Base: 0x08000000, Size: 0x00006f64, Max: 0x00200000, ABSOLUTE)

    Execution Region ER_IROM1 (Exec base: 0x08000000, Load base: 0x08000000, Size: 0x00006e90, Max: 0x00200000, ABSOLUTE)

    Exec Addr    Load Addr    Size         Type   Attr      Idx    E Section Name        Object

    0x08000000   0x08000000   0x00000298   Data   RO            3    RESET               startup_stm32h743xx.o
    0x08000298   0x08000298   0x00000008   Code   RO         6604  * !!!main             c_w.l(__main.o)
    0x080002a0   0x080002a0   0x00000034   Code   RO         6828    !!!scatter          c_w.l(__scatter.o)
    0x080002d4   0x080002d4   0x0000001a   Code   RO         6830    !!handler_copy      c_w.l(__scatter_copy.o)
    0x080002ee   0x080002ee   0x00000002   PAD
    0x080002f0   0x080002f0   0x0000001c   Code   RO         6832    !!handler_zi        c_w.l(__scatter_zi.o)
    0x0800030c   0x0800030c   0x00000000   Code   RO         6589    .ARM.Collect$$_printf_percent$$00000000  c_w.l(_printf_percent.o)
    0x0800030c   0x0800030c   0x00000006   Code   RO         6588    .ARM.Collect$$_printf_percent$$00000003  c_w.l(_printf_f.o)
    0x08000312   0x08000312   0x00000006   Code   RO         6587    .ARM.Collect$$_printf_percent$$00000009  c_w.l(_printf_d.o)
    0x08000318   0x08000318   0x00000004   Code   RO         6621    .ARM.Collect$$_printf_percent$$00000017  c_w.l(_printf_percent_end.o)
    0x0800031c   0x0800031c   0x00000002   Code   RO         6701    .ARM.Collect$$libinit$$00000000  c_w.l(libinit.o)
    0x0800031e   0x0800031e   0x00000004   Code   RO         6702    .ARM.Collect$$libinit$$00000001  c_w.l(libinit2.o)
    0x08000322   0x08000322   0x00000000   Code   RO         6705    .ARM.Collect$$libinit$$00000004  c_w.l(libinit2.o)
    0x08000322   0x08000322   0x00000000   Code   RO         6708    .ARM.Collect$$libinit$$0000000A  c_w.l(libinit2.o)
    0x08000322   0x08000322   0x00000000   Code   RO         6710    .ARM.Collect$$libinit$$0000000C  c_w.l(libinit2.o)
    0x08000322   0x08000322   0x00000000   Code   RO         6712    .ARM.Collect$$libinit$$0000000E  c_w.l(libinit2.o)
    0x08000322   0x08000322   0x00000006   Code   RO         6713    .ARM.Collect$$libinit$$0000000F  c_w.l(libinit2.o)
    0x08000328   0x08000328   0x00000000   Code   RO         6715    .ARM.Collect$$libinit$$00000011  c_w.l(libinit2.o)
    0x08000328   0x08000328   0x00000000   Code   RO         6717    .ARM.Collect$$libinit$$00000013  c_w.l(libinit2.o)
    0x08000328   0x08000328   0x00000000   Code   RO         6719    .ARM.Collect$$libinit$$00000015  c_w.l(libinit2.o)
    0x08000328   0x08000328   0x0000000a   Code   RO         6720    .ARM.Collect$$libinit$$00000016  c_w.l(libinit2.o)
    0x08000332   0x08000332   0x00000000   Code   RO         6721    .ARM.Collect$$libinit$$00000017  c_w.l(libinit2.o)
    0x08000332   0x08000332   0x00000000   Code   RO         6723    .ARM.Collect$$libinit$$00000019  c_w.l(libinit2.o)
    0x08000332   0x08000332   0x00000000   Code   RO         6725    .ARM.Collect$$libinit$$0000001B  c_w.l(libinit2.o)
    0x08000332   0x08000332   0x00000000   Code   RO         6727    .ARM.Collect$$libinit$$0000001D  c_w.l(libinit2.o)
    0x08000332   0x08000332   0x00000000   Code   RO         6729    .ARM.Collect$$libinit$$0000001F  c_w.l(libinit2.o)
    0x08000332   0x08000332   0x00000000   Code   RO         6731    .ARM.Collect$$libinit$$00000021  c_w.l(libinit2.o)
    0x08000332   0x08000332   0x00000000   Code   RO         6733    .ARM.Collect$$libinit$$00000023  c_w.l(libinit2.o)
    0x08000332   0x08000332   0x00000000   Code   RO         6735    .ARM.Collect$$libinit$$00000025  c_w.l(libinit2.o)
    0x08000332   0x08000332   0x00000000   Code   RO         6739    .ARM.Collect$$libinit$$0000002C  c_w.l(libinit2.o)
    0x08000332   0x08000332   0x00000000   Code   RO         6741    .ARM.Collect$$libinit$$0000002E  c_w.l(libinit2.o)
    0x08000332   0x08000332   0x00000000   Code   RO         6743    .ARM.Collect$$libinit$$00000030  c_w.l(libinit2.o)
    0x08000332   0x08000332   0x00000000   Code   RO         6745    .ARM.Collect$$libinit$$00000032  c_w.l(libinit2.o)
    0x08000332   0x08000332   0x00000002   Code   RO         6746    .ARM.Collect$$libinit$$00000033  c_w.l(libinit2.o)
    0x08000334   0x08000334   0x00000002   Code   RO         6793    .ARM.Collect$$libshutdown$$00000000  c_w.l(libshutdown.o)
    0x08000336   0x08000336   0x00000000   Code   RO         6811    .ARM.Collect$$libshutdown$$00000002  c_w.l(libshutdown2.o)
    0x08000336   0x08000336   0x00000000   Code   RO         6813    .ARM.Collect$$libshutdown$$00000004  c_w.l(libshutdown2.o)
    0x08000336   0x08000336   0x00000000   Code   RO         6816    .ARM.Collect$$libshutdown$$00000007  c_w.l(libshutdown2.o)
    0x08000336   0x08000336   0x00000000   Code   RO         6819    .ARM.Collect$$libshutdown$$0000000A  c_w.l(libshutdown2.o)
    0x08000336   0x08000336   0x00000000   Code   RO         6821    .ARM.Collect$$libshutdown$$0000000C  c_w.l(libshutdown2.o)
    0x08000336   0x08000336   0x00000000   Code   RO         6824    .ARM.Collect$$libshutdown$$0000000F  c_w.l(libshutdown2.o)
    0x08000336   0x08000336   0x00000002   Code   RO         6825    .ARM.Collect$$libshutdown$$00000010  c_w.l(libshutdown2.o)
    0x08000338   0x08000338   0x00000000   Code   RO         6608    .ARM.Collect$$rtentry$$00000000  c_w.l(__rtentry.o)
    0x08000338   0x08000338   0x00000000   Code   RO         6623    .ARM.Collect$$rtentry$$00000002  c_w.l(__rtentry2.o)
    0x08000338   0x08000338   0x00000006   Code   RO         6635    .ARM.Collect$$rtentry$$00000004  c_w.l(__rtentry4.o)
    0x0800033e   0x0800033e   0x00000000   Code   RO         6625    .ARM.Collect$$rtentry$$00000009  c_w.l(__rtentry2.o)
    0x0800033e   0x0800033e   0x00000004   Code   RO         6626    .ARM.Collect$$rtentry$$0000000A  c_w.l(__rtentry2.o)
    0x08000342   0x08000342   0x00000000   Code   RO         6628    .ARM.Collect$$rtentry$$0000000C  c_w.l(__rtentry2.o)
    0x08000342   0x08000342   0x00000008   Code   RO         6629    .ARM.Collect$$rtentry$$0000000D  c_w.l(__rtentry2.o)
    0x0800034a   0x0800034a   0x00000002   Code   RO         6747    .ARM.Collect$$rtexit$$00000000  c_w.l(rtexit.o)
    0x0800034c   0x0800034c   0x00000000   Code   RO         6762    .ARM.Collect$$rtexit$$00000002  c_w.l(rtexit2.o)
    0x0800034c   0x0800034c   0x00000004   Code   RO         6763    .ARM.Collect$$rtexit$$00000003  c_w.l(rtexit2.o)
    0x08000350   0x08000350   0x00000006   Code   RO         6764    .ARM.Collect$$rtexit$$00000004  c_w.l(rtexit2.o)
    0x08000356   0x08000356   0x00000002   PAD
    0x08000358   0x08000358   0x000000be   Code   RO         6478    .emb_text           port.o
    0x08000416   0x08000416   0x00000002   PAD
    0x08000418   0x08000418   0x00000048   Code   RO            4    .text               startup_stm32h743xx.o
    0x08000460   0x08000460   0x000000ee   Code   RO         6557    .text               c_w.l(lludivv7m.o)
    0x0800054e   0x0800054e   0x00000002   PAD
    0x08000550   0x08000550   0x00000028   Code   RO         6561    .text               c_w.l(noretval__2sprintf.o)
    0x08000578   0x08000578   0x00000078   Code   RO         6565    .text               c_w.l(_printf_dec.o)
    0x080005f0   0x080005f0   0x0000010e   Code   RO         6575    .text               c_w.l(__printf_wp.o)
    0x080006fe   0x080006fe   0x0000008a   Code   RO         6592    .text               c_w.l(rt_memcpy_v6.o)
    0x08000788   0x08000788   0x00000064   Code   RO         6594    .text               c_w.l(rt_memcpy_w.o)
    0x080007ec   0x080007ec   0x00000044   Code   RO         6598    .text               c_w.l(rt_memclr.o)
    0x08000830   0x08000830   0x0000004e   Code   RO         6600    .text               c_w.l(rt_memclr_w.o)
    0x0800087e   0x0800087e   0x00000006   Code   RO         6602    .text               c_w.l(heapauxi.o)
    0x08000884   0x08000884   0x000000b2   Code   RO         6613    .text               c_w.l(_printf_intcommon.o)
    0x08000936   0x08000936   0x0000041e   Code   RO         6615    .text               c_w.l(_printf_fp_dec.o)
    0x08000d54   0x08000d54   0x00000030   Code   RO         6617    .text               c_w.l(_printf_char_common.o)
    0x08000d84   0x08000d84   0x0000000a   Code   RO         6619    .text               c_w.l(_sputc.o)
    0x08000d8e   0x08000d8e   0x00000002   PAD
    0x08000d90   0x08000d90   0x00000008   Code   RO         6642    .text               c_w.l(rt_locale_intlibspace.o)
    0x08000d98   0x08000d98   0x0000008a   Code   RO         6644    .text               c_w.l(lludiv10.o)
    0x08000e22   0x08000e22   0x00000002   PAD
    0x08000e24   0x08000e24   0x00000080   Code   RO         6646    .text               c_w.l(_printf_fp_infnan.o)
    0x08000ea4   0x08000ea4   0x000000e4   Code   RO         6650    .text               c_w.l(bigflt0.o)
    0x08000f88   0x08000f88   0x00000008   Code   RO         6683    .text               c_w.l(libspace.o)
    0x08000f90   0x08000f90   0x0000004a   Code   RO         6686    .text               c_w.l(sys_stackheap_outer.o)
    0x08000fda   0x08000fda   0x00000012   Code   RO         6688    .text               c_w.l(exit.o)
    0x08000fec   0x08000fec   0x00000068   Code   RO         6694    .text               c_w.l(strcmpv7m_pel.o)
    0x08001054   0x08001054   0x0000000c   Code   RO         6759    .text               c_w.l(sys_exit.o)
    0x08001060   0x08001060   0x00000002   Code   RO         6780    .text               c_w.l(use_no_semi.o)
    0x08001062   0x08001062   0x00000000   Code   RO         6782    .text               c_w.l(indicate_semi.o)
    0x08001062   0x08001062   0x0000003e   Code   RO         6653    CL$$btod_d2e        c_w.l(btod.o)
    0x080010a0   0x080010a0   0x00000046   Code   RO         6655    CL$$btod_d2e_denorm_low  c_w.l(btod.o)
    0x080010e6   0x080010e6   0x00000060   Code   RO         6654    CL$$btod_d2e_norm_op1  c_w.l(btod.o)
    0x08001146   0x08001146   0x00000338   Code   RO         6663    CL$$btod_div_common  c_w.l(btod.o)
    0x0800147e   0x0800147e   0x000000dc   Code   RO         6660    CL$$btod_e2e        c_w.l(btod.o)
    0x0800155a   0x0800155a   0x0000002a   Code   RO         6657    CL$$btod_ediv       c_w.l(btod.o)
    0x08001584   0x08001584   0x0000002a   Code   RO         6656    CL$$btod_emul       c_w.l(btod.o)
    0x080015ae   0x080015ae   0x00000244   Code   RO         6662    CL$$btod_mult_common  c_w.l(btod.o)
    0x080017f2   0x080017f2   0x00000002   Code   RO          547    i.BusFault_Handler  stm32h7xx_it.o
    0x080017f4   0x080017f4   0x00000002   Code   RO          548    i.DebugMon_Handler  stm32h7xx_it.o
    0x080017f6   0x080017f6   0x00000002   PAD
    0x080017f8   0x080017f8   0x00000020   Code   RO          549    i.EXTI0_IRQHandler  stm32h7xx_it.o
    0x08001818   0x08001818   0x00000020   Code   RO          550    i.EXTI1_IRQHandler  stm32h7xx_it.o
    0x08001838   0x08001838   0x00000006   Code   RO          551    i.EXTI2_IRQHandler  stm32h7xx_it.o
    0x0800183e   0x0800183e   0x00000002   PAD
    0x08001840   0x08001840   0x00000010   Code   RO         5158    i.Encoder1_Position  encoder.o
    0x08001850   0x08001850   0x00000018   Code   RO         5160    i.Encoder1_Update   encoder.o
    0x08001868   0x08001868   0x0000000c   Code   RO         5161    i.Encoder_Init      encoder.o
    0x08001874   0x08001874   0x00000004   Code   RO           13    i.Error_Handler     main.o
    0x08001878   0x08001878   0x0000001c   Code   RO         4649    i.ExitRun0Mode      system_stm32h7xx.o
    0x08001894   0x08001894   0x00000024   Code   RO         3208    i.HAL_Delay         stm32h7xx_hal.o
    0x080018b8   0x080018b8   0x00000002   Code   RO           14    i.HAL_GPIO_EXTI_Callback  main.o
    0x080018ba   0x080018ba   0x00000018   Code   RO         2346    i.HAL_GPIO_EXTI_IRQHandler  stm32h7xx_hal_gpio.o
    0x080018d2   0x080018d2   0x00000002   PAD
    0x080018d4   0x080018d4   0x0000022c   Code   RO         2347    i.HAL_GPIO_Init     stm32h7xx_hal_gpio.o
    0x08001b00   0x08001b00   0x0000000a   Code   RO         2351    i.HAL_GPIO_WritePin  stm32h7xx_hal_gpio.o
    0x08001b0a   0x08001b0a   0x00000002   PAD
    0x08001b0c   0x08001b0c   0x0000000c   Code   RO         3219    i.HAL_GetREVID      stm32h7xx_hal.o
    0x08001b18   0x08001b18   0x0000000c   Code   RO         3220    i.HAL_GetTick       stm32h7xx_hal.o
    0x08001b24   0x08001b24   0x00000058   Code   RO         3985    i.HAL_I2CEx_ConfigAnalogFilter  stm32h7xx_hal_i2c_ex.o
    0x08001b7c   0x08001b7c   0x00000054   Code   RO         3986    i.HAL_I2CEx_ConfigDigitalFilter  stm32h7xx_hal_i2c_ex.o
    0x08001bd0   0x08001bd0   0x000000c0   Code   RO         3524    i.HAL_I2C_Init      stm32h7xx_hal_i2c.o
    0x08001c90   0x08001c90   0x0000014c   Code   RO         3537    i.HAL_I2C_Master_Transmit  stm32h7xx_hal_i2c.o
    0x08001ddc   0x08001ddc   0x00000088   Code   RO          377    i.HAL_I2C_MspInit   i2c.o
    0x08001e64   0x08001e64   0x00000010   Code   RO         3226    i.HAL_IncTick       stm32h7xx_hal.o
    0x08001e74   0x08001e74   0x0000005c   Code   RO         3227    i.HAL_Init          stm32h7xx_hal.o
    0x08001ed0   0x08001ed0   0x0000008c   Code   RO          653    i.HAL_InitTick      stm32h7xx_hal_timebase_tim.o
    0x08001f5c   0x08001f5c   0x0000005c   Code   RO         1700    i.HAL_MPU_ConfigRegion  stm32h7xx_hal_cortex.o
    0x08001fb8   0x08001fb8   0x0000001c   Code   RO         1701    i.HAL_MPU_Disable   stm32h7xx_hal_cortex.o
    0x08001fd4   0x08001fd4   0x00000024   Code   RO         1703    i.HAL_MPU_Enable    stm32h7xx_hal_cortex.o
    0x08001ff8   0x08001ff8   0x00000024   Code   RO          629    i.HAL_MspInit       stm32h7xx_hal_msp.o
    0x0800201c   0x0800201c   0x0000001a   Code   RO         1707    i.HAL_NVIC_EnableIRQ  stm32h7xx_hal_cortex.o
    0x08002036   0x08002036   0x00000002   PAD
    0x08002038   0x08002038   0x00000040   Code   RO         1713    i.HAL_NVIC_SetPriority  stm32h7xx_hal_cortex.o
    0x08002078   0x08002078   0x00000024   Code   RO         1714    i.HAL_NVIC_SetPriorityGrouping  stm32h7xx_hal_cortex.o
    0x0800209c   0x0800209c   0x00000054   Code   RO         2948    i.HAL_PWREx_ConfigSupply  stm32h7xx_hal_pwr_ex.o
    0x080020f0   0x080020f0   0x00000024   Code   RO         1968    i.HAL_RCCEx_GetD3PCLK1Freq  stm32h7xx_hal_rcc_ex.o
    0x08002114   0x08002114   0x00000144   Code   RO         1970    i.HAL_RCCEx_GetPLL2ClockFreq  stm32h7xx_hal_rcc_ex.o
    0x08002258   0x08002258   0x00000144   Code   RO         1971    i.HAL_RCCEx_GetPLL3ClockFreq  stm32h7xx_hal_rcc_ex.o
    0x0800239c   0x0800239c   0x000009ac   Code   RO         1977    i.HAL_RCCEx_PeriphCLKConfig  stm32h7xx_hal_rcc_ex.o
    0x08002d48   0x08002d48   0x0000025c   Code   RO         1853    i.HAL_RCC_ClockConfig  stm32h7xx_hal_rcc.o
    0x08002fa4   0x08002fa4   0x0000005c   Code   RO         1857    i.HAL_RCC_GetClockConfig  stm32h7xx_hal_rcc.o
    0x08003000   0x08003000   0x00000044   Code   RO         1858    i.HAL_RCC_GetHCLKFreq  stm32h7xx_hal_rcc.o
    0x08003044   0x08003044   0x00000024   Code   RO         1860    i.HAL_RCC_GetPCLK1Freq  stm32h7xx_hal_rcc.o
    0x08003068   0x08003068   0x00000024   Code   RO         1861    i.HAL_RCC_GetPCLK2Freq  stm32h7xx_hal_rcc.o
    0x0800308c   0x0800308c   0x00000138   Code   RO         1862    i.HAL_RCC_GetSysClockFreq  stm32h7xx_hal_rcc.o
    0x080031c4   0x080031c4   0x00000582   Code   RO         1865    i.HAL_RCC_OscConfig  stm32h7xx_hal_rcc.o
    0x08003746   0x08003746   0x00000002   Code   RO         1408    i.HAL_TIMEx_Break2Callback  stm32h7xx_hal_tim_ex.o
    0x08003748   0x08003748   0x00000002   Code   RO         1409    i.HAL_TIMEx_BreakCallback  stm32h7xx_hal_tim_ex.o
    0x0800374a   0x0800374a   0x00000002   Code   RO         1410    i.HAL_TIMEx_CommutCallback  stm32h7xx_hal_tim_ex.o
    0x0800374c   0x0800374c   0x000000a4   Code   RO         1430    i.HAL_TIMEx_MasterConfigSynchronization  stm32h7xx_hal_tim_ex.o
    0x080037f0   0x080037f0   0x00000062   Code   RO          694    i.HAL_TIM_Base_Init  stm32h7xx_hal_tim.o
    0x08003852   0x08003852   0x00000002   PAD
    0x08003854   0x08003854   0x00000024   Code   RO          437    i.HAL_TIM_Base_MspInit  tim.o
    0x08003878   0x08003878   0x0000008c   Code   RO          699    i.HAL_TIM_Base_Start_IT  stm32h7xx_hal_tim.o
    0x08003904   0x08003904   0x000000fc   Code   RO          703    i.HAL_TIM_ConfigClockSource  stm32h7xx_hal_tim.o
    0x08003a00   0x08003a00   0x000000bc   Code   RO          715    i.HAL_TIM_Encoder_Init  stm32h7xx_hal_tim.o
    0x08003abc   0x08003abc   0x00000064   Code   RO          439    i.HAL_TIM_Encoder_MspInit  tim.o
    0x08003b20   0x08003b20   0x0000008e   Code   RO          718    i.HAL_TIM_Encoder_Start  stm32h7xx_hal_tim.o
    0x08003bae   0x08003bae   0x00000002   Code   RO          728    i.HAL_TIM_IC_CaptureCallback  stm32h7xx_hal_tim.o
    0x08003bb0   0x08003bb0   0x00000148   Code   RO          742    i.HAL_TIM_IRQHandler  stm32h7xx_hal_tim.o
    0x08003cf8   0x08003cf8   0x0000004c   Code   RO          440    i.HAL_TIM_MspPostInit  tim.o
    0x08003d44   0x08003d44   0x00000002   Code   RO          745    i.HAL_TIM_OC_DelayElapsedCallback  stm32h7xx_hal_tim.o
    0x08003d46   0x08003d46   0x00000124   Code   RO          766    i.HAL_TIM_PWM_ConfigChannel  stm32h7xx_hal_tim.o
    0x08003e6a   0x08003e6a   0x00000062   Code   RO          769    i.HAL_TIM_PWM_Init  stm32h7xx_hal_tim.o
    0x08003ecc   0x08003ecc   0x00000002   Code   RO          771    i.HAL_TIM_PWM_MspInit  stm32h7xx_hal_tim.o
    0x08003ece   0x08003ece   0x00000002   Code   RO          772    i.HAL_TIM_PWM_PulseFinishedCallback  stm32h7xx_hal_tim.o
    0x08003ed0   0x08003ed0   0x00000110   Code   RO          774    i.HAL_TIM_PWM_Start  stm32h7xx_hal_tim.o
    0x08003fe0   0x08003fe0   0x00000014   Code   RO           15    i.HAL_TIM_PeriodElapsedCallback  main.o
    0x08003ff4   0x08003ff4   0x00000002   Code   RO          785    i.HAL_TIM_TriggerCallback  stm32h7xx_hal_tim.o
    0x08003ff6   0x08003ff6   0x00000040   Code   RO         4531    i.HAL_UARTEx_DisableFifoMode  stm32h7xx_hal_uart_ex.o
    0x08004036   0x08004036   0x0000004c   Code   RO         4540    i.HAL_UARTEx_SetRxFifoThreshold  stm32h7xx_hal_uart_ex.o
    0x08004082   0x08004082   0x0000004c   Code   RO         4541    i.HAL_UARTEx_SetTxFifoThreshold  stm32h7xx_hal_uart_ex.o
    0x080040ce   0x080040ce   0x0000006a   Code   RO         4140    i.HAL_UART_Init     stm32h7xx_hal_uart.o
    0x08004138   0x08004138   0x000000d8   Code   RO          500    i.HAL_UART_MspInit  usart.o
    0x08004210   0x08004210   0x00000002   Code   RO          552    i.HardFault_Handler  stm32h7xx_it.o
    0x08004212   0x08004212   0x00000022   Code   RO         3571    i.I2C_Flush_TXDR    stm32h7xx_hal_i2c.o
    0x08004234   0x08004234   0x00000110   Code   RO         3579    i.I2C_IsErrorOccurred  stm32h7xx_hal_i2c.o
    0x08004344   0x08004344   0x00000030   Code   RO         3588    i.I2C_TransferConfig  stm32h7xx_hal_i2c.o
    0x08004374   0x08004374   0x0000007c   Code   RO         3590    i.I2C_WaitOnFlagUntilTimeout  stm32h7xx_hal_i2c.o
    0x080043f0   0x080043f0   0x00000058   Code   RO         3592    i.I2C_WaitOnSTOPFlagUntilTimeout  stm32h7xx_hal_i2c.o
    0x08004448   0x08004448   0x0000005c   Code   RO         3593    i.I2C_WaitOnTXISFlagUntilTimeout  stm32h7xx_hal_i2c.o
    0x080044a4   0x080044a4   0x00000028   Code   RO          300    i.MX_FREERTOS_Init  freertos.o
    0x080044cc   0x080044cc   0x000000c0   Code   RO          276    i.MX_GPIO_Init      gpio.o
    0x0800458c   0x0800458c   0x00000058   Code   RO          378    i.MX_I2C1_Init      i2c.o
    0x080045e4   0x080045e4   0x00000098   Code   RO          441    i.MX_TIM2_Init      tim.o
    0x0800467c   0x0800467c   0x00000068   Code   RO          442    i.MX_TIM3_Init      tim.o
    0x080046e4   0x080046e4   0x00000068   Code   RO          501    i.MX_USART1_UART_Init  usart.o
    0x0800474c   0x0800474c   0x00000068   Code   RO          502    i.MX_USART2_UART_Init  usart.o
    0x080047b4   0x080047b4   0x0000004c   Code   RO         4692    i.MY_GPIO_Init      mygpio.o
    0x08004800   0x08004800   0x00000002   Code   RO          553    i.MemManage_Handler  stm32h7xx_it.o
    0x08004802   0x08004802   0x00000002   PAD
    0x08004804   0x08004804   0x0000003c   Code   RO         5207    i.Motor_Forward     motor.o
    0x08004840   0x08004840   0x00000002   Code   RO          554    i.NMI_Handler       stm32h7xx_it.o
    0x08004842   0x08004842   0x000000b6   Code   RO         4848    i.OLED_Init         oled.o
    0x080048f8   0x080048f8   0x00000010   Code   RO         4849    i.OLED_NewFrame     oled.o
    0x08004908   0x08004908   0x00000022   Code   RO         4850    i.OLED_PrintASCIIChar  oled.o
    0x0800492a   0x0800492a   0x0000002e   Code   RO         4851    i.OLED_PrintASCIIString  oled.o
    0x08004958   0x08004958   0x0000001c   Code   RO         4853    i.OLED_Send         oled.o
    0x08004974   0x08004974   0x00000010   Code   RO         4854    i.OLED_SendCmd      oled.o
    0x08004984   0x08004984   0x00000048   Code   RO         4855    i.OLED_SetBits      oled.o
    0x080049cc   0x080049cc   0x00000068   Code   RO         4856    i.OLED_SetBits_Fine  oled.o
    0x08004a34   0x08004a34   0x0000008c   Code   RO         4857    i.OLED_SetBlock     oled.o
    0x08004ac0   0x08004ac0   0x0000004c   Code   RO         4859    i.OLED_SetByte_Fine  oled.o
    0x08004b0c   0x08004b0c   0x00000048   Code   RO         4862    i.OLED_ShowFrame    oled.o
    0x08004b54   0x08004b54   0x0000013c   Code   RO          301    i.OLED_Task         freertos.o
    0x08004c90   0x08004c90   0x00000120   Code   RO         1980    i.RCCEx_PLL2_Config  stm32h7xx_hal_rcc_ex.o
    0x08004db0   0x08004db0   0x00000120   Code   RO         1981    i.RCCEx_PLL3_Config  stm32h7xx_hal_rcc_ex.o
    0x08004ed0   0x08004ed0   0x00000088   Code   RO          302    i.StartDefaultTask  freertos.o
    0x08004f58   0x08004f58   0x0000002c   Code   RO         6479    i.SysTick_Handler   port.o
    0x08004f84   0x08004f84   0x000000a8   Code   RO           16    i.SystemClock_Config  main.o
    0x0800502c   0x0800502c   0x000000f8   Code   RO         4651    i.SystemInit        system_stm32h7xx.o
    0x08005124   0x08005124   0x0000000c   Code   RO          555    i.TIM7_IRQHandler   stm32h7xx_it.o
    0x08005130   0x08005130   0x000000cc   Code   RO          787    i.TIM_Base_SetConfig  stm32h7xx_hal_tim.o
    0x080051fc   0x080051fc   0x0000001a   Code   RO          788    i.TIM_CCxChannelCmd  stm32h7xx_hal_tim.o
    0x08005216   0x08005216   0x00000012   Code   RO          798    i.TIM_ETR_SetConfig  stm32h7xx_hal_tim.o
    0x08005228   0x08005228   0x00000014   Code   RO          799    i.TIM_ITRx_SetConfig  stm32h7xx_hal_tim.o
    0x0800523c   0x0800523c   0x000000a4   Code   RO          800    i.TIM_OC1_SetConfig  stm32h7xx_hal_tim.o
    0x080052e0   0x080052e0   0x00000098   Code   RO          801    i.TIM_OC2_SetConfig  stm32h7xx_hal_tim.o
    0x08005378   0x08005378   0x00000098   Code   RO          802    i.TIM_OC3_SetConfig  stm32h7xx_hal_tim.o
    0x08005410   0x08005410   0x00000078   Code   RO          803    i.TIM_OC4_SetConfig  stm32h7xx_hal_tim.o
    0x08005488   0x08005488   0x00000074   Code   RO          804    i.TIM_OC5_SetConfig  stm32h7xx_hal_tim.o
    0x080054fc   0x080054fc   0x00000074   Code   RO          805    i.TIM_OC6_SetConfig  stm32h7xx_hal_tim.o
    0x08005570   0x08005570   0x00000022   Code   RO          807    i.TIM_TI1_ConfigInputStage  stm32h7xx_hal_tim.o
    0x08005592   0x08005592   0x00000024   Code   RO          809    i.TIM_TI2_ConfigInputStage  stm32h7xx_hal_tim.o
    0x080055b6   0x080055b6   0x00000002   PAD
    0x080055b8   0x080055b8   0x00000044   Code   RO         4545    i.UARTEx_SetNbDataToProcess  stm32h7xx_hal_uart_ex.o
    0x080055fc   0x080055fc   0x000000c8   Code   RO         4154    i.UART_AdvFeatureConfig  stm32h7xx_hal_uart.o
    0x080056c4   0x080056c4   0x000000aa   Code   RO         4155    i.UART_CheckIdleState  stm32h7xx_hal_uart.o
    0x0800576e   0x0800576e   0x00000002   PAD
    0x08005770   0x08005770   0x00000054   Code   RO         4166    i.UART_EndRxTransfer  stm32h7xx_hal_uart.o
    0x080057c4   0x080057c4   0x000003ac   Code   RO         4172    i.UART_SetConfig    stm32h7xx_hal_uart.o
    0x08005b70   0x08005b70   0x00000094   Code   RO         4179    i.UART_WaitOnFlagUntilTimeout  stm32h7xx_hal_uart.o
    0x08005c04   0x08005c04   0x00000002   Code   RO          556    i.UsageFault_Handler  stm32h7xx_it.o
    0x08005c06   0x08005c06   0x00000002   Code   RO          303    i.ZDT_Task          freertos.o
    0x08005c08   0x08005c08   0x00000030   Code   RO         6681    i.__ARM_fpclassify  m_wv.l(fpclassify.o)
    0x08005c38   0x08005c38   0x00000022   Code   RO         1720    i.__NVIC_SetPriority  stm32h7xx_hal_cortex.o
    0x08005c5a   0x08005c5a   0x0000000e   Code   RO         6577    i._is_digit         c_w.l(__printf_wp.o)
    0x08005c68   0x08005c68   0x000000b0   Code   RO           17    i.main              main.o
    0x08005d18   0x08005d18   0x0000000e   Code   RO         6044    i.makeFreeRtosPriority  cmsis_os.o
    0x08005d26   0x08005d26   0x00000002   PAD
    0x08005d28   0x08005d28   0x0000001c   Code   RO          304    i.motor_Task        freertos.o
    0x08005d44   0x08005d44   0x0000000e   Code   RO         6046    i.osDelay           cmsis_os.o
    0x08005d52   0x08005d52   0x0000000a   Code   RO         6049    i.osKernelStart     cmsis_os.o
    0x08005d5c   0x08005d5c   0x00000054   Code   RO         6083    i.osThreadCreate    cmsis_os.o
    0x08005db0   0x08005db0   0x00000070   Code   RO         5726    i.prvAddCurrentTaskToDelayedList  tasks.o
    0x08005e20   0x08005e20   0x000000d0   Code   RO         5727    i.prvAddNewTaskToReadyList  tasks.o
    0x08005ef0   0x08005ef0   0x00000034   Code   RO         5728    i.prvDeleteTCB      tasks.o
    0x08005f24   0x08005f24   0x00000050   Code   RO         6411    i.prvHeapInit       heap_4.o
    0x08005f74   0x08005f74   0x00000060   Code   RO         5729    i.prvIdleTask       tasks.o
    0x08005fd4   0x08005fd4   0x0000009a   Code   RO         5730    i.prvInitialiseNewTask  tasks.o
    0x0800606e   0x0800606e   0x00000002   PAD
    0x08006070   0x08006070   0x0000004c   Code   RO         6412    i.prvInsertBlockIntoFreeList  heap_4.o
    0x080060bc   0x080060bc   0x00000020   Code   RO         5731    i.prvResetNextTaskUnblockTime  tasks.o
    0x080060dc   0x080060dc   0x00000028   Code   RO         6480    i.prvTaskExitError  port.o
    0x08006104   0x08006104   0x000000dc   Code   RO         6413    i.pvPortMalloc      heap_4.o
    0x080061e0   0x080061e0   0x00000030   Code   RO         6481    i.pxPortInitialiseStack  port.o
    0x08006210   0x08006210   0x00000026   Code   RO         5368    i.uxListRemove      list.o
    0x08006236   0x08006236   0x00000002   PAD
    0x08006238   0x08006238   0x00000018   Code   RO          305    i.vApplicationGetIdleTaskMemory  freertos.o
    0x08006250   0x08006250   0x00000016   Code   RO         5369    i.vListInitialise   list.o
    0x08006266   0x08006266   0x00000006   Code   RO         5370    i.vListInitialiseItem  list.o
    0x0800626c   0x0800626c   0x00000030   Code   RO         5371    i.vListInsert       list.o
    0x0800629c   0x0800629c   0x00000018   Code   RO         5372    i.vListInsertEnd    list.o
    0x080062b4   0x080062b4   0x00000040   Code   RO         6483    i.vPortEnterCritical  port.o
    0x080062f4   0x080062f4   0x00000028   Code   RO         6484    i.vPortExitCritical  port.o
    0x0800631c   0x0800631c   0x00000064   Code   RO         6414    i.vPortFree         heap_4.o
    0x08006380   0x08006380   0x00000024   Code   RO         6485    i.vPortSetupTimerInterrupt  port.o
    0x080063a4   0x080063a4   0x0000004c   Code   RO         5740    i.vTaskDelay        tasks.o
    0x080063f0   0x080063f0   0x000000ac   Code   RO         5741    i.vTaskDelete       tasks.o
    0x0800649c   0x0800649c   0x0000006c   Code   RO         5753    i.vTaskStartScheduler  tasks.o
    0x08006508   0x08006508   0x00000010   Code   RO         5755    i.vTaskSuspendAll   tasks.o
    0x08006518   0x08006518   0x0000005c   Code   RO         5756    i.vTaskSwitchContext  tasks.o
    0x08006574   0x08006574   0x000000f4   Code   RO         6487    i.xPortStartScheduler  port.o
    0x08006668   0x08006668   0x0000005a   Code   RO         5759    i.xTaskCreate       tasks.o
    0x080066c2   0x080066c2   0x00000056   Code   RO         5760    i.xTaskCreateStatic  tasks.o
    0x08006718   0x08006718   0x000000cc   Code   RO         5767    i.xTaskIncrementTick  tasks.o
    0x080067e4   0x080067e4   0x000000c4   Code   RO         5773    i.xTaskResumeAll    tasks.o
    0x080068a8   0x080068a8   0x0000002c   Code   RO         6676    locale$$code        c_w.l(lc_numeric_c.o)
    0x080068d4   0x080068d4   0x0000000a   Code   RO         6757    x$fpl$fpinit        fz_wv.l(fpinit.o)
    0x080068de   0x080068de   0x00000004   Code   RO         6606    x$fpl$printf1       fz_wv.l(printf1.o)
    0x080068e2   0x080068e2   0x00000000   Code   RO         6680    x$fpl$usenofp       fz_wv.l(usenofp.o)
    0x080068e2   0x080068e2   0x00000002   PAD
    0x080068e4   0x080068e4   0x0000001c   Data   RO          307    .constdata          freertos.o
    0x08006900   0x08006900   0x00000018   Data   RO         4180    .constdata          stm32h7xx_hal_uart.o
    0x08006918   0x08006918   0x00000010   Data   RO         4546    .constdata          stm32h7xx_hal_uart_ex.o
    0x08006928   0x08006928   0x00000010   Data   RO         4652    .constdata          system_stm32h7xx.o
    0x08006938   0x08006938   0x00000474   Data   RO         4810    .constdata          font.o
    0x08006dac   0x08006dac   0x00000008   Data   RO         4811    .constdata          font.o
    0x08006db4   0x08006db4   0x00000094   Data   RO         6651    .constdata          c_w.l(bigflt0.o)
    0x08006e48   0x08006e48   0x0000000c   Data   RO          308    .conststring        freertos.o
    0x08006e54   0x08006e54   0x00000020   Data   RO         6826    Region$$Table       anon$$obj.o
    0x08006e74   0x08006e74   0x0000001c   Data   RO         6675    locale$$data        c_w.l(lc_numeric_c.o)


    Execution Region RW_IRAM1 (Exec base: 0x20000000, Load base: 0x08006e90, Size: 0x00000000, Max: 0x00020000, ABSOLUTE)

    **** No section assigned to this execution region ****


    Execution Region RW_IRAM2 (Exec base: 0x24000000, Load base: 0x08006e90, Size: 0x00004d60, Max: 0x00080000, ABSOLUTE)

    Exec Addr    Load Addr    Size         Type   Attr      Idx    E Section Name        Object

    0x24000000   0x08006e90   0x00000038   Data   RW           18    .data               main.o
    0x24000038   0x08006ec8   0x00000004   Data   RW           19    .data               main.o
    0x2400003c   0x08006ecc   0x00000010   Data   RW          309    .data               freertos.o
    0x2400004c   0x08006edc   0x0000000c   Data   RW         3249    .data               stm32h7xx_hal.o
    0x24000058   0x08006ee8   0x00000008   Data   RW         4653    .data               system_stm32h7xx.o
    0x24000060   0x08006ef0   0x00000004   Data   RW         4865    .data               oled.o
    0x24000064   0x08006ef4   0x00000008   Data   RW         5162    .data               encoder.o
    0x2400006c   0x08006efc   0x0000003c   Data   RW         5776    .data               tasks.o
    0x240000a8   0x08006f38   0x00000020   Data   RW         6420    .data               heap_4.o
    0x240000c8   0x08006f58   0x0000000c   Data   RW         6488    .data               port.o
    0x240000d4        -       0x00000254   Zero   RW          306    .bss                freertos.o
    0x24000328        -       0x00000054   Zero   RW          379    .bss                i2c.o
    0x2400037c        -       0x00000098   Zero   RW          443    .bss                tim.o
    0x24000414        -       0x00000128   Zero   RW          503    .bss                usart.o
    0x2400053c        -       0x0000004c   Zero   RW          656    .bss                stm32h7xx_hal_timebase_tim.o
    0x24000588        -       0x00000481   Zero   RW         4864    .bss                oled.o
    0x24000a09   0x08006f64   0x00000003   PAD
    0x24000a0c        -       0x000000f0   Zero   RW         5775    .bss                tasks.o
    0x24000afc        -       0x00003c00   Zero   RW         6419    .bss                heap_4.o
    0x240046fc        -       0x00000060   Zero   RW         6684    .bss                c_w.l(libspace.o)
    0x2400475c   0x08006f64   0x00000004   PAD
    0x24004760        -       0x00000200   Zero   RW            2    HEAP                startup_stm32h743xx.o
    0x24004960        -       0x00000400   Zero   RW            1    STACK               startup_stm32h743xx.o


==============================================================================

Image component sizes


      Code (inc. data)   RO Data    RW Data    ZI Data      Debug   Object Name

       122          0          0          0          0      23257   cmsis_os.o
        52         16          0          8          0       2130   encoder.o
         0          0          0          0          0      16876   event_groups.o
         0          0       1148          0          0       1981   font.o
       546        144         40         16        596       4556   freertos.o
       192          8          0          0          0        971   gpio.o
       476         24          0         32      15360       7407   heap_4.o
       224         26          0          0         84       1757   i2c.o
       138          0          0          0          0       3542   list.o
       370         26          0         60          0    1335082   main.o
        60          4          0          0          0        600   motor.o
        76         12          0          0          0        879   mygpio.o
       786         30          0          4       1153       9469   oled.o
       706         74          0         12          0      10984   port.o
        72         30        664          0       1536        844   startup_stm32h743xx.o
       168         36          0         12          0      22649   stm32h7xx_hal.o
       316         28          0          0          0      40956   stm32h7xx_hal_cortex.o
       590         50          0          0          0       2831   stm32h7xx_hal_gpio.o
      1182         22          0          0          0       9589   stm32h7xx_hal_i2c.o
       172          0          0          0          0       1967   stm32h7xx_hal_i2c_ex.o
        36          4          0          0          0        822   stm32h7xx_hal_msp.o
        84          6          0          0          0        789   stm32h7xx_hal_pwr_ex.o
      2558        110          0          0          0       7757   stm32h7xx_hal_rcc.o
      3736        118          0          0          0       7765   stm32h7xx_hal_rcc_ex.o
      2978        282          0          0          0      20797   stm32h7xx_hal_tim.o
       170         30          0          0          0       3112   stm32h7xx_hal_tim_ex.o
       140         20          0          0         76       1479   stm32h7xx_hal_timebase_tim.o
      1648        112         24          0          0      25502   stm32h7xx_hal_uart.o
       284          6         16          0          0       3693   stm32h7xx_hal_uart_ex.o
        94         22          0          0          0       4644   stm32h7xx_it.o
       276         48         16          8          0       1881   system_stm32h7xx.o
      1694        124          0         60        240      20392   tasks.o
       468         38          0          0        152       3755   tim.o
       424         38          0          0        296       2579   usart.o

    ----------------------------------------------------------------------
     20864       1488       1940        212      19496    1603294   Object Totals
         0          0         32          0          0          0   (incl. Generated)
        26          0          0          0          3          0   (incl. Padding)

    ----------------------------------------------------------------------

      Code (inc. data)   RO Data    RW Data    ZI Data      Debug   Library Member Name

         8          0          0          0          0         68   __main.o
       284          0          0          0          0        156   __printf_wp.o
         0          0          0          0          0          0   __rtentry.o
        12          0          0          0          0          0   __rtentry2.o
         6          0          0          0          0          0   __rtentry4.o
        52          8          0          0          0          0   __scatter.o
        26          0          0          0          0          0   __scatter_copy.o
        28          0          0          0          0          0   __scatter_zi.o
        48          6          0          0          0         96   _printf_char_common.o
         6          0          0          0          0          0   _printf_d.o
       120         16          0          0          0         92   _printf_dec.o
         6          0          0          0          0          0   _printf_f.o
      1054          0          0          0          0        216   _printf_fp_dec.o
       128         16          0          0          0         84   _printf_fp_infnan.o
       178          0          0          0          0         88   _printf_intcommon.o
         0          0          0          0          0          0   _printf_percent.o
         4          0          0          0          0          0   _printf_percent_end.o
        10          0          0          0          0         68   _sputc.o
       228          4        148          0          0         96   bigflt0.o
      1936        128          0          0          0        672   btod.o
        18          0          0          0          0         80   exit.o
         6          0          0          0          0        152   heapauxi.o
         0          0          0          0          0          0   indicate_semi.o
        44         10         28          0          0         76   lc_numeric_c.o
         2          0          0          0          0          0   libinit.o
        22          0          0          0          0          0   libinit2.o
         2          0          0          0          0          0   libshutdown.o
         2          0          0          0          0          0   libshutdown2.o
         8          4          0          0         96         68   libspace.o
       138          0          0          0          0         80   lludiv10.o
       238          0          0          0          0        100   lludivv7m.o
        40          6          0          0          0         84   noretval__2sprintf.o
         8          4          0          0          0         68   rt_locale_intlibspace.o
        68          0          0          0          0         68   rt_memclr.o
        78          0          0          0          0         80   rt_memclr_w.o
       138          0          0          0          0         68   rt_memcpy_v6.o
       100          0          0          0          0         80   rt_memcpy_w.o
         2          0          0          0          0          0   rtexit.o
        10          0          0          0          0          0   rtexit2.o
       104          0          0          0          0         68   strcmpv7m_pel.o
        12          4          0          0          0         68   sys_exit.o
        74          0          0          0          0         80   sys_stackheap_outer.o
         2          0          0          0          0         68   use_no_semi.o
        10          0          0          0          0        116   fpinit.o
         4          0          0          0          0        116   printf1.o
         0          0          0          0          0          0   usenofp.o
        48          0          0          0          0        124   fpclassify.o

    ----------------------------------------------------------------------
      5324        206        176          0        100       3280   Library Totals
        12          0          0          0          4          0   (incl. Padding)

    ----------------------------------------------------------------------

      Code (inc. data)   RO Data    RW Data    ZI Data      Debug   Library Name

      5250        206        176          0         96       2924   c_w.l
        14          0          0          0          0        232   fz_wv.l
        48          0          0          0          0        124   m_wv.l

    ----------------------------------------------------------------------
      5324        206        176          0        100       3280   Library Totals

    ----------------------------------------------------------------------

==============================================================================


      Code (inc. data)   RO Data    RW Data    ZI Data      Debug   

     26188       1694       2116        212      19596    1589162   Grand Totals
     26188       1694       2116        212      19596    1589162   ELF Image Totals
     26188       1694       2116        212          0          0   ROM Totals

==============================================================================

    Total RO  Size (Code + RO Data)                28304 (  27.64kB)
    Total RW  Size (RW Data + ZI Data)             19808 (  19.34kB)
    Total ROM Size (Code + RO Data + RW Data)      28516 (  27.85kB)

==============================================================================

