Component: ARM Compiler 5.06 update 5 (build 528) Tool: armlink [4d35e2]

==============================================================================

Section Cross References

    startup_stm32h743xx.o(STACK) refers (Special) to heapauxi.o(.text) for __use_two_region_memory
    startup_stm32h743xx.o(HEAP) refers (Special) to heapauxi.o(.text) for __use_two_region_memory
    startup_stm32h743xx.o(RESET) refers (Special) to heapauxi.o(.text) for __use_two_region_memory
    startup_stm32h743xx.o(RESET) refers to startup_stm32h743xx.o(STACK) for __initial_sp
    startup_stm32h743xx.o(RESET) refers to startup_stm32h743xx.o(.text) for Reset_Handler
    startup_stm32h743xx.o(RESET) refers to stm32h7xx_it.o(i.NMI_Handler) for NMI_Handler
    startup_stm32h743xx.o(RESET) refers to stm32h7xx_it.o(i.HardFault_Handler) for HardFault_Handler
    startup_stm32h743xx.o(RESET) refers to stm32h7xx_it.o(i.MemManage_Handler) for MemManage_Handler
    startup_stm32h743xx.o(RESET) refers to stm32h7xx_it.o(i.BusFault_Handler) for BusFault_Handler
    startup_stm32h743xx.o(RESET) refers to stm32h7xx_it.o(i.UsageFault_Handler) for UsageFault_Handler
    startup_stm32h743xx.o(RESET) refers to port.o(.emb_text) for SVC_Handler
    startup_stm32h743xx.o(RESET) refers to stm32h7xx_it.o(i.DebugMon_Handler) for DebugMon_Handler
    startup_stm32h743xx.o(RESET) refers to port.o(i.SysTick_Handler) for SysTick_Handler
    startup_stm32h743xx.o(RESET) refers to stm32h7xx_it.o(i.EXTI0_IRQHandler) for EXTI0_IRQHandler
    startup_stm32h743xx.o(RESET) refers to stm32h7xx_it.o(i.EXTI1_IRQHandler) for EXTI1_IRQHandler
    startup_stm32h743xx.o(RESET) refers to stm32h7xx_it.o(i.EXTI2_IRQHandler) for EXTI2_IRQHandler
    startup_stm32h743xx.o(RESET) refers to stm32h7xx_it.o(i.TIM7_IRQHandler) for TIM7_IRQHandler
    startup_stm32h743xx.o(.text) refers (Special) to heapauxi.o(.text) for __use_two_region_memory
    startup_stm32h743xx.o(.text) refers to system_stm32h7xx.o(i.ExitRun0Mode) for ExitRun0Mode
    startup_stm32h743xx.o(.text) refers to system_stm32h7xx.o(i.SystemInit) for SystemInit
    startup_stm32h743xx.o(.text) refers to __main.o(!!!main) for __main
    startup_stm32h743xx.o(.text) refers to startup_stm32h743xx.o(HEAP) for Heap_Mem
    startup_stm32h743xx.o(.text) refers to startup_stm32h743xx.o(STACK) for Stack_Mem
    main.o(i.HAL_GPIO_EXTI_Callback) refers to stm32h7xx_hal_gpio.o(i.HAL_GPIO_ReadPin) for HAL_GPIO_ReadPin
    main.o(i.HAL_GPIO_EXTI_Callback) refers to stm32h7xx_hal.o(i.HAL_Delay) for HAL_Delay
    main.o(i.HAL_GPIO_EXTI_Callback) refers to freertos.o(.data) for speed_Control
    main.o(i.HAL_TIM_PeriodElapsedCallback) refers to stm32h7xx_hal.o(i.HAL_IncTick) for HAL_IncTick
    main.o(i.SystemClock_Config) refers to rt_memclr_w.o(.text) for __aeabi_memclr4
    main.o(i.SystemClock_Config) refers to stm32h7xx_hal_pwr_ex.o(i.HAL_PWREx_ConfigSupply) for HAL_PWREx_ConfigSupply
    main.o(i.SystemClock_Config) refers to stm32h7xx_hal_rcc.o(i.HAL_RCC_OscConfig) for HAL_RCC_OscConfig
    main.o(i.SystemClock_Config) refers to stm32h7xx_hal_rcc.o(i.HAL_RCC_ClockConfig) for HAL_RCC_ClockConfig
    main.o(i.main) refers to stm32h7xx_hal_cortex.o(i.HAL_MPU_Disable) for HAL_MPU_Disable
    main.o(i.main) refers to stm32h7xx_hal_cortex.o(i.HAL_MPU_ConfigRegion) for HAL_MPU_ConfigRegion
    main.o(i.main) refers to stm32h7xx_hal_cortex.o(i.HAL_MPU_Enable) for HAL_MPU_Enable
    main.o(i.main) refers to stm32h7xx_hal.o(i.HAL_Init) for HAL_Init
    main.o(i.main) refers to main.o(i.SystemClock_Config) for SystemClock_Config
    main.o(i.main) refers to gpio.o(i.MX_GPIO_Init) for MX_GPIO_Init
    main.o(i.main) refers to usart.o(i.MX_USART2_UART_Init) for MX_USART2_UART_Init
    main.o(i.main) refers to usart.o(i.MX_USART1_UART_Init) for MX_USART1_UART_Init
    main.o(i.main) refers to i2c.o(i.MX_I2C1_Init) for MX_I2C1_Init
    main.o(i.main) refers to tim.o(i.MX_TIM2_Init) for MX_TIM2_Init
    main.o(i.main) refers to tim.o(i.MX_TIM3_Init) for MX_TIM3_Init
    main.o(i.main) refers to mygpio.o(i.MY_GPIO_Init) for MY_GPIO_Init
    main.o(i.main) refers to stm32h7xx_hal.o(i.HAL_Delay) for HAL_Delay
    main.o(i.main) refers to oled.o(i.OLED_Init) for OLED_Init
    main.o(i.main) refers to freertos.o(i.MX_FREERTOS_Init) for MX_FREERTOS_Init
    main.o(i.main) refers to cmsis_os.o(i.osKernelStart) for osKernelStart
    gpio.o(i.MX_GPIO_Init) refers to rt_memclr_w.o(.text) for __aeabi_memclr4
    gpio.o(i.MX_GPIO_Init) refers to stm32h7xx_hal_gpio.o(i.HAL_GPIO_WritePin) for HAL_GPIO_WritePin
    gpio.o(i.MX_GPIO_Init) refers to stm32h7xx_hal_gpio.o(i.HAL_GPIO_Init) for HAL_GPIO_Init
    gpio.o(i.MX_GPIO_Init) refers to stm32h7xx_hal_cortex.o(i.HAL_NVIC_SetPriority) for HAL_NVIC_SetPriority
    gpio.o(i.MX_GPIO_Init) refers to stm32h7xx_hal_cortex.o(i.HAL_NVIC_EnableIRQ) for HAL_NVIC_EnableIRQ
    freertos.o(i.MX_FREERTOS_Init) refers to rt_memcpy_w.o(.text) for __aeabi_memcpy4
[...]
    prvAddCurrentTaskToDelayedList           0x08004e29   Thumb Code   102  tasks.o(i.prvAddCurrentTaskToDelayedList)
    i.prvAddNewTaskToReadyList               0x08004e98   Section        0  tasks.o(i.prvAddNewTaskToReadyList)
    prvAddNewTaskToReadyList                 0x08004e99   Thumb Code   194  tasks.o(i.prvAddNewTaskToReadyList)
    i.prvDeleteTCB                           0x08004f68   Section        0  tasks.o(i.prvDeleteTCB)
    prvDeleteTCB                             0x08004f69   Thumb Code    52  tasks.o(i.prvDeleteTCB)
    i.prvHeapInit                            0x08004f9c   Section        0  heap_4.o(i.prvHeapInit)
    prvHeapInit                              0x08004f9d   Thumb Code    70  heap_4.o(i.prvHeapInit)
    i.prvIdleTask                            0x08004fec   Section        0  tasks.o(i.prvIdleTask)
    prvIdleTask                              0x08004fed   Thumb Code    82  tasks.o(i.prvIdleTask)
    i.prvInitialiseNewTask                   0x0800504c   Section        0  tasks.o(i.prvInitialiseNewTask)
    prvInitialiseNewTask                     0x0800504d   Thumb Code   154  tasks.o(i.prvInitialiseNewTask)
    i.prvInsertBlockIntoFreeList             0x080050e8   Section        0  heap_4.o(i.prvInsertBlockIntoFreeList)
    prvInsertBlockIntoFreeList               0x080050e9   Thumb Code    72  heap_4.o(i.prvInsertBlockIntoFreeList)
    i.prvResetNextTaskUnblockTime            0x08005134   Section        0  tasks.o(i.prvResetNextTaskUnblockTime)
    prvResetNextTaskUnblockTime              0x08005135   Thumb Code    26  tasks.o(i.prvResetNextTaskUnblockTime)
    i.prvTaskExitError                       0x08005154   Section        0  port.o(i.prvTaskExitError)
    prvTaskExitError                         0x08005155   Thumb Code    36  port.o(i.prvTaskExitError)
    i.pvPortMalloc                           0x0800517c   Section        0  heap_4.o(i.pvPortMalloc)
    i.pxPortInitialiseStack                  0x08005258   Section        0  port.o(i.pxPortInitialiseStack)
    i.uxListRemove                           0x08005288   Section        0  list.o(i.uxListRemove)
    i.vApplicationGetIdleTaskMemory          0x080052b0   Section        0  freertos.o(i.vApplicationGetIdleTaskMemory)
    i.vListInitialise                        0x080052c8   Section        0  list.o(i.vListInitialise)
    i.vListInitialiseItem                    0x080052de   Section        0  list.o(i.vListInitialiseItem)
    i.vListInsert                            0x080052e4   Section        0  list.o(i.vListInsert)
    i.vListInsertEnd                         0x08005314   Section        0  list.o(i.vListInsertEnd)
    i.vPortEnterCritical                     0x0800532c   Section        0  port.o(i.vPortEnterCritical)
    i.vPortExitCritical                      0x0800536c   Section        0  port.o(i.vPortExitCritical)
    i.vPortFree                              0x08005394   Section        0  heap_4.o(i.vPortFree)
    i.vPortSetupTimerInterrupt               0x080053f8   Section        0  port.o(i.vPortSetupTimerInterrupt)
    i.vTaskDelay                             0x0800541c   Section        0  tasks.o(i.vTaskDelay)
    i.vTaskDelete                            0x08005468   Section        0  tasks.o(i.vTaskDelete)
    i.vTaskStartScheduler                    0x08005514   Section        0  tasks.o(i.vTaskStartScheduler)
    i.vTaskSuspendAll                        0x08005580   Section        0  tasks.o(i.vTaskSuspendAll)
    i.vTaskSwitchContext                     0x08005590   Section        0  tasks.o(i.vTaskSwitchContext)
    i.xPortStartScheduler                    0x080055ec   Section        0  port.o(i.xPortStartScheduler)
    i.xTaskCreate                            0x080056e0   Section        0  tasks.o(i.xTaskCreate)
    i.xTaskCreateStatic                      0x0800573a   Section        0  tasks.o(i.xTaskCreateStatic)
    i.xTaskIncrementTick                     0x08005790   Section        0  tasks.o(i.xTaskIncrementTick)
    i.xTaskResumeAll                         0x0800585c   Section        0  tasks.o(i.xTaskResumeAll)
    x$fpl$fpinit                             0x08005920   Section       10  fpinit.o(x$fpl$fpinit)
    $v0                                      0x08005920   Number         0  fpinit.o(x$fpl$fpinit)
    .constdata                               0x0800592c   Section       28  freertos.o(.constdata)
    .constdata                               0x08005948   Section       24  stm32h7xx_hal_uart.o(.constdata)
    .constdata                               0x08005960   Section       16  stm32h7xx_hal_uart_ex.o(.constdata)
    numerator                                0x08005960   Data           8  stm32h7xx_hal_uart_ex.o(.constdata)
    denominator                              0x08005968   Data           8  stm32h7xx_hal_uart_ex.o(.constdata)
    .constdata                               0x08005970   Section       16  system_stm32h7xx.o(.constdata)
    .constdata                               0x08005980   Section     1140  font.o(.constdata)
    .constdata                               0x08005df4   Section        8  font.o(.constdata)
    .conststring                             0x08005dfc   Section       12  freertos.o(.conststring)
    .data                                    0x24000000   Section       16  freertos.o(.data)
    .data                                    0x24000010   Section       12  stm32h7xx_hal.o(.data)
    .data                                    0x2400001c   Section        8  system_stm32h7xx.o(.data)
    .data                                    0x24000024   Section        1  zdtcontrol.o(.data)
    .data                                    0x24000025   Section        4  oled.o(.data)
    temp                                     0x24000025   Data           1  oled.o(.data)
    temp                                     0x24000026   Data           1  oled.o(.data)
    sendBuffer                               0x24000027   Data           2  oled.o(.data)
    .data                                    0x2400002c   Section       60  tasks.o(.data)
    uxDeletedTasksWaitingCleanUp             0x24000030   Data           4  tasks.o(.data)
    uxCurrentNumberOfTasks                   0x24000034   Data           4  tasks.o(.data)
    xTickCount                               0x24000038   Data           4  tasks.o(.data)
    uxTopReadyPriority                       0x2400003c   Data           4  tasks.o(.data)
    xSchedulerRunning                        0x24000040   Data           4  tasks.o(.data)
    xPendedTicks                             0x24000044   Data           4  tasks.o(.data)
    xYieldPending                            0x24000048   Data           4  tasks.o(.data)
    xNumOfOverflows                          0x2400004c   Data           4  tasks.o(.data)
    uxTaskNumber                             0x24000050   Data           4  tasks.o(.data)
    xNextTaskUnblockTime                     0x24000054   Data           4  tasks.o(.data)
    xIdleTaskHandle                          0x24000058   Data           4  tasks.o(.data)
    uxSchedulerSuspended                     0x2400005c   Data           4  tasks.o(.data)
    pxDelayedTaskList                        0x24000060   Data           4  tasks.o(.data)
    pxOverflowDelayedTaskList                0x24000064   Data           4  tasks.o(.data)
    .data                                    0x24000068   Section       32  heap_4.o(.data)
    pxEnd                                    0x24000068   Data           4  heap_4.o(.data)
    xFreeBytesRemaining                      0x2400006c   Data           4  heap_4.o(.data)
    xMinimumEverFreeBytesRemaining           0x24000070   Data           4  heap_4.o(.data)
    xNumberOfSuccessfulAllocations           0x24000074   Data           4  heap_4.o(.data)
    xNumberOfSuccessfulFrees                 0x24000078   Data           4  heap_4.o(.data)
    xBlockAllocatedBit                       0x2400007c   Data           4  heap_4.o(.data)
    xStart                                   0x24000080   Data           8  heap_4.o(.data)
    .data                                    0x24000088   Section       12  port.o(.data)
    ucMaxSysCallPriority                     0x24000088   Data           1  port.o(.data)
    uxCriticalNesting                        0x2400008c   Data           4  port.o(.data)
    ulMaxPRIGROUPValue                       0x24000090   Data           4  port.o(.data)
    .bss                                     0x24000094   Section      596  freertos.o(.bss)
    xIdleTaskTCBBuffer                       0x24000094   Data          84  freertos.o(.bss)
    xIdleStack                               0x240000e8   Data         512  freertos.o(.bss)
    .bss                                     0x240002e8   Section       84  i2c.o(.bss)
    .bss                                     0x2400033c   Section      152  tim.o(.bss)
    .bss                                     0x240003d4   Section      296  usart.o(.bss)
    .bss                                     0x240004fc   Section       76  stm32h7xx_hal_timebase_tim.o(.bss)
    .bss                                     0x24000548   Section       30  zdtcontrol.o(.bss)
    .bss                                     0x24000566   Section     1153  oled.o(.bss)
    sendBuffer                               0x24000566   Data         129  oled.o(.bss)
    .bss                                     0x240009e8   Section      240  tasks.o(.bss)
    pxReadyTasksLists                        0x240009e8   Data         140  tasks.o(.bss)
    xDelayedTaskList1                        0x24000a74   Data          20  tasks.o(.bss)
    xDelayedTaskList2                        0x24000a88   Data          20  tasks.o(.bss)
    xPendingReadyList                        0x24000a9c   Data          20  tasks.o(.bss)
    xTasksWaitingTermination                 0x24000ab0   Data          20  tasks.o(.bss)
    xSuspendedTaskList                       0x24000ac4   Data          20  tasks.o(.bss)
    .bss                                     0x24000ad8   Section    15360  heap_4.o(.bss)
    ucHeap                                   0x24000ad8   Data       15360  heap_4.o(.bss)
    .bss                                     0x240046d8   Section       96  libspace.o(.bss)
    HEAP                                     0x24004738   Section      512  startup_stm32h743xx.o(HEAP)
    Heap_Mem                                 0x24004738   Data         512  startup_stm32h743xx.o(HEAP)
    STACK                                    0x24004938   Section     1024  startup_stm32h743xx.o(STACK)
    Stack_Mem                                0x24004938   Data        1024  startup_stm32h743xx.o(STACK)
    __initial_sp                             0x24004d38   Data           0  startup_stm32h743xx.o(STACK)

    Global Symbols

    Symbol Name                              Value     Ov Type        Size  Object(Section)

    BuildAttributes$$THM_ISAv4$E$P$D$K$B$S$7EM$VFPv5_D16$PE$PLD8$A:L22UL41UL21$X:L11$S22US41US21$IEEE1$IW$USESV6$~STKCKD$USESV7$~SHL$OSPACE$ROPI$EBA8$UX$STANDARDLIB$REQ8$PRES8$EABIv2 0x00000000   Number         0  anon$$obj.o ABSOLUTE
    __ARM_use_no_argv                        0x00000000   Number         0  main.o ABSOLUTE
    __ARM_exceptions_init                     - Undefined Weak Reference
    __alloca_initialize                       - Undefined Weak Reference
    __arm_preinit_                            - Undefined Weak Reference
    __cpp_initialize__aeabi_                  - Undefined Weak Reference
    __cxa_finalize                            - Undefined Weak Reference
    __rt_locale                               - Undefined Weak Reference
    __sigvec_lookup                           - Undefined Weak Reference
    _atexit_init                              - Undefined Weak Reference
    _call_atexit_fns                          - Undefined Weak Reference
    _clock_init                               - Undefined Weak Reference
    _fp_trap_init                             - Undefined Weak Reference
    _fp_trap_shutdown                         - Undefined Weak Reference
    _get_lc_collate                           - Undefined Weak Reference
    _get_lc_ctype                             - Undefined Weak Reference
    _get_lc_monetary                          - Undefined Weak Reference
    _get_lc_numeric                           - Undefined Weak Reference
    _get_lc_time                              - Undefined Weak Reference
    _getenv_init                              - Undefined Weak Reference
    _handle_redirection                       - Undefined Weak Reference
    _init_alloc                               - Undefined Weak Reference
    _init_user_alloc                          - Undefined Weak Reference
    _initio                                   - Undefined Weak Reference
    _printf_post_padding                      - Undefined Weak Reference
    _printf_pre_padding                       - Undefined Weak Reference
    _printf_truncate_signed                   - Undefined Weak Reference
    _printf_truncate_unsigned                 - Undefined Weak Reference
    _rand_init                                - Undefined Weak Reference
    _signal_finish                            - Undefined Weak Reference
    _signal_init                              - Undefined Weak Reference
    _terminate_alloc                          - Undefined Weak Reference
    _terminate_user_alloc                     - Undefined Weak Reference
    _terminateio                              - Undefined Weak Reference
    __Vectors_Size                           0x00000298   Number         0  startup_stm32h743xx.o ABSOLUTE
    __Vectors                                0x08000000   Data           4  startup_stm32h743xx.o(RESET)
    __Vectors_End                            0x08000298   Data           0  startup_stm32h743xx.o(RESET)
    __main                                   0x08000299   Thumb Code     8  __main.o(!!!main)
    __scatterload                            0x080002a1   Thumb Code     0  __scatter.o(!!!scatter)
    __scatterload_rt2                        0x080002a1   Thumb Code    44  __scatter.o(!!!scatter)
    __scatterload_rt2_thumb_only             0x080002a1   Thumb Code     0  __scatter.o(!!!scatter)
    __scatterload_null                       0x080002af   Thumb Code     0  __scatter.o(!!!scatter)
    __scatterload_copy                       0x080002d5   Thumb Code    26  __scatter_copy.o(!!handler_copy)
    __scatterload_zeroinit                   0x080002f1   Thumb Code    28  __scatter_zi.o(!!handler_zi)
    _printf_d                                0x0800030d   Thumb Code     0  _printf_d.o(.ARM.Collect$$_printf_percent$$00000009)
    _printf_percent                          0x0800030d   Thumb Code     0  _printf_percent.o(.ARM.Collect$$_printf_percent$$00000000)
    _printf_percent_end                      0x08000313   Thumb Code     0  _printf_percent_end.o(.ARM.Collect$$_printf_percent$$00000017)
    __rt_lib_init                            0x08000317   Thumb Code     0  libinit.o(.ARM.Collect$$libinit$$00000000)
    __rt_lib_init_fp_1                       0x08000319   Thumb Code     0  libinit2.o(.ARM.Collect$$libinit$$00000001)
    __rt_lib_init_alloca_1                   0x0800031d   Thumb Code     0  libinit2.o(.ARM.Collect$$libinit$$0000002E)
    __rt_lib_init_argv_1                     0x0800031d   Thumb Code     0  libinit2.o(.ARM.Collect$$libinit$$0000002C)
    __rt_lib_init_atexit_1                   0x0800031d   Thumb Code     0  libinit2.o(.ARM.Collect$$libinit$$0000001B)
    __rt_lib_init_clock_1                    0x0800031d   Thumb Code     0  libinit2.o(.ARM.Collect$$libinit$$00000021)
    __rt_lib_init_cpp_1                      0x0800031d   Thumb Code     0  libinit2.o(.ARM.Collect$$libinit$$00000032)
    __rt_lib_init_exceptions_1               0x0800031d   Thumb Code     0  libinit2.o(.ARM.Collect$$libinit$$00000030)
    __rt_lib_init_fp_trap_1                  0x0800031d   Thumb Code     0  libinit2.o(.ARM.Collect$$libinit$$0000001F)
    __rt_lib_init_getenv_1                   0x0800031d   Thumb Code     0  libinit2.o(.ARM.Collect$$libinit$$00000023)
    __rt_lib_init_heap_1                     0x0800031d   Thumb Code     0  libinit2.o(.ARM.Collect$$libinit$$0000000A)
    __rt_lib_init_lc_collate_1               0x0800031d   Thumb Code     0  libinit2.o(.ARM.Collect$$libinit$$00000011)
    __rt_lib_init_lc_ctype_1                 0x0800031d   Thumb Code     0  libinit2.o(.ARM.Collect$$libinit$$00000013)
    __rt_lib_init_lc_monetary_1              0x0800031d   Thumb Code     0  libinit2.o(.ARM.Collect$$libinit$$00000015)
    __rt_lib_init_lc_numeric_1               0x0800031d   Thumb Code     0  libinit2.o(.ARM.Collect$$libinit$$00000017)
    __rt_lib_init_lc_time_1                  0x0800031d   Thumb Code     0  libinit2.o(.ARM.Collect$$libinit$$00000019)
    __rt_lib_init_preinit_1                  0x0800031d   Thumb Code     0  libinit2.o(.ARM.Collect$$libinit$$00000004)
    __rt_lib_init_rand_1                     0x0800031d   Thumb Code     0  libinit2.o(.ARM.Collect$$libinit$$0000000E)
    __rt_lib_init_return                     0x0800031d   Thumb Code     0  libinit2.o(.ARM.Collect$$libinit$$00000033)
    __rt_lib_init_signal_1                   0x0800031d   Thumb Code     0  libinit2.o(.ARM.Collect$$libinit$$0000001D)
    __rt_lib_init_stdio_1                    0x0800031d   Thumb Code     0  libinit2.o(.ARM.Collect$$libinit$$00000025)
    __rt_lib_init_user_alloc_1               0x0800031d   Thumb Code     0  libinit2.o(.ARM.Collect$$libinit$$0000000C)
    __rt_lib_shutdown                        0x0800031f   Thumb Code     0  libshutdown.o(.ARM.Collect$$libshutdown$$00000000)
    __rt_lib_shutdown_cpp_1                  0x08000321   Thumb Code     0  libshutdown2.o(.ARM.Collect$$libshutdown$$00000002)
    __rt_lib_shutdown_fp_trap_1              0x08000321   Thumb Code     0  libshutdown2.o(.ARM.Collect$$libshutdown$$00000007)
    __rt_lib_shutdown_heap_1                 0x08000321   Thumb Code     0  libshutdown2.o(.ARM.Collect$$libshutdown$$0000000F)
    __rt_lib_shutdown_return                 0x08000321   Thumb Code     0  libshutdown2.o(.ARM.Collect$$libshutdown$$00000010)
    __rt_lib_shutdown_signal_1               0x08000321   Thumb Code     0  libshutdown2.o(.ARM.Collect$$libshutdown$$0000000A)
    __rt_lib_shutdown_stdio_1                0x08000321   Thumb Code     0  libshutdown2.o(.ARM.Collect$$libshutdown$$00000004)
    __rt_lib_shutdown_user_alloc_1           0x08000321   Thumb Code     0  libshutdown2.o(.ARM.Collect$$libshutdown$$0000000C)
    __rt_entry                               0x08000323   Thumb Code     0  __rtentry.o(.ARM.Collect$$rtentry$$00000000)
    __rt_entry_presh_1                       0x08000323   Thumb Code     0  __rtentry2.o(.ARM.Collect$$rtentry$$00000002)
    __rt_entry_sh                            0x08000323   Thumb Code     0  __rtentry4.o(.ARM.Collect$$rtentry$$00000004)
    __rt_entry_li                            0x08000329   Thumb Code     0  __rtentry2.o(.ARM.Collect$$rtentry$$0000000A)
    __rt_entry_postsh_1                      0x08000329   Thumb Code     0  __rtentry2.o(.ARM.Collect$$rtentry$$00000009)
    __rt_entry_main                          0x0800032d   Thumb Code     0  __rtentry2.o(.ARM.Collect$$rtentry$$0000000D)
    __rt_entry_postli_1                      0x0800032d   Thumb Code     0  __rtentry2.o(.ARM.Collect$$rtentry$$0000000C)
    __rt_exit                                0x08000335   Thumb Code     0  rtexit.o(.ARM.Collect$$rtexit$$00000000)
    __rt_exit_ls                             0x08000337   Thumb Code     0  rtexit2.o(.ARM.Collect$$rtexit$$00000003)
    __rt_exit_prels_1                        0x08000337   Thumb Code     0  rtexit2.o(.ARM.Collect$$rtexit$$00000002)
    __rt_exit_exit                           0x0800033b   Thumb Code     0  rtexit2.o(.ARM.Collect$$rtexit$$00000004)
    SVC_Handler                              0x08000341   Thumb Code    28  port.o(.emb_text)
    __asm___6_port_c_39a90d8d__prvStartFirstTask 0x08000361   Thumb Code    36  port.o(.emb_text)
    __asm___6_port_c_39a90d8d__prvEnableVFP  0x08000389   Thumb Code    16  port.o(.emb_text)
    PendSV_Handler                           0x0800039d   Thumb Code    88  port.o(.emb_text)
    vPortGetIPSR                             0x080003f9   Thumb Code     6  port.o(.emb_text)
    Reset_Handler                            0x08000401   Thumb Code    12  startup_stm32h743xx.o(.text)
    ADC3_IRQHandler                          0x0800041f   Thumb Code     0  startup_stm32h743xx.o(.text)
    ADC_IRQHandler                           0x0800041f   Thumb Code     0  startup_stm32h743xx.o(.text)
    BDMA_Channel0_IRQHandler                 0x0800041f   Thumb Code     0  startup_stm32h743xx.o(.text)
    BDMA_Channel1_IRQHandler                 0x0800041f   Thumb Code     0  startup_stm32h743xx.o(.text)
    BDMA_Channel2_IRQHandler                 0x0800041f   Thumb Code     0  startup_stm32h743xx.o(.text)
    BDMA_Channel3_IRQHandler                 0x0800041f   Thumb Code     0  startup_stm32h743xx.o(.text)
    BDMA_Channel4_IRQHandler                 0x0800041f   Thumb Code     0  startup_stm32h743xx.o(.text)
    BDMA_Channel5_IRQHandler                 0x0800041f   Thumb Code     0  startup_stm32h743xx.o(.text)
    BDMA_Channel6_IRQHandler                 0x0800041f   Thumb Code     0  startup_stm32h743xx.o(.text)
    BDMA_Channel7_IRQHandler                 0x0800041f   Thumb Code     0  startup_stm32h743xx.o(.text)
    CEC_IRQHandler                           0x0800041f   Thumb Code     0  startup_stm32h743xx.o(.text)
    COMP1_IRQHandler                         0x0800041f   Thumb Code     0  startup_stm32h743xx.o(.text)
    CRS_IRQHandler                           0x0800041f   Thumb Code     0  startup_stm32h743xx.o(.text)
    DCMI_IRQHandler                          0x0800041f   Thumb Code     0  startup_stm32h743xx.o(.text)
    DFSDM1_FLT0_IRQHandler                   0x0800041f   Thumb Code     0  startup_stm32h743xx.o(.text)
    DFSDM1_FLT1_IRQHandler                   0x0800041f   Thumb Code     0  startup_stm32h743xx.o(.text)
    DFSDM1_FLT2_IRQHandler                   0x0800041f   Thumb Code     0  startup_stm32h743xx.o(.text)
    DFSDM1_FLT3_IRQHandler                   0x0800041f   Thumb Code     0  startup_stm32h743xx.o(.text)
    DMA1_Stream0_IRQHandler                  0x0800041f   Thumb Code     0  startup_stm32h743xx.o(.text)
    DMA1_Stream1_IRQHandler                  0x0800041f   Thumb Code     0  startup_stm32h743xx.o(.text)
    DMA1_Stream2_IRQHandler                  0x0800041f   Thumb Code     0  startup_stm32h743xx.o(.text)
    DMA1_Stream3_IRQHandler                  0x0800041f   Thumb Code     0  startup_stm32h743xx.o(.text)
    DMA1_Stream4_IRQHandler                  0x0800041f   Thumb Code     0  startup_stm32h743xx.o(.text)
    DMA1_Stream5_IRQHandler                  0x0800041f   Thumb Code     0  startup_stm32h743xx.o(.text)
    DMA1_Stream6_IRQHandler                  0x0800041f   Thumb Code     0  startup_stm32h743xx.o(.text)
    DMA1_Stream7_IRQHandler                  0x0800041f   Thumb Code     0  startup_stm32h743xx.o(.text)
    DMA2D_IRQHandler                         0x0800041f   Thumb Code     0  startup_stm32h743xx.o(.text)
    DMA2_Stream0_IRQHandler                  0x0800041f   Thumb Code     0  startup_stm32h743xx.o(.text)
    DMA2_Stream1_IRQHandler                  0x0800041f   Thumb Code     0  startup_stm32h743xx.o(.text)
    DMA2_Stream2_IRQHandler                  0x0800041f   Thumb Code     0  startup_stm32h743xx.o(.text)
    DMA2_Stream3_IRQHandler                  0x0800041f   Thumb Code     0  startup_stm32h743xx.o(.text)
    DMA2_Stream4_IRQHandler                  0x0800041f   Thumb Code     0  startup_stm32h743xx.o(.text)
    DMA2_Stream5_IRQHandler                  0x0800041f   Thumb Code     0  startup_stm32h743xx.o(.text)
    DMA2_Stream6_IRQHandler                  0x0800041f   Thumb Code     0  startup_stm32h743xx.o(.text)
    DMA2_Stream7_IRQHandler                  0x0800041f   Thumb Code     0  startup_stm32h743xx.o(.text)
    DMAMUX1_OVR_IRQHandler                   0x0800041f   Thumb Code     0  startup_stm32h743xx.o(.text)
    DMAMUX2_OVR_IRQHandler                   0x0800041f   Thumb Code     0  startup_stm32h743xx.o(.text)
    ECC_IRQHandler                           0x0800041f   Thumb Code     0  startup_stm32h743xx.o(.text)
    ETH_IRQHandler                           0x0800041f   Thumb Code     0  startup_stm32h743xx.o(.text)
    ETH_WKUP_IRQHandler                      0x0800041f   Thumb Code     0  startup_stm32h743xx.o(.text)
    EXTI15_10_IRQHandler                     0x0800041f   Thumb Code     0  startup_stm32h743xx.o(.text)
    EXTI3_IRQHandler                         0x0800041f   Thumb Code     0  startup_stm32h743xx.o(.text)
    EXTI4_IRQHandler                         0x0800041f   Thumb Code     0  startup_stm32h743xx.o(.text)
    EXTI9_5_IRQHandler                       0x0800041f   Thumb Code     0  startup_stm32h743xx.o(.text)
    FDCAN1_IT0_IRQHandler                    0x0800041f   Thumb Code     0  startup_stm32h743xx.o(.text)
    FDCAN1_IT1_IRQHandler                    0x0800041f   Thumb Code     0  startup_stm32h743xx.o(.text)
    FDCAN2_IT0_IRQHandler                    0x0800041f   Thumb Code     0  startup_stm32h743xx.o(.text)
    FDCAN2_IT1_IRQHandler                    0x0800041f   Thumb Code     0  startup_stm32h743xx.o(.text)
    FDCAN_CAL_IRQHandler                     0x0800041f   Thumb Code     0  startup_stm32h743xx.o(.text)
    FLASH_IRQHandler                         0x0800041f   Thumb Code     0  startup_stm32h743xx.o(.text)
    FMC_IRQHandler                           0x0800041f   Thumb Code     0  startup_stm32h743xx.o(.text)
    FPU_IRQHandler                           0x0800041f   Thumb Code     0  startup_stm32h743xx.o(.text)
    HRTIM1_FLT_IRQHandler                    0x0800041f   Thumb Code     0  startup_stm32h743xx.o(.text)
    HRTIM1_Master_IRQHandler                 0x0800041f   Thumb Code     0  startup_stm32h743xx.o(.text)
    HRTIM1_TIMA_IRQHandler                   0x0800041f   Thumb Code     0  startup_stm32h743xx.o(.text)
    HRTIM1_TIMB_IRQHandler                   0x0800041f   Thumb Code     0  startup_stm32h743xx.o(.text)
    HRTIM1_TIMC_IRQHandler                   0x0800041f   Thumb Code     0  startup_stm32h743xx.o(.text)
    HRTIM1_TIMD_IRQHandler                   0x0800041f   Thumb Code     0  startup_stm32h743xx.o(.text)
    HRTIM1_TIME_IRQHandler                   0x0800041f   Thumb Code     0  startup_stm32h743xx.o(.text)
    HSEM1_IRQHandler                         0x0800041f   Thumb Code     0  startup_stm32h743xx.o(.text)
    I2C1_ER_IRQHandler                       0x0800041f   Thumb Code     0  startup_stm32h743xx.o(.text)
    I2C1_EV_IRQHandler                       0x0800041f   Thumb Code     0  startup_stm32h743xx.o(.text)
    I2C2_ER_IRQHandler                       0x0800041f   Thumb Code     0  startup_stm32h743xx.o(.text)
    I2C2_EV_IRQHandler                       0x0800041f   Thumb Code     0  startup_stm32h743xx.o(.text)
    I2C3_ER_IRQHandler                       0x0800041f   Thumb Code     0  startup_stm32h743xx.o(.text)
    I2C3_EV_IRQHandler                       0x0800041f   Thumb Code     0  startup_stm32h743xx.o(.text)
    I2C4_ER_IRQHandler                       0x0800041f   Thumb Code     0  startup_stm32h743xx.o(.text)
    I2C4_EV_IRQHandler                       0x0800041f   Thumb Code     0  startup_stm32h743xx.o(.text)
    JPEG_IRQHandler                          0x0800041f   Thumb Code     0  startup_stm32h743xx.o(.text)
    LPTIM1_IRQHandler                        0x0800041f   Thumb Code     0  startup_stm32h743xx.o(.text)
    LPTIM2_IRQHandler                        0x0800041f   Thumb Code     0  startup_stm32h743xx.o(.text)
    LPTIM3_IRQHandler                        0x0800041f   Thumb Code     0  startup_stm32h743xx.o(.text)
    LPTIM4_IRQHandler                        0x0800041f   Thumb Code     0  startup_stm32h743xx.o(.text)
    LPTIM5_IRQHandler                        0x0800041f   Thumb Code     0  startup_stm32h743xx.o(.text)
    LPUART1_IRQHandler                       0x0800041f   Thumb Code     0  startup_stm32h743xx.o(.text)
    LTDC_ER_IRQHandler                       0x0800041f   Thumb Code     0  startup_stm32h743xx.o(.text)
    LTDC_IRQHandler                          0x0800041f   Thumb Code     0  startup_stm32h743xx.o(.text)
    MDIOS_IRQHandler                         0x0800041f   Thumb Code     0  startup_stm32h743xx.o(.text)
    MDIOS_WKUP_IRQHandler                    0x0800041f   Thumb Code     0  startup_stm32h743xx.o(.text)
    MDMA_IRQHandler                          0x0800041f   Thumb Code     0  startup_stm32h743xx.o(.text)
    OTG_FS_EP1_IN_IRQHandler                 0x0800041f   Thumb Code     0  startup_stm32h743xx.o(.text)
    OTG_FS_EP1_OUT_IRQHandler                0x0800041f   Thumb Code     0  startup_stm32h743xx.o(.text)
    OTG_FS_IRQHandler                        0x0800041f   Thumb Code     0  startup_stm32h743xx.o(.text)
    OTG_FS_WKUP_IRQHandler                   0x0800041f   Thumb Code     0  startup_stm32h743xx.o(.text)
    OTG_HS_EP1_IN_IRQHandler                 0x0800041f   Thumb Code     0  startup_stm32h743xx.o(.text)
    OTG_HS_EP1_OUT_IRQHandler                0x0800041f   Thumb Code     0  startup_stm32h743xx.o(.text)
    OTG_HS_IRQHandler                        0x0800041f   Thumb Code     0  startup_stm32h743xx.o(.text)
    OTG_HS_WKUP_IRQHandler                   0x0800041f   Thumb Code     0  startup_stm32h743xx.o(.text)
    PVD_AVD_IRQHandler                       0x0800041f   Thumb Code     0  startup_stm32h743xx.o(.text)
    QUADSPI_IRQHandler                       0x0800041f   Thumb Code     0  startup_stm32h743xx.o(.text)
    RCC_IRQHandler                           0x0800041f   Thumb Code     0  startup_stm32h743xx.o(.text)
    RNG_IRQHandler                           0x0800041f   Thumb Code     0  startup_stm32h743xx.o(.text)
    RTC_Alarm_IRQHandler                     0x0800041f   Thumb Code     0  startup_stm32h743xx.o(.text)
    RTC_WKUP_IRQHandler                      0x0800041f   Thumb Code     0  startup_stm32h743xx.o(.text)
    SAI1_IRQHandler                          0x0800041f   Thumb Code     0  startup_stm32h743xx.o(.text)
    SAI2_IRQHandler                          0x0800041f   Thumb Code     0  startup_stm32h743xx.o(.text)
    SAI3_IRQHandler                          0x0800041f   Thumb Code     0  startup_stm32h743xx.o(.text)
    SAI4_IRQHandler                          0x0800041f   Thumb Code     0  startup_stm32h743xx.o(.text)
    SDMMC1_IRQHandler                        0x0800041f   Thumb Code     0  startup_stm32h743xx.o(.text)
    SDMMC2_IRQHandler                        0x0800041f   Thumb Code     0  startup_stm32h743xx.o(.text)
    SPDIF_RX_IRQHandler                      0x0800041f   Thumb Code     0  startup_stm32h743xx.o(.text)
    SPI1_IRQHandler                          0x0800041f   Thumb Code     0  startup_stm32h743xx.o(.text)
    SPI2_IRQHandler                          0x0800041f   Thumb Code     0  startup_stm32h743xx.o(.text)
    SPI3_IRQHandler                          0x0800041f   Thumb Code     0  startup_stm32h743xx.o(.text)
    SPI4_IRQHandler                          0x0800041f   Thumb Code     0  startup_stm32h743xx.o(.text)
    SPI5_IRQHandler                          0x0800041f   Thumb Code     0  startup_stm32h743xx.o(.text)
    SPI6_IRQHandler                          0x0800041f   Thumb Code     0  startup_stm32h743xx.o(.text)
    SWPMI1_IRQHandler                        0x0800041f   Thumb Code     0  startup_stm32h743xx.o(.text)
    TAMP_STAMP_IRQHandler                    0x0800041f   Thumb Code     0  startup_stm32h743xx.o(.text)
    TIM15_IRQHandler                         0x0800041f   Thumb Code     0  startup_stm32h743xx.o(.text)
    TIM16_IRQHandler                         0x0800041f   Thumb Code     0  startup_stm32h743xx.o(.text)
    TIM17_IRQHandler                         0x0800041f   Thumb Code     0  startup_stm32h743xx.o(.text)
    TIM1_BRK_IRQHandler                      0x0800041f   Thumb Code     0  startup_stm32h743xx.o(.text)
    TIM1_CC_IRQHandler                       0x0800041f   Thumb Code     0  startup_stm32h743xx.o(.text)
    TIM1_TRG_COM_IRQHandler                  0x0800041f   Thumb Code     0  startup_stm32h743xx.o(.text)
    TIM1_UP_IRQHandler                       0x0800041f   Thumb Code     0  startup_stm32h743xx.o(.text)
    TIM2_IRQHandler                          0x0800041f   Thumb Code     0  startup_stm32h743xx.o(.text)
    TIM3_IRQHandler                          0x0800041f   Thumb Code     0  startup_stm32h743xx.o(.text)
    TIM4_IRQHandler                          0x0800041f   Thumb Code     0  startup_stm32h743xx.o(.text)
    TIM5_IRQHandler                          0x0800041f   Thumb Code     0  startup_stm32h743xx.o(.text)
    TIM6_DAC_IRQHandler                      0x0800041f   Thumb Code     0  startup_stm32h743xx.o(.text)
    TIM8_BRK_TIM12_IRQHandler                0x0800041f   Thumb Code     0  startup_stm32h743xx.o(.text)
    TIM8_CC_IRQHandler                       0x0800041f   Thumb Code     0  startup_stm32h743xx.o(.text)
    TIM8_TRG_COM_TIM14_IRQHandler            0x0800041f   Thumb Code     0  startup_stm32h743xx.o(.text)
    TIM8_UP_TIM13_IRQHandler                 0x0800041f   Thumb Code     0  startup_stm32h743xx.o(.text)
    UART4_IRQHandler                         0x0800041f   Thumb Code     0  startup_stm32h743xx.o(.text)
    UART5_IRQHandler                         0x0800041f   Thumb Code     0  startup_stm32h743xx.o(.text)
    UART7_IRQHandler                         0x0800041f   Thumb Code     0  startup_stm32h743xx.o(.text)
    UART8_IRQHandler                         0x0800041f   Thumb Code     0  startup_stm32h743xx.o(.text)
    USART1_IRQHandler                        0x0800041f   Thumb Code     0  startup_stm32h743xx.o(.text)
    USART2_IRQHandler                        0x0800041f   Thumb Code     0  startup_stm32h743xx.o(.text)
    USART3_IRQHandler                        0x0800041f   Thumb Code     0  startup_stm32h743xx.o(.text)
    USART6_IRQHandler                        0x0800041f   Thumb Code     0  startup_stm32h743xx.o(.text)
    WAKEUP_PIN_IRQHandler                    0x0800041f   Thumb Code     0  startup_stm32h743xx.o(.text)
    WWDG_IRQHandler                          0x0800041f   Thumb Code     0  startup_stm32h743xx.o(.text)
    __user_initial_stackheap                 0x08000421   Thumb Code     0  startup_stm32h743xx.o(.text)
    __aeabi_uldivmod                         0x08000449   Thumb Code     0  lludivv7m.o(.text)
    _ll_udiv                                 0x08000449   Thumb Code   238  lludivv7m.o(.text)
    __2sprintf                               0x08000539   Thumb Code    34  noretval__2sprintf.o(.text)
    __printf                                 0x08000561   Thumb Code   104  __printf.o(.text)
    _printf_int_dec                          0x080005c9   Thumb Code   104  _printf_dec.o(.text)
    __aeabi_memcpy                           0x08000641   Thumb Code     0  rt_memcpy_v6.o(.text)
    __rt_memcpy                              0x08000641   Thumb Code   138  rt_memcpy_v6.o(.text)
    _memcpy_lastbytes                        0x080006a7   Thumb Code     0  rt_memcpy_v6.o(.text)
    __aeabi_memcpy4                          0x080006cb   Thumb Code     0  rt_memcpy_w.o(.text)
    __aeabi_memcpy8                          0x080006cb   Thumb Code     0  rt_memcpy_w.o(.text)
    __rt_memcpy_w                            0x080006cb   Thumb Code   100  rt_memcpy_w.o(.text)
    _memcpy_lastbytes_aligned                0x08000713   Thumb Code     0  rt_memcpy_w.o(.text)
    __aeabi_memclr                           0x0800072f   Thumb Code     0  rt_memclr.o(.text)
    __rt_memclr                              0x0800072f   Thumb Code    68  rt_memclr.o(.text)
    _memset                                  0x08000733   Thumb Code     0  rt_memclr.o(.text)
    __aeabi_memclr4                          0x08000773   Thumb Code     0  rt_memclr_w.o(.text)
    __aeabi_memclr8                          0x08000773   Thumb Code     0  rt_memclr_w.o(.text)
    __rt_memclr_w                            0x08000773   Thumb Code    78  rt_memclr_w.o(.text)
    _memset_w                                0x08000777   Thumb Code     0  rt_memclr_w.o(.text)
    __use_two_region_memory                  0x080007c1   Thumb Code     2  heapauxi.o(.text)
    __rt_heap_escrow$2region                 0x080007c3   Thumb Code     2  heapauxi.o(.text)
    __rt_heap_expand$2region                 0x080007c5   Thumb Code     2  heapauxi.o(.text)
    _printf_int_common                       0x080007c7   Thumb Code   178  _printf_intcommon.o(.text)
    _printf_char_common                      0x08000883   Thumb Code    32  _printf_char_common.o(.text)
    _sputc                                   0x080008a9   Thumb Code    10  _sputc.o(.text)
    __user_setup_stackheap                   0x080008b3   Thumb Code    74  sys_stackheap_outer.o(.text)
    exit                                     0x080008fd   Thumb Code    18  exit.o(.text)
    __user_libspace                          0x08000911   Thumb Code     8  libspace.o(.text)
    __user_perproc_libspace                  0x08000911   Thumb Code     0  libspace.o(.text)
    __user_perthread_libspace                0x08000911   Thumb Code     0  libspace.o(.text)
    _sys_exit                                0x08000919   Thumb Code     8  sys_exit.o(.text)
    __I$use$semihosting                      0x08000925   Thumb Code     0  use_no_semi.o(.text)
    __use_no_semihosting_swi                 0x08000925   Thumb Code     2  use_no_semi.o(.text)
    BusFault_Handler                         0x08000927   Thumb Code     2  stm32h7xx_it.o(i.BusFault_Handler)
    __semihosting_library_function           0x08000927   Thumb Code     0  indicate_semi.o(.text)
    DebugMon_Handler                         0x08000929   Thumb Code     2  stm32h7xx_it.o(i.DebugMon_Handler)
    EXTI0_IRQHandler                         0x0800092b   Thumb Code     6  stm32h7xx_it.o(i.EXTI0_IRQHandler)
    EXTI1_IRQHandler                         0x08000931   Thumb Code     6  stm32h7xx_it.o(i.EXTI1_IRQHandler)
    EXTI2_IRQHandler                         0x08000937   Thumb Code     6  stm32h7xx_it.o(i.EXTI2_IRQHandler)
    Error_Handler                            0x0800093d   Thumb Code     4  main.o(i.Error_Handler)
    ExitRun0Mode                             0x08000941   Thumb Code    22  system_stm32h7xx.o(i.ExitRun0Mode)
    HAL_Delay                                0x0800095d   Thumb Code    32  stm32h7xx_hal.o(i.HAL_Delay)
    HAL_GPIO_EXTI_Callback                   0x08000981   Thumb Code   118  main.o(i.HAL_GPIO_EXTI_Callback)
    HAL_GPIO_EXTI_IRQHandler                 0x08000a01   Thumb Code    24  stm32h7xx_hal_gpio.o(i.HAL_GPIO_EXTI_IRQHandler)
    HAL_GPIO_Init                            0x08000a19   Thumb Code   506  stm32h7xx_hal_gpio.o(i.HAL_GPIO_Init)
    HAL_GPIO_ReadPin                         0x08000c45   Thumb Code    10  stm32h7xx_hal_gpio.o(i.HAL_GPIO_ReadPin)
    HAL_GPIO_WritePin                        0x08000c4f   Thumb Code    10  stm32h7xx_hal_gpio.o(i.HAL_GPIO_WritePin)
    HAL_GetREVID                             0x08000c59   Thumb Code     8  stm32h7xx_hal.o(i.HAL_GetREVID)
    HAL_GetTick                              0x08000c65   Thumb Code     6  stm32h7xx_hal.o(i.HAL_GetTick)
    HAL_I2CEx_ConfigAnalogFilter             0x08000c71   Thumb Code    88  stm32h7xx_hal_i2c_ex.o(i.HAL_I2CEx_ConfigAnalogFilter)
    HAL_I2CEx_ConfigDigitalFilter            0x08000cc9   Thumb Code    84  stm32h7xx_hal_i2c_ex.o(i.HAL_I2CEx_ConfigDigitalFilter)
    HAL_I2C_Init                             0x08000d1d   Thumb Code   186  stm32h7xx_hal_i2c.o(i.HAL_I2C_Init)
    HAL_I2C_Master_Transmit                  0x08000ddd   Thumb Code   324  stm32h7xx_hal_i2c.o(i.HAL_I2C_Master_Transmit)
    HAL_I2C_MspInit                          0x08000f29   Thumb Code   122  i2c.o(i.HAL_I2C_MspInit)
    HAL_IncTick                              0x08000fb1   Thumb Code    12  stm32h7xx_hal.o(i.HAL_IncTick)
    HAL_Init                                 0x08000fc1   Thumb Code    74  stm32h7xx_hal.o(i.HAL_Init)
    HAL_InitTick                             0x0800101d   Thumb Code   120  stm32h7xx_hal_timebase_tim.o(i.HAL_InitTick)
    HAL_MPU_ConfigRegion                     0x080010a9   Thumb Code    86  stm32h7xx_hal_cortex.o(i.HAL_MPU_ConfigRegion)
    HAL_MPU_Disable                          0x08001105   Thumb Code    24  stm32h7xx_hal_cortex.o(i.HAL_MPU_Disable)
    HAL_MPU_Enable                           0x08001121   Thumb Code    30  stm32h7xx_hal_cortex.o(i.HAL_MPU_Enable)
    HAL_MspInit                              0x08001145   Thumb Code    32  stm32h7xx_hal_msp.o(i.HAL_MspInit)
    HAL_NVIC_EnableIRQ                       0x08001169   Thumb Code    26  stm32h7xx_hal_cortex.o(i.HAL_NVIC_EnableIRQ)
    HAL_NVIC_SetPriority                     0x08001185   Thumb Code    60  stm32h7xx_hal_cortex.o(i.HAL_NVIC_SetPriority)
    HAL_NVIC_SetPriorityGrouping             0x080011c5   Thumb Code    28  stm32h7xx_hal_cortex.o(i.HAL_NVIC_SetPriorityGrouping)
    HAL_PWREx_ConfigSupply                   0x080011e9   Thumb Code    78  stm32h7xx_hal_pwr_ex.o(i.HAL_PWREx_ConfigSupply)
    HAL_RCCEx_GetD3PCLK1Freq                 0x0800123d   Thumb Code    26  stm32h7xx_hal_rcc_ex.o(i.HAL_RCCEx_GetD3PCLK1Freq)
    HAL_RCCEx_GetPLL2ClockFreq               0x08001261   Thumb Code   296  stm32h7xx_hal_rcc_ex.o(i.HAL_RCCEx_GetPLL2ClockFreq)
    HAL_RCCEx_GetPLL3ClockFreq               0x080013a5   Thumb Code   296  stm32h7xx_hal_rcc_ex.o(i.HAL_RCCEx_GetPLL3ClockFreq)
    HAL_RCCEx_PeriphCLKConfig                0x080014e9   Thumb Code  2472  stm32h7xx_hal_rcc_ex.o(i.HAL_RCCEx_PeriphCLKConfig)
    HAL_RCC_ClockConfig                      0x08001e95   Thumb Code   580  stm32h7xx_hal_rcc.o(i.HAL_RCC_ClockConfig)
    HAL_RCC_GetClockConfig                   0x080020f1   Thumb Code    84  stm32h7xx_hal_rcc.o(i.HAL_RCC_GetClockConfig)
    HAL_RCC_GetHCLKFreq                      0x0800214d   Thumb Code    52  stm32h7xx_hal_rcc.o(i.HAL_RCC_GetHCLKFreq)
    HAL_RCC_GetPCLK1Freq                     0x08002191   Thumb Code    26  stm32h7xx_hal_rcc.o(i.HAL_RCC_GetPCLK1Freq)
    HAL_RCC_GetPCLK2Freq                     0x080021b5   Thumb Code    26  stm32h7xx_hal_rcc.o(i.HAL_RCC_GetPCLK2Freq)
    HAL_RCC_GetSysClockFreq                  0x080021d9   Thumb Code   278  stm32h7xx_hal_rcc.o(i.HAL_RCC_GetSysClockFreq)
    HAL_RCC_OscConfig                        0x08002311   Thumb Code  1410  stm32h7xx_hal_rcc.o(i.HAL_RCC_OscConfig)
    HAL_TIMEx_Break2Callback                 0x08002893   Thumb Code     2  stm32h7xx_hal_tim_ex.o(i.HAL_TIMEx_Break2Callback)
    HAL_TIMEx_BreakCallback                  0x08002895   Thumb Code     2  stm32h7xx_hal_tim_ex.o(i.HAL_TIMEx_BreakCallback)
    HAL_TIMEx_CommutCallback                 0x08002897   Thumb Code     2  stm32h7xx_hal_tim_ex.o(i.HAL_TIMEx_CommutCallback)
    HAL_TIMEx_MasterConfigSynchronization    0x08002899   Thumb Code   134  stm32h7xx_hal_tim_ex.o(i.HAL_TIMEx_MasterConfigSynchronization)
    HAL_TIM_Base_Init                        0x0800293d   Thumb Code    98  stm32h7xx_hal_tim.o(i.HAL_TIM_Base_Init)
    HAL_TIM_Base_MspInit                     0x080029a1   Thumb Code    30  tim.o(i.HAL_TIM_Base_MspInit)
    HAL_TIM_Base_Start_IT                    0x080029c5   Thumb Code   106  stm32h7xx_hal_tim.o(i.HAL_TIM_Base_Start_IT)
    HAL_TIM_ConfigClockSource                0x08002a51   Thumb Code   248  stm32h7xx_hal_tim.o(i.HAL_TIM_ConfigClockSource)
    HAL_TIM_Encoder_Init                     0x08002b4d   Thumb Code   182  stm32h7xx_hal_tim.o(i.HAL_TIM_Encoder_Init)
    HAL_TIM_Encoder_MspInit                  0x08002c09   Thumb Code    88  tim.o(i.HAL_TIM_Encoder_MspInit)
    HAL_TIM_IC_CaptureCallback               0x08002c6d   Thumb Code     2  stm32h7xx_hal_tim.o(i.HAL_TIM_IC_CaptureCallback)
    HAL_TIM_IRQHandler                       0x08002c6f   Thumb Code   328  stm32h7xx_hal_tim.o(i.HAL_TIM_IRQHandler)
    HAL_TIM_MspPostInit                      0x08002db9   Thumb Code    68  tim.o(i.HAL_TIM_MspPostInit)
    HAL_TIM_OC_DelayElapsedCallback          0x08002e05   Thumb Code     2  stm32h7xx_hal_tim.o(i.HAL_TIM_OC_DelayElapsedCallback)
    HAL_TIM_PWM_ConfigChannel                0x08002e07   Thumb Code   292  stm32h7xx_hal_tim.o(i.HAL_TIM_PWM_ConfigChannel)
    HAL_TIM_PWM_Init                         0x08002f2b   Thumb Code    98  stm32h7xx_hal_tim.o(i.HAL_TIM_PWM_Init)
    HAL_TIM_PWM_MspInit                      0x08002f8d   Thumb Code     2  stm32h7xx_hal_tim.o(i.HAL_TIM_PWM_MspInit)
    HAL_TIM_PWM_PulseFinishedCallback        0x08002f8f   Thumb Code     2  stm32h7xx_hal_tim.o(i.HAL_TIM_PWM_PulseFinishedCallback)
    HAL_TIM_PeriodElapsedCallback            0x08002f91   Thumb Code    14  main.o(i.HAL_TIM_PeriodElapsedCallback)
    HAL_TIM_TriggerCallback                  0x08002fa5   Thumb Code     2  stm32h7xx_hal_tim.o(i.HAL_TIM_TriggerCallback)
    HAL_UARTEx_DisableFifoMode               0x08002fa7   Thumb Code    64  stm32h7xx_hal_uart_ex.o(i.HAL_UARTEx_DisableFifoMode)
    HAL_UARTEx_SetRxFifoThreshold            0x08002fe7   Thumb Code    76  stm32h7xx_hal_uart_ex.o(i.HAL_UARTEx_SetRxFifoThreshold)
    HAL_UARTEx_SetTxFifoThreshold            0x08003033   Thumb Code    76  stm32h7xx_hal_uart_ex.o(i.HAL_UARTEx_SetTxFifoThreshold)
    HAL_UART_Init                            0x0800307f   Thumb Code   106  stm32h7xx_hal_uart.o(i.HAL_UART_Init)
    HAL_UART_MspInit                         0x080030e9   Thumb Code   198  usart.o(i.HAL_UART_MspInit)
    HAL_UART_Transmit_IT                     0x080031c1   Thumb Code   136  stm32h7xx_hal_uart.o(i.HAL_UART_Transmit_IT)
    HardFault_Handler                        0x08003259   Thumb Code     2  stm32h7xx_it.o(i.HardFault_Handler)
    MX_FREERTOS_Init                         0x080034ed   Thumb Code    30  freertos.o(i.MX_FREERTOS_Init)
    MX_GPIO_Init                             0x08003515   Thumb Code   184  gpio.o(i.MX_GPIO_Init)
    MX_I2C1_Init                             0x080035d5   Thumb Code    76  i2c.o(i.MX_I2C1_Init)
    MX_TIM2_Init                             0x0800362d   Thumb Code   148  tim.o(i.MX_TIM2_Init)
    MX_TIM3_Init                             0x080036c5   Thumb Code    96  tim.o(i.MX_TIM3_Init)
    MX_USART1_UART_Init                      0x0800372d   Thumb Code    94  usart.o(i.MX_USART1_UART_Init)
    MX_USART2_UART_Init                      0x08003795   Thumb Code    94  usart.o(i.MX_USART2_UART_Init)
    MY_GPIO_Init                             0x080037fd   Thumb Code    64  mygpio.o(i.MY_GPIO_Init)
    MemManage_Handler                        0x08003849   Thumb Code     2  stm32h7xx_it.o(i.MemManage_Handler)
    NMI_Handler                              0x0800384b   Thumb Code     2  stm32h7xx_it.o(i.NMI_Handler)
    OLED_Init                                0x0800384d   Thumb Code   182  oled.o(i.OLED_Init)
    OLED_NewFrame                            0x08003905   Thumb Code    10  oled.o(i.OLED_NewFrame)
    OLED_PrintASCIIChar                      0x08003915   Thumb Code    34  oled.o(i.OLED_PrintASCIIChar)
    OLED_PrintASCIIString                    0x08003937   Thumb Code    46  oled.o(i.OLED_PrintASCIIString)
    OLED_Send                                0x08003965   Thumb Code    22  oled.o(i.OLED_Send)
    OLED_SendCmd                             0x08003981   Thumb Code    12  oled.o(i.OLED_SendCmd)
    OLED_SetBits                             0x08003991   Thumb Code    72  oled.o(i.OLED_SetBits)
    OLED_SetBits_Fine                        0x080039d9   Thumb Code   104  oled.o(i.OLED_SetBits_Fine)
    OLED_SetBlock                            0x08003a41   Thumb Code   140  oled.o(i.OLED_SetBlock)
    OLED_SetByte_Fine                        0x08003acd   Thumb Code    66  oled.o(i.OLED_SetByte_Fine)
    OLED_ShowFrame                           0x08003b19   Thumb Code    68  oled.o(i.OLED_ShowFrame)
    OLED_Task                                0x08003b61   Thumb Code    54  freertos.o(i.OLED_Task)
    StartDefaultTask                         0x08003ded   Thumb Code    64  freertos.o(i.StartDefaultTask)
    SysTick_Handler                          0x08003e4d   Thumb Code    38  port.o(i.SysTick_Handler)
    SystemClock_Config                       0x08003e79   Thumb Code   158  main.o(i.SystemClock_Config)
    SystemInit                               0x08003f21   Thumb Code   206  system_stm32h7xx.o(i.SystemInit)
    TIM7_IRQHandler                          0x08004019   Thumb Code     6  stm32h7xx_it.o(i.TIM7_IRQHandler)
    TIM_Base_SetConfig                       0x08004025   Thumb Code   170  stm32h7xx_hal_tim.o(i.TIM_Base_SetConfig)
    TIM_ETR_SetConfig                        0x080040f1   Thumb Code    18  stm32h7xx_hal_tim.o(i.TIM_ETR_SetConfig)
    TIM_OC2_SetConfig                        0x080041bd   Thumb Code   126  stm32h7xx_hal_tim.o(i.TIM_OC2_SetConfig)
    UART2_TX                                 0x08004495   Thumb Code    10  myuart.o(i.UART2_TX)
    UART_AdvFeatureConfig                    0x080044e9   Thumb Code   200  stm32h7xx_hal_uart.o(i.UART_AdvFeatureConfig)
    UART_CheckIdleState                      0x080045b1   Thumb Code   170  stm32h7xx_hal_uart.o(i.UART_CheckIdleState)
    UART_SetConfig                           0x080046b1   Thumb Code   876  stm32h7xx_hal_uart.o(i.UART_SetConfig)
    UART_WaitOnFlagUntilTimeout              0x08004bcf   Thumb Code   148  stm32h7xx_hal_uart.o(i.UART_WaitOnFlagUntilTimeout)
    UsageFault_Handler                       0x08004c63   Thumb Code     2  stm32h7xx_it.o(i.UsageFault_Handler)
    ZDT_Control_TX                           0x08004c65   Thumb Code    10  zdtcontrol.o(i.ZDT_Control_TX)
    ZDT_Control_move                         0x08004c79   Thumb Code    22  zdtcontrol.o(i.ZDT_Control_move)
    ZDT_Control_speed                        0x08004c9d   Thumb Code    48  zdtcontrol.o(i.ZDT_Control_speed)
    ZDT_control                              0x08004cdd   Thumb Code    38  freertos.o(i.ZDT_control)
    main                                     0x08004d2b   Thumb Code   132  main.o(i.main)
    osDelay                                  0x08004dbd   Thumb Code    14  cmsis_os.o(i.osDelay)
    osKernelStart                            0x08004dcb   Thumb Code    10  cmsis_os.o(i.osKernelStart)
    osThreadCreate                           0x08004dd5   Thumb Code    84  cmsis_os.o(i.osThreadCreate)
    pvPortMalloc                             0x0800517d   Thumb Code   216  heap_4.o(i.pvPortMalloc)
    pxPortInitialiseStack                    0x08005259   Thumb Code    42  port.o(i.pxPortInitialiseStack)
    uxListRemove                             0x08005289   Thumb Code    38  list.o(i.uxListRemove)
    vApplicationGetIdleTaskMemory            0x080052b1   Thumb Code    18  freertos.o(i.vApplicationGetIdleTaskMemory)
    vListInitialise                          0x080052c9   Thumb Code    22  list.o(i.vListInitialise)
    vListInitialiseItem                      0x080052df   Thumb Code     6  list.o(i.vListInitialiseItem)
    vListInsert                              0x080052e5   Thumb Code    48  list.o(i.vListInsert)
    vListInsertEnd                           0x08005315   Thumb Code    24  list.o(i.vListInsertEnd)
    vPortEnterCritical                       0x0800532d   Thumb Code    54  port.o(i.vPortEnterCritical)
    vPortExitCritical                        0x0800536d   Thumb Code    34  port.o(i.vPortExitCritical)
    vPortFree                                0x08005395   Thumb Code    94  heap_4.o(i.vPortFree)
    vPortSetupTimerInterrupt                 0x080053f9   Thumb Code    32  port.o(i.vPortSetupTimerInterrupt)
    vTaskDelay                               0x0800541d   Thumb Code    66  tasks.o(i.vTaskDelay)
    vTaskDelete                              0x08005469   Thumb Code   158  tasks.o(i.vTaskDelete)
    vTaskStartScheduler                      0x08005515   Thumb Code    90  tasks.o(i.vTaskStartScheduler)
    vTaskSuspendAll                          0x08005581   Thumb Code    10  tasks.o(i.vTaskSuspendAll)
    vTaskSwitchContext                       0x08005591   Thumb Code    82  tasks.o(i.vTaskSwitchContext)
    xPortStartScheduler                      0x080055ed   Thumb Code   222  port.o(i.xPortStartScheduler)
    xTaskCreate                              0x080056e1   Thumb Code    90  tasks.o(i.xTaskCreate)
    xTaskCreateStatic                        0x0800573b   Thumb Code    86  tasks.o(i.xTaskCreateStatic)
    xTaskIncrementTick                       0x08005791   Thumb Code   194  tasks.o(i.xTaskIncrementTick)
    xTaskResumeAll                           0x0800585d   Thumb Code   184  tasks.o(i.xTaskResumeAll)
    _fp_init                                 0x08005921   Thumb Code    10  fpinit.o(x$fpl$fpinit)
    __fplib_config_fpu_vfp                   0x08005929   Thumb Code     0  fpinit.o(x$fpl$fpinit)
    __fplib_config_pureend_doubles           0x08005929   Thumb Code     0  fpinit.o(x$fpl$fpinit)
    UARTPrescTable                           0x08005948   Data          24  stm32h7xx_hal_uart.o(.constdata)
    D1CorePrescTable                         0x08005970   Data          16  system_stm32h7xx.o(.constdata)
    ascii_12x6                               0x08005980   Data        1140  font.o(.constdata)
    afont12x6                                0x08005df4   Data           8  font.o(.constdata)
    Region$$Table$$Base                      0x08005e08   Number         0  anon$$obj.o(Region$$Table)
    Region$$Table$$Limit                     0x08005e28   Number         0  anon$$obj.o(Region$$Table)
    acc_Control                              0x24000000   Data           1  freertos.o(.data)
    speed_Control                            0x24000002   Data           2  freertos.o(.data)
    OLEDTask                                 0x24000004   Data           4  freertos.o(.data)
    ZDTTask                                  0x24000008   Data           4  freertos.o(.data)
    defaultTaskHandle                        0x2400000c   Data           4  freertos.o(.data)
    uwTickFreq                               0x24000010   Data           1  stm32h7xx_hal.o(.data)
    uwTickPrio                               0x24000014   Data           4  stm32h7xx_hal.o(.data)
    uwTick                                   0x24000018   Data           4  stm32h7xx_hal.o(.data)
    SystemCoreClock                          0x2400001c   Data           4  system_stm32h7xx.o(.data)
    SystemD2Clock                            0x24000020   Data           4  system_stm32h7xx.o(.data)
    message_size                             0x24000024   Data           1  zdtcontrol.o(.data)
    pxCurrentTCB                             0x2400002c   Data           4  tasks.o(.data)
    hi2c1                                    0x240002e8   Data          84  i2c.o(.bss)
    htim2                                    0x2400033c   Data          76  tim.o(.bss)
    htim3                                    0x24000388   Data          76  tim.o(.bss)
    huart1                                   0x240003d4   Data         148  usart.o(.bss)
    huart2                                   0x24000468   Data         148  usart.o(.bss)
    htim7                                    0x240004fc   Data          76  stm32h7xx_hal_timebase_tim.o(.bss)
    message                                  0x24000548   Data          30  zdtcontrol.o(.bss)
    OLED_GRAM                                0x240005e7   Data        1024  oled.o(.bss)
    __libspace_start                         0x240046d8   Data          96  libspace.o(.bss)
    __temporary_stack_top$libspace           0x24004738   Data           0  libspace.o(.bss)



==============================================================================

Memory Map of the image

  Image Entry point : 0x08000299

  Load Region LR_IROM1 (Base: 0x08000000, Size: 0x00005ebc, Max: 0x00200000, ABSOLUTE)

    Execution Region ER_IROM1 (Exec base: 0x08000000, Load base: 0x08000000, Size: 0x00005e28, Max: 0x00200000, ABSOLUTE)

    Exec Addr    Load Addr    Size         Type   Attr      Idx    E Section Name        Object

    0x08000000   0x08000000   0x00000298   Data   RO            3    RESET               startup_stm32h743xx.o
    0x08000298   0x08000298   0x00000008   Code   RO         6585  * !!!main             c_w.l(__main.o)
    0x080002a0   0x080002a0   0x00000034   Code   RO         6761    !!!scatter          c_w.l(__scatter.o)
    0x080002d4   0x080002d4   0x0000001a   Code   RO         6763    !!handler_copy      c_w.l(__scatter_copy.o)
    0x080002ee   0x080002ee   0x00000002   PAD
    0x080002f0   0x080002f0   0x0000001c   Code   RO         6765    !!handler_zi        c_w.l(__scatter_zi.o)
    0x0800030c   0x0800030c   0x00000000   Code   RO         6570    .ARM.Collect$$_printf_percent$$00000000  c_w.l(_printf_percent.o)
    0x0800030c   0x0800030c   0x00000006   Code   RO         6569    .ARM.Collect$$_printf_percent$$00000009  c_w.l(_printf_d.o)
    0x08000312   0x08000312   0x00000004   Code   RO         6598    .ARM.Collect$$_printf_percent$$00000017  c_w.l(_printf_percent_end.o)
    0x08000316   0x08000316   0x00000002   Code   RO         6631    .ARM.Collect$$libinit$$00000000  c_w.l(libinit.o)
    0x08000318   0x08000318   0x00000004   Code   RO         6643    .ARM.Collect$$libinit$$00000001  c_w.l(libinit2.o)
    0x0800031c   0x0800031c   0x00000000   Code   RO         6646    .ARM.Collect$$libinit$$00000004  c_w.l(libinit2.o)
    0x0800031c   0x0800031c   0x00000000   Code   RO         6649    .ARM.Collect$$libinit$$0000000A  c_w.l(libinit2.o)
    0x0800031c   0x0800031c   0x00000000   Code   RO         6651    .ARM.Collect$$libinit$$0000000C  c_w.l(libinit2.o)
    0x0800031c   0x0800031c   0x00000000   Code   RO         6653    .ARM.Collect$$libinit$$0000000E  c_w.l(libinit2.o)
    0x0800031c   0x0800031c   0x00000000   Code   RO         6656    .ARM.Collect$$libinit$$00000011  c_w.l(libinit2.o)
    0x0800031c   0x0800031c   0x00000000   Code   RO         6658    .ARM.Collect$$libinit$$00000013  c_w.l(libinit2.o)
    0x0800031c   0x0800031c   0x00000000   Code   RO         6660    .ARM.Collect$$libinit$$00000015  c_w.l(libinit2.o)
    0x0800031c   0x0800031c   0x00000000   Code   RO         6662    .ARM.Collect$$libinit$$00000017  c_w.l(libinit2.o)
    0x0800031c   0x0800031c   0x00000000   Code   RO         6664    .ARM.Collect$$libinit$$00000019  c_w.l(libinit2.o)
    0x0800031c   0x0800031c   0x00000000   Code   RO         6666    .ARM.Collect$$libinit$$0000001B  c_w.l(libinit2.o)
    0x0800031c   0x0800031c   0x00000000   Code   RO         6668    .ARM.Collect$$libinit$$0000001D  c_w.l(libinit2.o)
    0x0800031c   0x0800031c   0x00000000   Code   RO         6670    .ARM.Collect$$libinit$$0000001F  c_w.l(libinit2.o)
    0x0800031c   0x0800031c   0x00000000   Code   RO         6672    .ARM.Collect$$libinit$$00000021  c_w.l(libinit2.o)
    0x0800031c   0x0800031c   0x00000000   Code   RO         6674    .ARM.Collect$$libinit$$00000023  c_w.l(libinit2.o)
    0x0800031c   0x0800031c   0x00000000   Code   RO         6676    .ARM.Collect$$libinit$$00000025  c_w.l(libinit2.o)
    0x0800031c   0x0800031c   0x00000000   Code   RO         6680    .ARM.Collect$$libinit$$0000002C  c_w.l(libinit2.o)
    0x0800031c   0x0800031c   0x00000000   Code   RO         6682    .ARM.Collect$$libinit$$0000002E  c_w.l(libinit2.o)
    0x0800031c   0x0800031c   0x00000000   Code   RO         6684    .ARM.Collect$$libinit$$00000030  c_w.l(libinit2.o)
    0x0800031c   0x0800031c   0x00000000   Code   RO         6686    .ARM.Collect$$libinit$$00000032  c_w.l(libinit2.o)
    0x0800031c   0x0800031c   0x00000002   Code   RO         6687    .ARM.Collect$$libinit$$00000033  c_w.l(libinit2.o)
    0x0800031e   0x0800031e   0x00000002   Code   RO         6718    .ARM.Collect$$libshutdown$$00000000  c_w.l(libshutdown.o)
    0x08000320   0x08000320   0x00000000   Code   RO         6744    .ARM.Collect$$libshutdown$$00000002  c_w.l(libshutdown2.o)
    0x08000320   0x08000320   0x00000000   Code   RO         6746    .ARM.Collect$$libshutdown$$00000004  c_w.l(libshutdown2.o)
    0x08000320   0x08000320   0x00000000   Code   RO         6749    .ARM.Collect$$libshutdown$$00000007  c_w.l(libshutdown2.o)
    0x08000320   0x08000320   0x00000000   Code   RO         6752    .ARM.Collect$$libshutdown$$0000000A  c_w.l(libshutdown2.o)
    0x08000320   0x08000320   0x00000000   Code   RO         6754    .ARM.Collect$$libshutdown$$0000000C  c_w.l(libshutdown2.o)
    0x08000320   0x08000320   0x00000000   Code   RO         6757    .ARM.Collect$$libshutdown$$0000000F  c_w.l(libshutdown2.o)
    0x08000320   0x08000320   0x00000002   Code   RO         6758    .ARM.Collect$$libshutdown$$00000010  c_w.l(libshutdown2.o)
    0x08000322   0x08000322   0x00000000   Code   RO         6587    .ARM.Collect$$rtentry$$00000000  c_w.l(__rtentry.o)
    0x08000322   0x08000322   0x00000000   Code   RO         6600    .ARM.Collect$$rtentry$$00000002  c_w.l(__rtentry2.o)
    0x08000322   0x08000322   0x00000006   Code   RO         6612    .ARM.Collect$$rtentry$$00000004  c_w.l(__rtentry4.o)
    0x08000328   0x08000328   0x00000000   Code   RO         6602    .ARM.Collect$$rtentry$$00000009  c_w.l(__rtentry2.o)
    0x08000328   0x08000328   0x00000004   Code   RO         6603    .ARM.Collect$$rtentry$$0000000A  c_w.l(__rtentry2.o)
    0x0800032c   0x0800032c   0x00000000   Code   RO         6605    .ARM.Collect$$rtentry$$0000000C  c_w.l(__rtentry2.o)
    0x0800032c   0x0800032c   0x00000008   Code   RO         6606    .ARM.Collect$$rtentry$$0000000D  c_w.l(__rtentry2.o)
    0x08000334   0x08000334   0x00000002   Code   RO         6635    .ARM.Collect$$rtexit$$00000000  c_w.l(rtexit.o)
    0x08000336   0x08000336   0x00000000   Code   RO         6691    .ARM.Collect$$rtexit$$00000002  c_w.l(rtexit2.o)
    0x08000336   0x08000336   0x00000004   Code   RO         6692    .ARM.Collect$$rtexit$$00000003  c_w.l(rtexit2.o)
    0x0800033a   0x0800033a   0x00000006   Code   RO         6693    .ARM.Collect$$rtexit$$00000004  c_w.l(rtexit2.o)
    0x08000340   0x08000340   0x000000be   Code   RO         6460    .emb_text           port.o
    0x080003fe   0x080003fe   0x00000002   PAD
    0x08000400   0x08000400   0x00000048   Code   RO            4    .text               startup_stm32h743xx.o
    0x08000448   0x08000448   0x000000ee   Code   RO         6539    .text               c_w.l(lludivv7m.o)
    0x08000536   0x08000536   0x00000002   PAD
    0x08000538   0x08000538   0x00000028   Code   RO         6543    .text               c_w.l(noretval__2sprintf.o)
    0x08000560   0x08000560   0x00000068   Code   RO         6545    .text               c_w.l(__printf.o)
    0x080005c8   0x080005c8   0x00000078   Code   RO         6547    .text               c_w.l(_printf_dec.o)
    0x08000640   0x08000640   0x0000008a   Code   RO         6573    .text               c_w.l(rt_memcpy_v6.o)
    0x080006ca   0x080006ca   0x00000064   Code   RO         6575    .text               c_w.l(rt_memcpy_w.o)
    0x0800072e   0x0800072e   0x00000044   Code   RO         6579    .text               c_w.l(rt_memclr.o)
    0x08000772   0x08000772   0x0000004e   Code   RO         6581    .text               c_w.l(rt_memclr_w.o)
    0x080007c0   0x080007c0   0x00000006   Code   RO         6583    .text               c_w.l(heapauxi.o)
    0x080007c6   0x080007c6   0x000000b2   Code   RO         6592    .text               c_w.l(_printf_intcommon.o)
    0x08000878   0x08000878   0x00000030   Code   RO         6594    .text               c_w.l(_printf_char_common.o)
    0x080008a8   0x080008a8   0x0000000a   Code   RO         6596    .text               c_w.l(_sputc.o)
    0x080008b2   0x080008b2   0x0000004a   Code   RO         6618    .text               c_w.l(sys_stackheap_outer.o)
    0x080008fc   0x080008fc   0x00000012   Code   RO         6620    .text               c_w.l(exit.o)
    0x0800090e   0x0800090e   0x00000002   PAD
    0x08000910   0x08000910   0x00000008   Code   RO         6632    .text               c_w.l(libspace.o)
    0x08000918   0x08000918   0x0000000c   Code   RO         6688    .text               c_w.l(sys_exit.o)
    0x08000924   0x08000924   0x00000002   Code   RO         6707    .text               c_w.l(use_no_semi.o)
    0x08000926   0x08000926   0x00000000   Code   RO         6709    .text               c_w.l(indicate_semi.o)
    0x08000926   0x08000926   0x00000002   Code   RO          522    i.BusFault_Handler  stm32h7xx_it.o
    0x08000928   0x08000928   0x00000002   Code   RO          523    i.DebugMon_Handler  stm32h7xx_it.o
    0x0800092a   0x0800092a   0x00000006   Code   RO          524    i.EXTI0_IRQHandler  stm32h7xx_it.o
    0x08000930   0x08000930   0x00000006   Code   RO          525    i.EXTI1_IRQHandler  stm32h7xx_it.o
    0x08000936   0x08000936   0x00000006   Code   RO          526    i.EXTI2_IRQHandler  stm32h7xx_it.o
    0x0800093c   0x0800093c   0x00000004   Code   RO           13    i.Error_Handler     main.o
    0x08000940   0x08000940   0x0000001c   Code   RO         4624    i.ExitRun0Mode      system_stm32h7xx.o
    0x0800095c   0x0800095c   0x00000024   Code   RO         3183    i.HAL_Delay         stm32h7xx_hal.o
    0x08000980   0x08000980   0x00000080   Code   RO           14    i.HAL_GPIO_EXTI_Callback  main.o
    0x08000a00   0x08000a00   0x00000018   Code   RO         2321    i.HAL_GPIO_EXTI_IRQHandler  stm32h7xx_hal_gpio.o
    0x08000a18   0x08000a18   0x0000022c   Code   RO         2322    i.HAL_GPIO_Init     stm32h7xx_hal_gpio.o
    0x08000c44   0x08000c44   0x0000000a   Code   RO         2324    i.HAL_GPIO_ReadPin  stm32h7xx_hal_gpio.o
    0x08000c4e   0x08000c4e   0x0000000a   Code   RO         2326    i.HAL_GPIO_WritePin  stm32h7xx_hal_gpio.o
    0x08000c58   0x08000c58   0x0000000c   Code   RO         3194    i.HAL_GetREVID      stm32h7xx_hal.o
    0x08000c64   0x08000c64   0x0000000c   Code   RO         3195    i.HAL_GetTick       stm32h7xx_hal.o
    0x08000c70   0x08000c70   0x00000058   Code   RO         3960    i.HAL_I2CEx_ConfigAnalogFilter  stm32h7xx_hal_i2c_ex.o
    0x08000cc8   0x08000cc8   0x00000054   Code   RO         3961    i.HAL_I2CEx_ConfigDigitalFilter  stm32h7xx_hal_i2c_ex.o
    0x08000d1c   0x08000d1c   0x000000c0   Code   RO         3499    i.HAL_I2C_Init      stm32h7xx_hal_i2c.o
    0x08000ddc   0x08000ddc   0x0000014c   Code   RO         3512    i.HAL_I2C_Master_Transmit  stm32h7xx_hal_i2c.o
    0x08000f28   0x08000f28   0x00000088   Code   RO          349    i.HAL_I2C_MspInit   i2c.o
    0x08000fb0   0x08000fb0   0x00000010   Code   RO         3201    i.HAL_IncTick       stm32h7xx_hal.o
    0x08000fc0   0x08000fc0   0x0000005c   Code   RO         3202    i.HAL_Init          stm32h7xx_hal.o
    0x0800101c   0x0800101c   0x0000008c   Code   RO          628    i.HAL_InitTick      stm32h7xx_hal_timebase_tim.o
    0x080010a8   0x080010a8   0x0000005c   Code   RO         1675    i.HAL_MPU_ConfigRegion  stm32h7xx_hal_cortex.o
    0x08001104   0x08001104   0x0000001c   Code   RO         1676    i.HAL_MPU_Disable   stm32h7xx_hal_cortex.o
    0x08001120   0x08001120   0x00000024   Code   RO         1678    i.HAL_MPU_Enable    stm32h7xx_hal_cortex.o
    0x08001144   0x08001144   0x00000024   Code   RO          604    i.HAL_MspInit       stm32h7xx_hal_msp.o
    0x08001168   0x08001168   0x0000001a   Code   RO         1682    i.HAL_NVIC_EnableIRQ  stm32h7xx_hal_cortex.o
    0x08001182   0x08001182   0x00000002   PAD
    0x08001184   0x08001184   0x00000040   Code   RO         1688    i.HAL_NVIC_SetPriority  stm32h7xx_hal_cortex.o
    0x080011c4   0x080011c4   0x00000024   Code   RO         1689    i.HAL_NVIC_SetPriorityGrouping  stm32h7xx_hal_cortex.o
    0x080011e8   0x080011e8   0x00000054   Code   RO         2923    i.HAL_PWREx_ConfigSupply  stm32h7xx_hal_pwr_ex.o
    0x0800123c   0x0800123c   0x00000024   Code   RO         1943    i.HAL_RCCEx_GetD3PCLK1Freq  stm32h7xx_hal_rcc_ex.o
    0x08001260   0x08001260   0x00000144   Code   RO         1945    i.HAL_RCCEx_GetPLL2ClockFreq  stm32h7xx_hal_rcc_ex.o
    0x080013a4   0x080013a4   0x00000144   Code   RO         1946    i.HAL_RCCEx_GetPLL3ClockFreq  stm32h7xx_hal_rcc_ex.o
    0x080014e8   0x080014e8   0x000009ac   Code   RO         1952    i.HAL_RCCEx_PeriphCLKConfig  stm32h7xx_hal_rcc_ex.o
    0x08001e94   0x08001e94   0x0000025c   Code   RO         1828    i.HAL_RCC_ClockConfig  stm32h7xx_hal_rcc.o
    0x080020f0   0x080020f0   0x0000005c   Code   RO         1832    i.HAL_RCC_GetClockConfig  stm32h7xx_hal_rcc.o
    0x0800214c   0x0800214c   0x00000044   Code   RO         1833    i.HAL_RCC_GetHCLKFreq  stm32h7xx_hal_rcc.o
    0x08002190   0x08002190   0x00000024   Code   RO         1835    i.HAL_RCC_GetPCLK1Freq  stm32h7xx_hal_rcc.o
    0x080021b4   0x080021b4   0x00000024   Code   RO         1836    i.HAL_RCC_GetPCLK2Freq  stm32h7xx_hal_rcc.o
    0x080021d8   0x080021d8   0x00000138   Code   RO         1837    i.HAL_RCC_GetSysClockFreq  stm32h7xx_hal_rcc.o
    0x08002310   0x08002310   0x00000582   Code   RO         1840    i.HAL_RCC_OscConfig  stm32h7xx_hal_rcc.o
    0x08002892   0x08002892   0x00000002   Code   RO         1383    i.HAL_TIMEx_Break2Callback  stm32h7xx_hal_tim_ex.o
    0x08002894   0x08002894   0x00000002   Code   RO         1384    i.HAL_TIMEx_BreakCallback  stm32h7xx_hal_tim_ex.o
    0x08002896   0x08002896   0x00000002   Code   RO         1385    i.HAL_TIMEx_CommutCallback  stm32h7xx_hal_tim_ex.o
    0x08002898   0x08002898   0x000000a4   Code   RO         1405    i.HAL_TIMEx_MasterConfigSynchronization  stm32h7xx_hal_tim_ex.o
    0x0800293c   0x0800293c   0x00000062   Code   RO          669    i.HAL_TIM_Base_Init  stm32h7xx_hal_tim.o
    0x0800299e   0x0800299e   0x00000002   PAD
    0x080029a0   0x080029a0   0x00000024   Code   RO          409    i.HAL_TIM_Base_MspInit  tim.o
    0x080029c4   0x080029c4   0x0000008c   Code   RO          674    i.HAL_TIM_Base_Start_IT  stm32h7xx_hal_tim.o
    0x08002a50   0x08002a50   0x000000fc   Code   RO          678    i.HAL_TIM_ConfigClockSource  stm32h7xx_hal_tim.o
    0x08002b4c   0x08002b4c   0x000000bc   Code   RO          690    i.HAL_TIM_Encoder_Init  stm32h7xx_hal_tim.o
    0x08002c08   0x08002c08   0x00000064   Code   RO          411    i.HAL_TIM_Encoder_MspInit  tim.o
    0x08002c6c   0x08002c6c   0x00000002   Code   RO          703    i.HAL_TIM_IC_CaptureCallback  stm32h7xx_hal_tim.o
    0x08002c6e   0x08002c6e   0x00000148   Code   RO          717    i.HAL_TIM_IRQHandler  stm32h7xx_hal_tim.o
    0x08002db6   0x08002db6   0x00000002   PAD
    0x08002db8   0x08002db8   0x0000004c   Code   RO          412    i.HAL_TIM_MspPostInit  tim.o
    0x08002e04   0x08002e04   0x00000002   Code   RO          720    i.HAL_TIM_OC_DelayElapsedCallback  stm32h7xx_hal_tim.o
    0x08002e06   0x08002e06   0x00000124   Code   RO          741    i.HAL_TIM_PWM_ConfigChannel  stm32h7xx_hal_tim.o
    0x08002f2a   0x08002f2a   0x00000062   Code   RO          744    i.HAL_TIM_PWM_Init  stm32h7xx_hal_tim.o
    0x08002f8c   0x08002f8c   0x00000002   Code   RO          746    i.HAL_TIM_PWM_MspInit  stm32h7xx_hal_tim.o
    0x08002f8e   0x08002f8e   0x00000002   Code   RO          747    i.HAL_TIM_PWM_PulseFinishedCallback  stm32h7xx_hal_tim.o
    0x08002f90   0x08002f90   0x00000014   Code   RO           15    i.HAL_TIM_PeriodElapsedCallback  main.o
    0x08002fa4   0x08002fa4   0x00000002   Code   RO          760    i.HAL_TIM_TriggerCallback  stm32h7xx_hal_tim.o
    0x08002fa6   0x08002fa6   0x00000040   Code   RO         4506    i.HAL_UARTEx_DisableFifoMode  stm32h7xx_hal_uart_ex.o
    0x08002fe6   0x08002fe6   0x0000004c   Code   RO         4515    i.HAL_UARTEx_SetRxFifoThreshold  stm32h7xx_hal_uart_ex.o
    0x08003032   0x08003032   0x0000004c   Code   RO         4516    i.HAL_UARTEx_SetTxFifoThreshold  stm32h7xx_hal_uart_ex.o
    0x0800307e   0x0800307e   0x0000006a   Code   RO         4115    i.HAL_UART_Init     stm32h7xx_hal_uart.o
    0x080030e8   0x080030e8   0x000000d8   Code   RO          475    i.HAL_UART_MspInit  usart.o
    0x080031c0   0x080031c0   0x00000098   Code   RO         4126    i.HAL_UART_Transmit_IT  stm32h7xx_hal_uart.o
    0x08003258   0x08003258   0x00000002   Code   RO          527    i.HardFault_Handler  stm32h7xx_it.o
    0x0800325a   0x0800325a   0x00000022   Code   RO         3546    i.I2C_Flush_TXDR    stm32h7xx_hal_i2c.o
    0x0800327c   0x0800327c   0x00000110   Code   RO         3554    i.I2C_IsErrorOccurred  stm32h7xx_hal_i2c.o
    0x0800338c   0x0800338c   0x00000030   Code   RO         3563    i.I2C_TransferConfig  stm32h7xx_hal_i2c.o
    0x080033bc   0x080033bc   0x0000007c   Code   RO         3565    i.I2C_WaitOnFlagUntilTimeout  stm32h7xx_hal_i2c.o
    0x08003438   0x08003438   0x00000058   Code   RO         3567    i.I2C_WaitOnSTOPFlagUntilTimeout  stm32h7xx_hal_i2c.o
    0x08003490   0x08003490   0x0000005c   Code   RO         3568    i.I2C_WaitOnTXISFlagUntilTimeout  stm32h7xx_hal_i2c.o
    0x080034ec   0x080034ec   0x00000028   Code   RO          286    i.MX_FREERTOS_Init  freertos.o
    0x08003514   0x08003514   0x000000c0   Code   RO          262    i.MX_GPIO_Init      gpio.o
    0x080035d4   0x080035d4   0x00000058   Code   RO          350    i.MX_I2C1_Init      i2c.o
    0x0800362c   0x0800362c   0x00000098   Code   RO          413    i.MX_TIM2_Init      tim.o
    0x080036c4   0x080036c4   0x00000068   Code   RO          414    i.MX_TIM3_Init      tim.o
    0x0800372c   0x0800372c   0x00000068   Code   RO          476    i.MX_USART1_UART_Init  usart.o
    0x08003794   0x08003794   0x00000068   Code   RO          477    i.MX_USART2_UART_Init  usart.o
    0x080037fc   0x080037fc   0x0000004c   Code   RO         4667    i.MY_GPIO_Init      mygpio.o
    0x08003848   0x08003848   0x00000002   Code   RO          528    i.MemManage_Handler  stm32h7xx_it.o
    0x0800384a   0x0800384a   0x00000002   Code   RO          529    i.NMI_Handler       stm32h7xx_it.o
    0x0800384c   0x0800384c   0x000000b6   Code   RO         4823    i.OLED_Init         oled.o
    0x08003902   0x08003902   0x00000002   PAD
    0x08003904   0x08003904   0x00000010   Code   RO         4824    i.OLED_NewFrame     oled.o
    0x08003914   0x08003914   0x00000022   Code   RO         4825    i.OLED_PrintASCIIChar  oled.o
    0x08003936   0x08003936   0x0000002e   Code   RO         4826    i.OLED_PrintASCIIString  oled.o
    0x08003964   0x08003964   0x0000001c   Code   RO         4828    i.OLED_Send         oled.o
    0x08003980   0x08003980   0x00000010   Code   RO         4829    i.OLED_SendCmd      oled.o
    0x08003990   0x08003990   0x00000048   Code   RO         4830    i.OLED_SetBits      oled.o
    0x080039d8   0x080039d8   0x00000068   Code   RO         4831    i.OLED_SetBits_Fine  oled.o
    0x08003a40   0x08003a40   0x0000008c   Code   RO         4832    i.OLED_SetBlock     oled.o
    0x08003acc   0x08003acc   0x0000004c   Code   RO         4834    i.OLED_SetByte_Fine  oled.o
    0x08003b18   0x08003b18   0x00000048   Code   RO         4837    i.OLED_ShowFrame    oled.o
    0x08003b60   0x08003b60   0x0000004c   Code   RO          287    i.OLED_Task         freertos.o
    0x08003bac   0x08003bac   0x00000120   Code   RO         1955    i.RCCEx_PLL2_Config  stm32h7xx_hal_rcc_ex.o
    0x08003ccc   0x08003ccc   0x00000120   Code   RO         1956    i.RCCEx_PLL3_Config  stm32h7xx_hal_rcc_ex.o
    0x08003dec   0x08003dec   0x00000060   Code   RO          288    i.StartDefaultTask  freertos.o
    0x08003e4c   0x08003e4c   0x0000002c   Code   RO         6461    i.SysTick_Handler   port.o
    0x08003e78   0x08003e78   0x000000a8   Code   RO           16    i.SystemClock_Config  main.o
    0x08003f20   0x08003f20   0x000000f8   Code   RO         4626    i.SystemInit        system_stm32h7xx.o
    0x08004018   0x08004018   0x0000000c   Code   RO          530    i.TIM7_IRQHandler   stm32h7xx_it.o
    0x08004024   0x08004024   0x000000cc   Code   RO          762    i.TIM_Base_SetConfig  stm32h7xx_hal_tim.o
    0x080040f0   0x080040f0   0x00000012   Code   RO          773    i.TIM_ETR_SetConfig  stm32h7xx_hal_tim.o
    0x08004102   0x08004102   0x00000002   PAD
    0x08004104   0x08004104   0x00000014   Code   RO          774    i.TIM_ITRx_SetConfig  stm32h7xx_hal_tim.o
    0x08004118   0x08004118   0x000000a4   Code   RO          775    i.TIM_OC1_SetConfig  stm32h7xx_hal_tim.o
    0x080041bc   0x080041bc   0x00000098   Code   RO          776    i.TIM_OC2_SetConfig  stm32h7xx_hal_tim.o
    0x08004254   0x08004254   0x00000098   Code   RO          777    i.TIM_OC3_SetConfig  stm32h7xx_hal_tim.o
    0x080042ec   0x080042ec   0x00000078   Code   RO          778    i.TIM_OC4_SetConfig  stm32h7xx_hal_tim.o
    0x08004364   0x08004364   0x00000074   Code   RO          779    i.TIM_OC5_SetConfig  stm32h7xx_hal_tim.o
    0x080043d8   0x080043d8   0x00000074   Code   RO          780    i.TIM_OC6_SetConfig  stm32h7xx_hal_tim.o
    0x0800444c   0x0800444c   0x00000022   Code   RO          782    i.TIM_TI1_ConfigInputStage  stm32h7xx_hal_tim.o
    0x0800446e   0x0800446e   0x00000024   Code   RO          784    i.TIM_TI2_ConfigInputStage  stm32h7xx_hal_tim.o
    0x08004492   0x08004492   0x00000002   PAD
    0x08004494   0x08004494   0x00000010   Code   RO         4692    i.UART2_TX          myuart.o
    0x080044a4   0x080044a4   0x00000044   Code   RO         4520    i.UARTEx_SetNbDataToProcess  stm32h7xx_hal_uart_ex.o
    0x080044e8   0x080044e8   0x000000c8   Code   RO         4129    i.UART_AdvFeatureConfig  stm32h7xx_hal_uart.o
    0x080045b0   0x080045b0   0x000000aa   Code   RO         4130    i.UART_CheckIdleState  stm32h7xx_hal_uart.o
    0x0800465a   0x0800465a   0x00000002   PAD
    0x0800465c   0x0800465c   0x00000054   Code   RO         4141    i.UART_EndRxTransfer  stm32h7xx_hal_uart.o
    0x080046b0   0x080046b0   0x000003ac   Code   RO         4147    i.UART_SetConfig    stm32h7xx_hal_uart.o
    0x08004a5c   0x08004a5c   0x00000052   Code   RO         4150    i.UART_TxISR_16BIT  stm32h7xx_hal_uart.o
    0x08004aae   0x08004aae   0x00000002   PAD
    0x08004ab0   0x08004ab0   0x0000006a   Code   RO         4151    i.UART_TxISR_16BIT_FIFOEN  stm32h7xx_hal_uart.o
    0x08004b1a   0x08004b1a   0x0000004e   Code   RO         4152    i.UART_TxISR_8BIT   stm32h7xx_hal_uart.o
    0x08004b68   0x08004b68   0x00000066   Code   RO         4153    i.UART_TxISR_8BIT_FIFOEN  stm32h7xx_hal_uart.o
    0x08004bce   0x08004bce   0x00000094   Code   RO         4154    i.UART_WaitOnFlagUntilTimeout  stm32h7xx_hal_uart.o
    0x08004c62   0x08004c62   0x00000002   Code   RO          531    i.UsageFault_Handler  stm32h7xx_it.o
    0x08004c64   0x08004c64   0x00000014   Code   RO         4722    i.ZDT_Control_TX    zdtcontrol.o
    0x08004c78   0x08004c78   0x00000024   Code   RO         4724    i.ZDT_Control_move  zdtcontrol.o
    0x08004c9c   0x08004c9c   0x00000040   Code   RO         4726    i.ZDT_Control_speed  zdtcontrol.o
    0x08004cdc   0x08004cdc   0x0000002c   Code   RO          289    i.ZDT_control       freertos.o
    0x08004d08   0x08004d08   0x00000022   Code   RO         1695    i.__NVIC_SetPriority  stm32h7xx_hal_cortex.o
    0x08004d2a   0x08004d2a   0x00000084   Code   RO           17    i.main              main.o
    0x08004dae   0x08004dae   0x0000000e   Code   RO         6026    i.makeFreeRtosPriority  cmsis_os.o
    0x08004dbc   0x08004dbc   0x0000000e   Code   RO         6028    i.osDelay           cmsis_os.o
    0x08004dca   0x08004dca   0x0000000a   Code   RO         6031    i.osKernelStart     cmsis_os.o
    0x08004dd4   0x08004dd4   0x00000054   Code   RO         6065    i.osThreadCreate    cmsis_os.o
    0x08004e28   0x08004e28   0x00000070   Code   RO         5708    i.prvAddCurrentTaskToDelayedList  tasks.o
    0x08004e98   0x08004e98   0x000000d0   Code   RO         5709    i.prvAddNewTaskToReadyList  tasks.o
    0x08004f68   0x08004f68   0x00000034   Code   RO         5710    i.prvDeleteTCB      tasks.o
    0x08004f9c   0x08004f9c   0x00000050   Code   RO         6393    i.prvHeapInit       heap_4.o
    0x08004fec   0x08004fec   0x00000060   Code   RO         5711    i.prvIdleTask       tasks.o
    0x0800504c   0x0800504c   0x0000009a   Code   RO         5712    i.prvInitialiseNewTask  tasks.o
    0x080050e6   0x080050e6   0x00000002   PAD
    0x080050e8   0x080050e8   0x0000004c   Code   RO         6394    i.prvInsertBlockIntoFreeList  heap_4.o
    0x08005134   0x08005134   0x00000020   Code   RO         5713    i.prvResetNextTaskUnblockTime  tasks.o
    0x08005154   0x08005154   0x00000028   Code   RO         6462    i.prvTaskExitError  port.o
    0x0800517c   0x0800517c   0x000000dc   Code   RO         6395    i.pvPortMalloc      heap_4.o
    0x08005258   0x08005258   0x00000030   Code   RO         6463    i.pxPortInitialiseStack  port.o
    0x08005288   0x08005288   0x00000026   Code   RO         5350    i.uxListRemove      list.o
    0x080052ae   0x080052ae   0x00000002   PAD
    0x080052b0   0x080052b0   0x00000018   Code   RO          290    i.vApplicationGetIdleTaskMemory  freertos.o
    0x080052c8   0x080052c8   0x00000016   Code   RO         5351    i.vListInitialise   list.o
    0x080052de   0x080052de   0x00000006   Code   RO         5352    i.vListInitialiseItem  list.o
    0x080052e4   0x080052e4   0x00000030   Code   RO         5353    i.vListInsert       list.o
    0x08005314   0x08005314   0x00000018   Code   RO         5354    i.vListInsertEnd    list.o
    0x0800532c   0x0800532c   0x00000040   Code   RO         6465    i.vPortEnterCritical  port.o
    0x0800536c   0x0800536c   0x00000028   Code   RO         6466    i.vPortExitCritical  port.o
    0x08005394   0x08005394   0x00000064   Code   RO         6396    i.vPortFree         heap_4.o
    0x080053f8   0x080053f8   0x00000024   Code   RO         6467    i.vPortSetupTimerInterrupt  port.o
    0x0800541c   0x0800541c   0x0000004c   Code   RO         5722    i.vTaskDelay        tasks.o
    0x08005468   0x08005468   0x000000ac   Code   RO         5723    i.vTaskDelete       tasks.o
    0x08005514   0x08005514   0x0000006c   Code   RO         5735    i.vTaskStartScheduler  tasks.o
    0x08005580   0x08005580   0x00000010   Code   RO         5737    i.vTaskSuspendAll   tasks.o
    0x08005590   0x08005590   0x0000005c   Code   RO         5738    i.vTaskSwitchContext  tasks.o
    0x080055ec   0x080055ec   0x000000f4   Code   RO         6469    i.xPortStartScheduler  port.o
    0x080056e0   0x080056e0   0x0000005a   Code   RO         5741    i.xTaskCreate       tasks.o
    0x0800573a   0x0800573a   0x00000056   Code   RO         5742    i.xTaskCreateStatic  tasks.o
    0x08005790   0x08005790   0x000000cc   Code   RO         5749    i.xTaskIncrementTick  tasks.o
    0x0800585c   0x0800585c   0x000000c4   Code   RO         5755    i.xTaskResumeAll    tasks.o
    0x08005920   0x08005920   0x0000000a   Code   RO         6703    x$fpl$fpinit        fz_wv.l(fpinit.o)
    0x0800592a   0x0800592a   0x00000002   PAD
    0x0800592c   0x0800592c   0x0000001c   Data   RO          292    .constdata          freertos.o
    0x08005948   0x08005948   0x00000018   Data   RO         4155    .constdata          stm32h7xx_hal_uart.o
    0x08005960   0x08005960   0x00000010   Data   RO         4521    .constdata          stm32h7xx_hal_uart_ex.o
    0x08005970   0x08005970   0x00000010   Data   RO         4627    .constdata          system_stm32h7xx.o
    0x08005980   0x08005980   0x00000474   Data   RO         4785    .constdata          font.o
    0x08005df4   0x08005df4   0x00000008   Data   RO         4786    .constdata          font.o
    0x08005dfc   0x08005dfc   0x0000000c   Data   RO          293    .conststring        freertos.o
    0x08005e08   0x08005e08   0x00000020   Data   RO         6759    Region$$Table       anon$$obj.o


    Execution Region RW_IRAM1 (Exec base: 0x20000000, Load base: 0x08005e28, Size: 0x00000000, Max: 0x00020000, ABSOLUTE)

    **** No section assigned to this execution region ****


    Execution Region RW_IRAM2 (Exec base: 0x24000000, Load base: 0x08005e28, Size: 0x00004d38, Max: 0x00080000, ABSOLUTE)

    Exec Addr    Load Addr    Size         Type   Attr      Idx    E Section Name        Object

    0x24000000   0x08005e28   0x00000010   Data   RW          294    .data               freertos.o
    0x24000010   0x08005e38   0x0000000c   Data   RW         3224    .data               stm32h7xx_hal.o
    0x2400001c   0x08005e44   0x00000008   Data   RW         4628    .data               system_stm32h7xx.o
    0x24000024   0x08005e4c   0x00000001   Data   RW         4730    .data               zdtcontrol.o
    0x24000025   0x08005e4d   0x00000004   Data   RW         4840    .data               oled.o
    0x24000029   0x08005e51   0x00000003   PAD
    0x2400002c   0x08005e54   0x0000003c   Data   RW         5758    .data               tasks.o
    0x24000068   0x08005e90   0x00000020   Data   RW         6402    .data               heap_4.o
    0x24000088   0x08005eb0   0x0000000c   Data   RW         6470    .data               port.o
    0x24000094        -       0x00000254   Zero   RW          291    .bss                freertos.o
    0x240002e8        -       0x00000054   Zero   RW          351    .bss                i2c.o
    0x2400033c        -       0x00000098   Zero   RW          415    .bss                tim.o
    0x240003d4        -       0x00000128   Zero   RW          478    .bss                usart.o
    0x240004fc        -       0x0000004c   Zero   RW          631    .bss                stm32h7xx_hal_timebase_tim.o
    0x24000548        -       0x0000001e   Zero   RW         4729    .bss                zdtcontrol.o
    0x24000566        -       0x00000481   Zero   RW         4839    .bss                oled.o
    0x240009e7   0x08005ebc   0x00000001   PAD
    0x240009e8        -       0x000000f0   Zero   RW         5757    .bss                tasks.o
    0x24000ad8        -       0x00003c00   Zero   RW         6401    .bss                heap_4.o
    0x240046d8        -       0x00000060   Zero   RW         6633    .bss                c_w.l(libspace.o)
    0x24004738        -       0x00000200   Zero   RW            2    HEAP                startup_stm32h743xx.o
    0x24004938        -       0x00000400   Zero   RW            1    STACK               startup_stm32h743xx.o


==============================================================================

Image component sizes


      Code (inc. data)   RO Data    RW Data    ZI Data      Debug   Object Name

       122          0          0          0          0      23125   cmsis_os.o
         0          0          0          0          0      16820   event_groups.o
         0          0       1148          0          0       1933   font.o
       280         76         40         16        596       3771   freertos.o
       192          8          0          0          0        939   gpio.o
       476         24          0         32      15360       7303   heap_4.o
       224         26          0          0         84       1697   i2c.o
       138          0          0          0          0       3446   list.o
       452         26          0          0          0    1334047   main.o
        76         12          0          0          0        847   mygpio.o
        16          6          0          0          0        511   myuart.o
       786         30          0          4       1153       9261   oled.o
       706         74          0         12          0      10816   port.o
        72         30        664          0       1536        832   startup_stm32h743xx.o
       168         36          0         12          0      22533   stm32h7xx_hal.o
       316         28          0          0          0      40812   stm32h7xx_hal_cortex.o
       600         50          0          0          0       3422   stm32h7xx_hal_gpio.o
      1182         22          0          0          0       9465   stm32h7xx_hal_i2c.o
       172          0          0          0          0       1919   stm32h7xx_hal_i2c_ex.o
        36          4          0          0          0        794   stm32h7xx_hal_msp.o
        84          6          0          0          0        773   stm32h7xx_hal_pwr_ex.o
      2558        110          0          0          0       7637   stm32h7xx_hal_rcc.o
      3736        118          0          0          0       7665   stm32h7xx_hal_rcc_ex.o
      2538        242          0          0          0      17793   stm32h7xx_hal_tim.o
       170         30          0          0          0       3032   stm32h7xx_hal_tim_ex.o
       140         20          0          0         76       1431   stm32h7xx_hal_timebase_tim.o
      2168        128         24          0          0      28885   stm32h7xx_hal_uart.o
       284          6         16          0          0       3625   stm32h7xx_hal_uart_ex.o
        42          6          0          0          0       4468   stm32h7xx_it.o
       276         48         16          8          0       1821   system_stm32h7xx.o
      1694        124          0         60        240      20124   tasks.o
       468         38          0          0        152       3647   tim.o
       424         38          0          0        296       2499   usart.o
       120         40          0          1         30       2211   zdtcontrol.o

    ----------------------------------------------------------------------
     20738       1406       1940        148      19524    1599904   Object Totals
         0          0         32          0          0          0   (incl. Generated)
        22          0          0          3          1          0   (incl. Padding)

    ----------------------------------------------------------------------

      Code (inc. data)   RO Data    RW Data    ZI Data      Debug   Library Member Name

         8          0          0          0          0         68   __main.o
       104          0          0          0          0         84   __printf.o
         0          0          0          0          0          0   __rtentry.o
        12          0          0          0          0          0   __rtentry2.o
         6          0          0          0          0          0   __rtentry4.o
        52          8          0          0          0          0   __scatter.o
        26          0          0          0          0          0   __scatter_copy.o
        28          0          0          0          0          0   __scatter_zi.o
        48          6          0          0          0         96   _printf_char_common.o
         6          0          0          0          0          0   _printf_d.o
       120         16          0          0          0         92   _printf_dec.o
       178          0          0          0          0         88   _printf_intcommon.o
         0          0          0          0          0          0   _printf_percent.o
         4          0          0          0          0          0   _printf_percent_end.o
        10          0          0          0          0         68   _sputc.o
        18          0          0          0          0         80   exit.o
         6          0          0          0          0        152   heapauxi.o
         0          0          0          0          0          0   indicate_semi.o
         2          0          0          0          0          0   libinit.o
         6          0          0          0          0          0   libinit2.o
         2          0          0          0          0          0   libshutdown.o
         2          0          0          0          0          0   libshutdown2.o
         8          4          0          0         96         68   libspace.o
       238          0          0          0          0        100   lludivv7m.o
        40          6          0          0          0         84   noretval__2sprintf.o
        68          0          0          0          0         68   rt_memclr.o
        78          0          0          0          0         80   rt_memclr_w.o
       138          0          0          0          0         68   rt_memcpy_v6.o
       100          0          0          0          0         80   rt_memcpy_w.o
         2          0          0          0          0          0   rtexit.o
        10          0          0          0          0          0   rtexit2.o
        12          4          0          0          0         68   sys_exit.o
        74          0          0          0          0         80   sys_stackheap_outer.o
         2          0          0          0          0         68   use_no_semi.o
        10          0          0          0          0        116   fpinit.o

    ----------------------------------------------------------------------
      1426         44          0          0         96       1608   Library Totals
         8          0          0          0          0          0   (incl. Padding)

    ----------------------------------------------------------------------

      Code (inc. data)   RO Data    RW Data    ZI Data      Debug   Library Name

      1408         44          0          0         96       1492   c_w.l
        10          0          0          0          0        116   fz_wv.l

    ----------------------------------------------------------------------
      1426         44          0          0         96       1608   Library Totals

    ----------------------------------------------------------------------

==============================================================================


      Code (inc. data)   RO Data    RW Data    ZI Data      Debug   

     22164       1450       1940        148      19620    1584884   Grand Totals
     22164       1450       1940        148      19620    1584884   ELF Image Totals
     22164       1450       1940        148          0          0   ROM Totals

==============================================================================

    Total RO  Size (Code + RO Data)                24104 (  23.54kB)
    Total RW  Size (RW Data + ZI Data)             19768 (  19.30kB)
    Total ROM Size (Code + RO Data + RW Data)      24252 (  23.68kB)

==============================================================================

